Archive member included to satisfy reference by file (symbol)

C:/PROGRA~2/ARMGNU~1/14EFD8~1.2RE/bin/../lib/gcc/arm-none-eabi/14.2.1/thumb/v7e-m+dp/hard\libm.a(libm_a-wf_atan2.o)
                              CMakeFiles/Motor_Drive.dir/Core/Src/main.cpp.obj (atan2f)
C:/PROGRA~2/ARMGNU~1/14EFD8~1.2RE/bin/../lib/gcc/arm-none-eabi/14.2.1/thumb/v7e-m+dp/hard\libm.a(libm_a-wf_hypot.o)
                              CMakeFiles/Motor_Drive.dir/Core/Src/main.cpp.obj (hypotf)
C:/PROGRA~2/ARMGNU~1/14EFD8~1.2RE/bin/../lib/gcc/arm-none-eabi/14.2.1/thumb/v7e-m+dp/hard\libm.a(libm_a-sf_finite.o)
                              C:/PROGRA~2/ARMGNU~1/14EFD8~1.2RE/bin/../lib/gcc/arm-none-eabi/14.2.1/thumb/v7e-m+dp/hard\libm.a(libm_a-wf_hypot.o) (finitef)
C:/PROGRA~2/ARMGNU~1/14EFD8~1.2RE/bin/../lib/gcc/arm-none-eabi/14.2.1/thumb/v7e-m+dp/hard\libm.a(libm_a-sinf.o)
                              CMakeFiles/Motor_Drive.dir/Core/Src/main.cpp.obj (sinf)
C:/PROGRA~2/ARMGNU~1/14EFD8~1.2RE/bin/../lib/gcc/arm-none-eabi/14.2.1/thumb/v7e-m+dp/hard\libm.a(libm_a-cosf.o)
                              CMakeFiles/Motor_Drive.dir/Core/Src/main.cpp.obj (cosf)
C:/PROGRA~2/ARMGNU~1/14EFD8~1.2RE/bin/../lib/gcc/arm-none-eabi/14.2.1/thumb/v7e-m+dp/hard\libm.a(libm_a-sincosf_data.o)
                              C:/PROGRA~2/ARMGNU~1/14EFD8~1.2RE/bin/../lib/gcc/arm-none-eabi/14.2.1/thumb/v7e-m+dp/hard\libm.a(libm_a-sinf.o) (__inv_pio4)
C:/PROGRA~2/ARMGNU~1/14EFD8~1.2RE/bin/../lib/gcc/arm-none-eabi/14.2.1/thumb/v7e-m+dp/hard\libm.a(libm_a-math_errf.o)
                              C:/PROGRA~2/ARMGNU~1/14EFD8~1.2RE/bin/../lib/gcc/arm-none-eabi/14.2.1/thumb/v7e-m+dp/hard\libm.a(libm_a-sinf.o) (__math_invalidf)
C:/PROGRA~2/ARMGNU~1/14EFD8~1.2RE/bin/../lib/gcc/arm-none-eabi/14.2.1/thumb/v7e-m+dp/hard\libm.a(libm_a-ef_atan2.o)
                              C:/PROGRA~2/ARMGNU~1/14EFD8~1.2RE/bin/../lib/gcc/arm-none-eabi/14.2.1/thumb/v7e-m+dp/hard\libm.a(libm_a-wf_atan2.o) (__ieee754_atan2f)
C:/PROGRA~2/ARMGNU~1/14EFD8~1.2RE/bin/../lib/gcc/arm-none-eabi/14.2.1/thumb/v7e-m+dp/hard\libm.a(libm_a-ef_hypot.o)
                              C:/PROGRA~2/ARMGNU~1/14EFD8~1.2RE/bin/../lib/gcc/arm-none-eabi/14.2.1/thumb/v7e-m+dp/hard\libm.a(libm_a-wf_hypot.o) (__ieee754_hypotf)
C:/PROGRA~2/ARMGNU~1/14EFD8~1.2RE/bin/../lib/gcc/arm-none-eabi/14.2.1/thumb/v7e-m+dp/hard\libm.a(libm_a-sf_atan.o)
                              C:/PROGRA~2/ARMGNU~1/14EFD8~1.2RE/bin/../lib/gcc/arm-none-eabi/14.2.1/thumb/v7e-m+dp/hard\libm.a(libm_a-ef_atan2.o) (atanf)
C:/PROGRA~2/ARMGNU~1/14EFD8~1.2RE/bin/../lib/gcc/arm-none-eabi/14.2.1/thumb/v7e-m+dp/hard\libm.a(libm_a-sf_fabs.o)
                              C:/PROGRA~2/ARMGNU~1/14EFD8~1.2RE/bin/../lib/gcc/arm-none-eabi/14.2.1/thumb/v7e-m+dp/hard\libm.a(libm_a-ef_atan2.o) (fabsf)
C:/PROGRA~2/ARMGNU~1/14EFD8~1.2RE/bin/../lib/gcc/arm-none-eabi/14.2.1/thumb/v7e-m+dp/hard\libm.a(libm_a-ef_sqrt.o)
                              C:/PROGRA~2/ARMGNU~1/14EFD8~1.2RE/bin/../lib/gcc/arm-none-eabi/14.2.1/thumb/v7e-m+dp/hard\libm.a(libm_a-ef_hypot.o) (__ieee754_sqrtf)
C:/PROGRA~2/ARMGNU~1/14EFD8~1.2RE/bin/../lib/gcc/arm-none-eabi/14.2.1/thumb/v7e-m+dp/hard\libgcc.a(_arm_addsubdf3.o)
                              C:/PROGRA~2/ARMGNU~1/14EFD8~1.2RE/bin/../lib/gcc/arm-none-eabi/14.2.1/thumb/v7e-m+dp/hard\libm.a(libm_a-sinf.o) (__aeabi_l2d)
C:/PROGRA~2/ARMGNU~1/14EFD8~1.2RE/bin/../lib/gcc/arm-none-eabi/14.2.1/thumb/v7e-m+dp/hard\libgcc.a(_arm_addsubsf3.o)
                              CMakeFiles/Motor_Drive.dir/Core/Src/main.cpp.obj (__aeabi_ul2f)
C:/PROGRA~2/ARMGNU~1/14EFD8~1.2RE/bin/../lib/gcc/arm-none-eabi/14.2.1/thumb/v7e-m+dp/hard\libgcc.a(_aeabi_uldivmod.o)
                              CMakeFiles/Motor_Drive.dir/Core/Src/pwm3phase_timer.cpp.obj (__aeabi_uldivmod)
C:/PROGRA~2/ARMGNU~1/14EFD8~1.2RE/bin/../lib/gcc/arm-none-eabi/14.2.1/thumb/v7e-m+dp/hard\libgcc.a(_fixunssfdi.o)
                              CMakeFiles/Motor_Drive.dir/Core/Src/adc_sampler.cpp.obj (__aeabi_f2ulz)
C:/PROGRA~2/ARMGNU~1/14EFD8~1.2RE/bin/../lib/gcc/arm-none-eabi/14.2.1/thumb/v7e-m+dp/hard\libgcc.a(_udivmoddi4.o)
                              C:/PROGRA~2/ARMGNU~1/14EFD8~1.2RE/bin/../lib/gcc/arm-none-eabi/14.2.1/thumb/v7e-m+dp/hard\libgcc.a(_aeabi_uldivmod.o) (__udivmoddi4)
C:/PROGRA~2/ARMGNU~1/14EFD8~1.2RE/bin/../lib/gcc/arm-none-eabi/14.2.1/thumb/v7e-m+dp/hard\libgcc.a(_dvmd_tls.o)
                              C:/PROGRA~2/ARMGNU~1/14EFD8~1.2RE/bin/../lib/gcc/arm-none-eabi/14.2.1/thumb/v7e-m+dp/hard\libgcc.a(_aeabi_uldivmod.o) (__aeabi_ldiv0)
C:/PROGRA~2/ARMGNU~1/14EFD8~1.2RE/bin/../lib/gcc/arm-none-eabi/14.2.1/thumb/v7e-m+dp/hard\libg_nano.a(libc_a-atof.o)
                              CMakeFiles/Motor_Drive.dir/Core/Src/main.cpp.obj (atof)
C:/PROGRA~2/ARMGNU~1/14EFD8~1.2RE/bin/../lib/gcc/arm-none-eabi/14.2.1/thumb/v7e-m+dp/hard\libg_nano.a(libc_a-atoi.o)
                              CMakeFiles/Motor_Drive.dir/Core/Src/main.cpp.obj (atoi)
[...]
Memory Configuration

Name             Origin             Length             Attributes
DTCMRAM          0x20000000         0x00020000         xrw
RAM_D1           0x24000000         0x00050000         xrw
RAM_D2           0x30000000         0x00008000         xrw
RAM_D3           0x38000000         0x00004000         xrw
ITCMRAM          0x00000000         0x00010000         xrw
FLASH            0x08000000         0x00100000         xr
*default*        0x00000000         0xffffffff

Linker script and memory map

LOAD C:/PROGRA~2/ARMGNU~1/14EFD8~1.2RE/bin/../lib/gcc/arm-none-eabi/14.2.1/thumb/v7e-m+dp/hard/crtfastmath.o
LOAD C:/PROGRA~2/ARMGNU~1/14EFD8~1.2RE/bin/../lib/gcc/arm-none-eabi/14.2.1/thumb/v7e-m+dp/hard/crti.o
LOAD C:/PROGRA~2/ARMGNU~1/14EFD8~1.2RE/bin/../lib/gcc/arm-none-eabi/14.2.1/thumb/v7e-m+dp/hard/crtbegin.o
LOAD C:/PROGRA~2/ARMGNU~1/14EFD8~1.2RE/bin/../lib/gcc/arm-none-eabi/14.2.1/thumb/v7e-m+dp/hard/crt0.o
LOAD CMakeFiles/Motor_Drive.dir/USB_DEVICE/Target/usbd_conf.c.obj
LOAD CMakeFiles/Motor_Drive.dir/USB_DEVICE/App/usb_device.c.obj
LOAD CMakeFiles/Motor_Drive.dir/USB_DEVICE/App/usbd_desc.c.obj
LOAD CMakeFiles/Motor_Drive.dir/USB_DEVICE/App/usbd_cdc_if.c.obj
LOAD CMakeFiles/Motor_Drive.dir/Core/Src/main.c.obj
LOAD CMakeFiles/Motor_Drive.dir/Core/Src/gpio.c.obj
LOAD CMakeFiles/Motor_Drive.dir/Core/Src/adc.c.obj
LOAD CMakeFiles/Motor_Drive.dir/Core/Src/dma.c.obj
LOAD CMakeFiles/Motor_Drive.dir/Core/Src/tim.c.obj
LOAD CMakeFiles/Motor_Drive.dir/Core/Src/stm32h7xx_it.c.obj
LOAD CMakeFiles/Motor_Drive.dir/Core/Src/stm32h7xx_hal_msp.c.obj
LOAD CMakeFiles/Motor_Drive.dir/Core/Src/sysmem.c.obj
LOAD CMakeFiles/Motor_Drive.dir/Core/Src/syscalls.c.obj
LOAD CMakeFiles/Motor_Drive.dir/startup_stm32h725xx.s.obj
LOAD CMakeFiles/Motor_Drive.dir/Core/Src/main.cpp.obj
LOAD CMakeFiles/Motor_Drive.dir/Core/Src/pwm3phase_timer.cpp.obj
LOAD CMakeFiles/Motor_Drive.dir/Core/Src/digitalio.cpp.obj
LOAD CMakeFiles/Motor_Drive.dir/Core/Src/encoder.cpp.obj
LOAD CMakeFiles/Motor_Drive.dir/Core/Src/hallsensor.cpp.obj
LOAD CMakeFiles/Motor_Drive.dir/Core/Src/modulation.cpp.obj
LOAD CMakeFiles/Motor_Drive.dir/Core/Src/ustimer.cpp.obj
LOAD CMakeFiles/Motor_Drive.dir/Core/Src/adc_sampler.cpp.obj
LOAD CMakeFiles/Motor_Drive.dir/Core/Src/timer.cpp.obj
LOAD CMakeFiles/Motor_Drive.dir/Core/Src/foc.cpp.obj
LOAD CMakeFiles/Motor_Drive.dir/Core/Src/cmd.cpp.obj
LOAD CMakeFiles/Motor_Drive.dir/Core/Src/math_helpers.cpp.obj
LOAD cmake/stm32cubemx/CMakeFiles/STM32_Drivers.dir/__/__/Core/Src/system_stm32h7xx.c.obj
LOAD cmake/stm32cubemx/CMakeFiles/STM32_Drivers.dir/__/__/Drivers/STM32H7xx_HAL_Driver/Src/stm32h7xx_hal_pcd.c.obj
LOAD cmake/stm32cubemx/CMakeFiles/STM32_Drivers.dir/__/__/Drivers/STM32H7xx_HAL_Driver/Src/stm32h7xx_hal_pcd_ex.c.obj
LOAD cmake/stm32cubemx/CMakeFiles/STM32_Drivers.dir/__/__/Drivers/STM32H7xx_HAL_Driver/Src/stm32h7xx_ll_usb.c.obj
LOAD cmake/stm32cubemx/CMakeFiles/STM32_Drivers.dir/__/__/Drivers/STM32H7xx_HAL_Driver/Src/stm32h7xx_hal_rcc.c.obj
LOAD cmake/stm32cubemx/CMakeFiles/STM32_Drivers.dir/__/__/Drivers/STM32H7xx_HAL_Driver/Src/stm32h7xx_hal_rcc_ex.c.obj
LOAD cmake/stm32cubemx/CMakeFiles/STM32_Drivers.dir/__/__/Drivers/STM32H7xx_HAL_Driver/Src/stm32h7xx_hal_flash.c.obj
LOAD cmake/stm32cubemx/CMakeFiles/STM32_Drivers.dir/__/__/Drivers/STM32H7xx_HAL_Driver/Src/stm32h7xx_hal_flash_ex.c.obj
LOAD cmake/stm32cubemx/CMakeFiles/STM32_Drivers.dir/__/__/Drivers/STM32H7xx_HAL_Driver/Src/stm32h7xx_hal_gpio.c.obj
LOAD cmake/stm32cubemx/CMakeFiles/STM32_Drivers.dir/__/__/Drivers/STM32H7xx_HAL_Driver/Src/stm32h7xx_hal_hsem.c.obj
LOAD cmake/stm32cubemx/CMakeFiles/STM32_Drivers.dir/__/__/Drivers/STM32H7xx_HAL_Driver/Src/stm32h7xx_hal_dma.c.obj
LOAD cmake/stm32cubemx/CMakeFiles/STM32_Drivers.dir/__/__/Drivers/STM32H7xx_HAL_Driver/Src/stm32h7xx_hal_dma_ex.c.obj
LOAD cmake/stm32cubemx/CMakeFiles/STM32_Drivers.dir/__/__/Drivers/STM32H7xx_HAL_Driver/Src/stm32h7xx_hal_mdma.c.obj
LOAD cmake/stm32cubemx/CMakeFiles/STM32_Drivers.dir/__/__/Drivers/STM32H7xx_HAL_Driver/Src/stm32h7xx_hal_pwr.c.obj
LOAD cmake/stm32cubemx/CMakeFiles/STM32_Drivers.dir/__/__/Drivers/STM32H7xx_HAL_Driver/Src/stm32h7xx_hal_pwr_ex.c.obj
LOAD cmake/stm32cubemx/CMakeFiles/STM32_Drivers.dir/__/__/Drivers/STM32H7xx_HAL_Driver/Src/stm32h7xx_hal_cortex.c.obj
LOAD cmake/stm32cubemx/CMakeFiles/STM32_Drivers.dir/__/__/Drivers/STM32H7xx_HAL_Driver/Src/stm32h7xx_hal.c.obj
LOAD cmake/stm32cubemx/CMakeFiles/STM32_Drivers.dir/__/__/Drivers/STM32H7xx_HAL_Driver/Src/stm32h7xx_hal_i2c.c.obj
LOAD cmake/stm32cubemx/CMakeFiles/STM32_Drivers.dir/__/__/Drivers/STM32H7xx_HAL_Driver/Src/stm32h7xx_hal_i2c_ex.c.obj
LOAD cmake/stm32cubemx/CMakeFiles/STM32_Drivers.dir/__/__/Drivers/STM32H7xx_HAL_Driver/Src/stm32h7xx_hal_exti.c.obj
LOAD cmake/stm32cubemx/CMakeFiles/STM32_Drivers.dir/__/__/Drivers/STM32H7xx_HAL_Driver/Src/stm32h7xx_hal_adc.c.obj
LOAD cmake/stm32cubemx/CMakeFiles/STM32_Drivers.dir/__/__/Drivers/STM32H7xx_HAL_Driver/Src/stm32h7xx_hal_adc_ex.c.obj
LOAD cmake/stm32cubemx/CMakeFiles/STM32_Drivers.dir/__/__/Drivers/STM32H7xx_HAL_Driver/Src/stm32h7xx_hal_tim.c.obj
LOAD cmake/stm32cubemx/CMakeFiles/STM32_Drivers.dir/__/__/Drivers/STM32H7xx_HAL_Driver/Src/stm32h7xx_hal_tim_ex.c.obj
LOAD cmake/stm32cubemx/CMakeFiles/USB_Device_Library.dir/__/__/Middlewares/ST/STM32_USB_Device_Library/Core/Src/usbd_core.c.obj
LOAD cmake/stm32cubemx/CMakeFiles/USB_Device_Library.dir/__/__/Middlewares/ST/STM32_USB_Device_Library/Core/Src/usbd_ctlreq.c.obj
LOAD cmake/stm32cubemx/CMakeFiles/USB_Device_Library.dir/__/__/Middlewares/ST/STM32_USB_Device_Library/Core/Src/usbd_ioreq.c.obj
LOAD cmake/stm32cubemx/CMakeFiles/USB_Device_Library.dir/__/__/Middlewares/ST/STM32_USB_Device_Library/Class/CDC/Src/usbd_cdc.c.obj
LOAD C:/PROGRA~2/ARMGNU~1/14EFD8~1.2RE/bin/../lib/gcc/arm-none-eabi/14.2.1/thumb/v7e-m+dp/hard\libstdc++_nano.a
LOAD C:/PROGRA~2/ARMGNU~1/14EFD8~1.2RE/bin/../lib/gcc/arm-none-eabi/14.2.1/thumb/v7e-m+dp/hard\libm.a
START GROUP
LOAD C:/PROGRA~2/ARMGNU~1/14EFD8~1.2RE/bin/../lib/gcc/arm-none-eabi/14.2.1/thumb/v7e-m+dp/hard\libgcc.a
LOAD C:/PROGRA~2/ARMGNU~1/14EFD8~1.2RE/bin/../lib/gcc/arm-none-eabi/14.2.1/thumb/v7e-m+dp/hard\libg_nano.a
LOAD C:/PROGRA~2/ARMGNU~1/14EFD8~1.2RE/bin/../lib/gcc/arm-none-eabi/14.2.1/thumb/v7e-m+dp/hard\libc_nano.a
END GROUP
START GROUP
LOAD C:/PROGRA~2/ARMGNU~1/14EFD8~1.2RE/bin/../lib/gcc/arm-none-eabi/14.2.1/thumb/v7e-m+dp/hard\libgcc.a
LOAD C:/PROGRA~2/ARMGNU~1/14EFD8~1.2RE/bin/../lib/gcc/arm-none-eabi/14.2.1/thumb/v7e-m+dp/hard\libc_nano.a
END GROUP
LOAD C:/PROGRA~2/ARMGNU~1/14EFD8~1.2RE/bin/../lib/gcc/arm-none-eabi/14.2.1/thumb/v7e-m+dp/hard/crtend.o
LOAD C:/PROGRA~2/ARMGNU~1/14EFD8~1.2RE/bin/../lib/gcc/arm-none-eabi/14.2.1/thumb/v7e-m+dp/hard/crtn.o
                0x20020000                        _estack = (ORIGIN (DTCMRAM) + LENGTH (DTCMRAM))
                0x00000200                        _Min_Heap_Size = 0x200
                0x00000400                        _Min_Stack_Size = 0x400

.isr_vector     0x08000000      0x2cc
                0x08000000                        . = ALIGN (0x4)
 *(.isr_vector)
 .isr_vector    0x08000000      0x2cc CMakeFiles/Motor_Drive.dir/startup_stm32h725xx.s.obj
                0x08000000                g_pfnVectors
                0x080002cc                        . = ALIGN (0x4)

.text           0x080002d0    0x192e8
                0x080002d0                        . = ALIGN (0x4)
 *(.text)
 .text          0x080002d0      0x378 C:/PROGRA~2/ARMGNU~1/14EFD8~1.2RE/bin/../lib/gcc/arm-none-eabi/14.2.1/thumb/v7e-m+dp/hard\libgcc.a(_arm_addsubdf3.o)
                0x080002d0                __aeabi_drsub
                0x080002d8                __aeabi_dsub
                0x080002d8                __subdf3
                0x080002dc                __aeabi_dadd
                0x080002dc                __adddf3
                0x08000554                __floatunsidf
                0x08000554                __aeabi_ui2d
                0x08000574                __floatsidf
                0x08000574                __aeabi_i2d
                0x08000598                __aeabi_f2d
                0x08000598                __extendsfdf2
                0x080005dc                __floatundidf
                0x080005dc                __aeabi_ul2d
                0x080005ec                __floatdidf
                0x080005ec                __aeabi_l2d
 .text          0x08000648      0x21c C:/PROGRA~2/ARMGNU~1/14EFD8~1.2RE/bin/../lib/gcc/arm-none-eabi/14.2.1/thumb/v7e-m+dp/hard\libgcc.a(_arm_addsubsf3.o)
                0x08000648                __aeabi_frsub
                0x08000650                __subsf3
                0x08000650                __aeabi_fsub
                0x08000654                __aeabi_fadd
                0x08000654                __addsf3
                0x080007b4                __aeabi_ui2f
                0x080007b4                __floatunsisf
                0x080007bc                __aeabi_i2f
                0x080007bc                __floatsisf
                0x080007d8                __aeabi_ul2f
                0x080007d8                __floatundisf
                0x080007e8                __aeabi_l2f
                0x080007e8                __floatdisf
 .text          0x08000864       0x30 C:/PROGRA~2/ARMGNU~1/14EFD8~1.2RE/bin/../lib/gcc/arm-none-eabi/14.2.1/thumb/v7e-m+dp/hard\libgcc.a(_aeabi_uldivmod.o)
                0x08000864                __aeabi_uldivmod
 .text          0x08000894        0x4 C:/PROGRA~2/ARMGNU~1/14EFD8~1.2RE/bin/../lib/gcc/arm-none-eabi/14.2.1/thumb/v7e-m+dp/hard\libgcc.a(_dvmd_tls.o)
                0x08000894                __aeabi_idiv0
                0x08000894                __aeabi_ldiv0
 .text          0x08000898       0x14 C:/PROGRA~2/ARMGNU~1/14EFD8~1.2RE/bin/../lib/gcc/arm-none-eabi/14.2.1/thumb/v7e-m+dp/hard\libg_nano.a(libc_a-strcmp.o)
                0x08000898                strcmp
 *fill*         0x080008ac        0x4 
 .text          0x080008b0       0xa0 C:/PROGRA~2/ARMGNU~1/14EFD8~1.2RE/bin/../lib/gcc/arm-none-eabi/14.2.1/thumb/v7e-m+dp/hard\libg_nano.a(libc_a-memchr.o)
                0x080008b0                memchr
 .text          0x08000950       0x10 C:/PROGRA~2/ARMGNU~1/14EFD8~1.2RE/bin/../lib/gcc/arm-none-eabi/14.2.1/thumb/v7e-m+dp/hard\libg_nano.a(libc_a-strlen.o)
                0x08000950                strlen
 *(.text*)
 .text.startup.__arm_set_fast_math
                0x08000960       0x10 C:/PROGRA~2/ARMGNU~1/14EFD8~1.2RE/bin/../lib/gcc/arm-none-eabi/14.2.1/thumb/v7e-m+dp/hard/crtfastmath.o
 .text.deregister_tm_clones
                0x08000970       0x1c C:/PROGRA~2/ARMGNU~1/14EFD8~1.2RE/bin/../lib/gcc/arm-none-eabi/14.2.1/thumb/v7e-m+dp/hard/crtbegin.o
 .text.register_tm_clones
                0x0800098c       0x24 C:/PROGRA~2/ARMGNU~1/14EFD8~1.2RE/bin/../lib/gcc/arm-none-eabi/14.2.1/thumb/v7e-m+dp/hard/crtbegin.o
 .text.__do_global_dtors_aux
                0x080009b0       0x28 C:/PROGRA~2/ARMGNU~1/14EFD8~1.2RE/bin/../lib/gcc/arm-none-eabi/14.2.1/thumb/v7e-m+dp/hard/crtbegin.o
 .text.frame_dummy
                0x080009d8       0x24 C:/PROGRA~2/ARMGNU~1/14EFD8~1.2RE/bin/../lib/gcc/arm-none-eabi/14.2.1/thumb/v7e-m+dp/hard/crtbegin.o
 .text.HAL_PCD_MspInit
                0x080009fc       0x4c CMakeFiles/Motor_Drive.dir/USB_DEVICE/Target/usbd_conf.c.obj
                0x080009fc                HAL_PCD_MspInit
 .text.HAL_PCD_SetupStageCallback
                0x08000a48        0xc CMakeFiles/Motor_Drive.dir/USB_DEVICE/Target/usbd_conf.c.obj
                0x08000a48                HAL_PCD_SetupStageCallback
 .text.HAL_PCD_DataOutStageCallback
                0x08000a54       0x14 CMakeFiles/Motor_Drive.dir/USB_DEVICE/Target/usbd_conf.c.obj
                0x08000a54                HAL_PCD_DataOutStageCallback
 .text.HAL_PCD_DataInStageCallback
                0x08000a68       0x14 CMakeFiles/Motor_Drive.dir/USB_DEVICE/Target/usbd_conf.c.obj
                0x08000a68                HAL_PCD_DataInStageCallback
 .text.HAL_PCD_SOFCallback
                0x08000a7c        0x8 CMakeFiles/Motor_Drive.dir/USB_DEVICE/Target/usbd_conf.c.obj
                0x08000a7c                HAL_PCD_SOFCallback
 .text.HAL_PCD_ResetCallback
                0x08000a84       0x2c CMakeFiles/Motor_Drive.dir/USB_DEVICE/Target/usbd_conf.c.obj
                0x08000a84                HAL_PCD_ResetCallback
 .text.HAL_PCD_SuspendCallback
                0x08000ab0       0x30 CMakeFiles/Motor_Drive.dir/USB_DEVICE/Target/usbd_conf.c.obj
                0x08000ab0                HAL_PCD_SuspendCallback
 .text.HAL_PCD_ResumeCallback
                0x08000ae0        0x8 CMakeFiles/Motor_Drive.dir/USB_DEVICE/Target/usbd_conf.c.obj
                0x08000ae0                HAL_PCD_ResumeCallback
 .text.HAL_PCD_ISOOUTIncompleteCallback
                0x08000ae8        0x8 CMakeFiles/Motor_Drive.dir/USB_DEVICE/Target/usbd_conf.c.obj
                0x08000ae8                HAL_PCD_ISOOUTIncompleteCallback
 .text.HAL_PCD_ISOINIncompleteCallback
                0x08000af0        0x8 CMakeFiles/Motor_Drive.dir/USB_DEVICE/Target/usbd_conf.c.obj
                0x08000af0                HAL_PCD_ISOINIncompleteCallback
 .text.HAL_PCD_ConnectCallback
                0x08000af8        0x8 CMakeFiles/Motor_Drive.dir/USB_DEVICE/Target/usbd_conf.c.obj
                0x08000af8                HAL_PCD_ConnectCallback
 .text.HAL_PCD_DisconnectCallback
                0x08000b00        0x8 CMakeFiles/Motor_Drive.dir/USB_DEVICE/Target/usbd_conf.c.obj
                0x08000b00                HAL_PCD_DisconnectCallback
 .text.USBD_LL_Init
                0x08000b08       0x70 CMakeFiles/Motor_Drive.dir/USB_DEVICE/Target/usbd_conf.c.obj
                0x08000b08                USBD_LL_Init
 .text.USBD_LL_Start
                0x08000b78       0x18 CMakeFiles/Motor_Drive.dir/USB_DEVICE/Target/usbd_conf.c.obj
                0x08000b78                USBD_LL_Start
 .text.USBD_LL_OpenEP
                0x08000b90       0x1c CMakeFiles/Motor_Drive.dir/USB_DEVICE/Target/usbd_conf.c.obj
                0x08000b90                USBD_LL_OpenEP
 .text.USBD_LL_CloseEP
                0x08000bac       0x18 CMakeFiles/Motor_Drive.dir/USB_DEVICE/Target/usbd_conf.c.obj
                0x08000bac                USBD_LL_CloseEP
 .text.USBD_LL_StallEP
                0x08000bc4       0x18 CMakeFiles/Motor_Drive.dir/USB_DEVICE/Target/usbd_conf.c.obj
                0x08000bc4                USBD_LL_StallEP
 .text.USBD_LL_ClearStallEP
                0x08000bdc       0x18 CMakeFiles/Motor_Drive.dir/USB_DEVICE/Target/usbd_conf.c.obj
                0x08000bdc                USBD_LL_ClearStallEP
 .text.USBD_LL_IsStallEP
                0x08000bf4       0x28 CMakeFiles/Motor_Drive.dir/USB_DEVICE/Target/usbd_conf.c.obj
                0x08000bf4                USBD_LL_IsStallEP
 .text.USBD_LL_SetUSBAddress
                0x08000c1c       0x18 CMakeFiles/Motor_Drive.dir/USB_DEVICE/Target/usbd_conf.c.obj
                0x08000c1c                USBD_LL_SetUSBAddress
 .text.USBD_LL_Transmit
                0x08000c34       0x18 CMakeFiles/Motor_Drive.dir/USB_DEVICE/Target/usbd_conf.c.obj
                0x08000c34                USBD_LL_Transmit
 .text.USBD_LL_PrepareReceive
                0x08000c4c       0x18 CMakeFiles/Motor_Drive.dir/USB_DEVICE/Target/usbd_conf.c.obj
                0x08000c4c                USBD_LL_PrepareReceive
 .text.USBD_LL_GetRxDataSize
                0x08000c64        0x8 CMakeFiles/Motor_Drive.dir/USB_DEVICE/Target/usbd_conf.c.obj
                0x08000c64                USBD_LL_GetRxDataSize
 .text.USBD_static_malloc
                0x08000c6c        0x8 CMakeFiles/Motor_Drive.dir/USB_DEVICE/Target/usbd_conf.c.obj
                0x08000c6c                USBD_static_malloc
 .text.USBD_static_free
                0x08000c74        0x4 CMakeFiles/Motor_Drive.dir/USB_DEVICE/Target/usbd_conf.c.obj
                0x08000c74                USBD_static_free
 .text.MX_USB_DEVICE_Init
                0x08000c78       0x7c CMakeFiles/Motor_Drive.dir/USB_DEVICE/App/usb_device.c.obj
                0x08000c78                MX_USB_DEVICE_Init
 .text.USBD_HS_DeviceDescriptor
                0x08000cf4        0xc CMakeFiles/Motor_Drive.dir/USB_DEVICE/App/usbd_desc.c.obj
                0x08000cf4                USBD_HS_DeviceDescriptor
 .text.USBD_HS_LangIDStrDescriptor
                0x08000d00        0xc CMakeFiles/Motor_Drive.dir/USB_DEVICE/App/usbd_desc.c.obj
                0x08000d00                USBD_HS_LangIDStrDescriptor
 .text.USBD_HS_ManufacturerStrDescriptor
                0x08000d0c       0x18 CMakeFiles/Motor_Drive.dir/USB_DEVICE/App/usbd_desc.c.obj
                0x08000d0c                USBD_HS_ManufacturerStrDescriptor
 .text.USBD_HS_ProductStrDescriptor
                0x08000d24       0x18 CMakeFiles/Motor_Drive.dir/USB_DEVICE/App/usbd_desc.c.obj
                0x08000d24                USBD_HS_ProductStrDescriptor
 .text.USBD_HS_ConfigStrDescriptor
                0x08000d3c       0x18 CMakeFiles/Motor_Drive.dir/USB_DEVICE/App/usbd_desc.c.obj
                0x08000d3c                USBD_HS_ConfigStrDescriptor
 .text.USBD_HS_InterfaceStrDescriptor
                0x08000d54       0x18 CMakeFiles/Motor_Drive.dir/USB_DEVICE/App/usbd_desc.c.obj
                0x08000d54                USBD_HS_InterfaceStrDescriptor
 .text.USBD_HS_SerialStrDescriptor
                0x08000d6c      0x154 CMakeFiles/Motor_Drive.dir/USB_DEVICE/App/usbd_desc.c.obj
                0x08000d6c                USBD_HS_SerialStrDescriptor
 .text.CDC_DeInit_HS
                0x08000ec0        0x4 CMakeFiles/Motor_Drive.dir/USB_DEVICE/App/usbd_cdc_if.c.obj
 .text.CDC_Control_HS
                0x08000ec4        0x4 CMakeFiles/Motor_Drive.dir/USB_DEVICE/App/usbd_cdc_if.c.obj
 .text.CDC_TransmitCplt_HS
                0x08000ec8        0xc CMakeFiles/Motor_Drive.dir/USB_DEVICE/App/usbd_cdc_if.c.obj
 .text.CDC_Receive_HS
                0x08000ed4       0x20 CMakeFiles/Motor_Drive.dir/USB_DEVICE/App/usbd_cdc_if.c.obj
 .text.CDC_Init_HS
                0x08000ef4       0x24 CMakeFiles/Motor_Drive.dir/USB_DEVICE/App/usbd_cdc_if.c.obj
 .text.CDC_Transmit_HS
                0x08000f18       0x2c CMakeFiles/Motor_Drive.dir/USB_DEVICE/App/usbd_cdc_if.c.obj
                0x08000f18                CDC_Transmit_HS
 .text.SystemClock_Config
                0x08000f44       0xac CMakeFiles/Motor_Drive.dir/Core/Src/main.c.obj
                0x08000f44                SystemClock_Config
 .text.PeriphCommonClock_Config
                0x08000ff0       0x60 CMakeFiles/Motor_Drive.dir/Core/Src/main.c.obj
                0x08000ff0                PeriphCommonClock_Config
 .text.Error_Handler
                0x08001050        0x4 CMakeFiles/Motor_Drive.dir/Core/Src/main.c.obj
                0x08001050                Error_Handler
 .text.MX_GPIO_Init
                0x08001054      0x1a0 CMakeFiles/Motor_Drive.dir/Core/Src/gpio.c.obj
                0x08001054                MX_GPIO_Init
 .text.MX_ADC1_Init
                0x080011f4       0xfc CMakeFiles/Motor_Drive.dir/Core/Src/adc.c.obj
                0x080011f4                MX_ADC1_Init
 .text.MX_ADC2_Init
                0x080012f0       0xc0 CMakeFiles/Motor_Drive.dir/Core/Src/adc.c.obj
                0x080012f0                MX_ADC2_Init
 .text.MX_ADC3_Init
                0x080013b0       0xc0 CMakeFiles/Motor_Drive.dir/Core/Src/adc.c.obj
                0x080013b0                MX_ADC3_Init
 .text.HAL_ADC_MspInit
                0x08001470      0x234 CMakeFiles/Motor_Drive.dir/Core/Src/adc.c.obj
                0x08001470                HAL_ADC_MspInit
 .text.MX_DMA_Init
                0x080016a4       0x58 CMakeFiles/Motor_Drive.dir/Core/Src/dma.c.obj
                0x080016a4                MX_DMA_Init
 *fill*         0x080016fc        0x4 
 .text.MX_TIM1_Init
                0x08001700       0x88 CMakeFiles/Motor_Drive.dir/Core/Src/tim.c.obj
                0x08001700                MX_TIM1_Init
 .text.MX_TIM2_Init
                0x08001788       0x74 CMakeFiles/Motor_Drive.dir/Core/Src/tim.c.obj
                0x08001788                MX_TIM2_Init
 .text.MX_TIM3_Init
                0x080017fc       0x74 CMakeFiles/Motor_Drive.dir/Core/Src/tim.c.obj
                0x080017fc                MX_TIM3_Init
 .text.MX_TIM4_Init
                0x08001870       0x70 CMakeFiles/Motor_Drive.dir/Core/Src/tim.c.obj
                0x08001870                MX_TIM4_Init
 .text.MX_TIM5_Init
                0x080018e0       0x74 CMakeFiles/Motor_Drive.dir/Core/Src/tim.c.obj
                0x080018e0                MX_TIM5_Init
 .text.MX_TIM6_Init
                0x08001954       0x54 CMakeFiles/Motor_Drive.dir/Core/Src/tim.c.obj
                0x08001954                MX_TIM6_Init
 .text.MX_TIM12_Init
                0x080019a8       0x78 CMakeFiles/Motor_Drive.dir/Core/Src/tim.c.obj
                0x080019a8                MX_TIM12_Init
 .text.MX_TIM15_Init
                0x08001a20       0xec CMakeFiles/Motor_Drive.dir/Core/Src/tim.c.obj
                0x08001a20                MX_TIM15_Init
 .text.MX_TIM16_Init
                0x08001b0c       0x38 CMakeFiles/Motor_Drive.dir/Core/Src/tim.c.obj
                0x08001b0c                MX_TIM16_Init
 .text.HAL_TIM_Base_MspInit
                0x08001b44      0x218 CMakeFiles/Motor_Drive.dir/Core/Src/tim.c.obj
                0x08001b44                HAL_TIM_Base_MspInit
 *fill*         0x08001d5c        0x4 
 .text.HAL_TIM_Encoder_MspInit
                0x08001d60       0x8c CMakeFiles/Motor_Drive.dir/Core/Src/tim.c.obj
                0x08001d60                HAL_TIM_Encoder_MspInit
 .text.HAL_TIM_MspPostInit
                0x08001dec       0xc4 CMakeFiles/Motor_Drive.dir/Core/Src/tim.c.obj
                0x08001dec                HAL_TIM_MspPostInit
 .text.MX_TIM8_Init
                0x08001eb0      0x148 CMakeFiles/Motor_Drive.dir/Core/Src/tim.c.obj
                0x08001eb0                MX_TIM8_Init
 .text.NMI_Handler
                0x08001ff8        0x4 CMakeFiles/Motor_Drive.dir/Core/Src/stm32h7xx_it.c.obj
                0x08001ff8                NMI_Handler
 .text.HardFault_Handler
                0x08001ffc        0x4 CMakeFiles/Motor_Drive.dir/Core/Src/stm32h7xx_it.c.obj
                0x08001ffc                HardFault_Handler
 .text.MemManage_Handler
                0x08002000        0x4 CMakeFiles/Motor_Drive.dir/Core/Src/stm32h7xx_it.c.obj
                0x08002000                MemManage_Handler
 .text.BusFault_Handler
                0x08002004        0x4 CMakeFiles/Motor_Drive.dir/Core/Src/stm32h7xx_it.c.obj
                0x08002004                BusFault_Handler
 .text.UsageFault_Handler
                0x08002008        0x4 CMakeFiles/Motor_Drive.dir/Core/Src/stm32h7xx_it.c.obj
                0x08002008                UsageFault_Handler
 .text.SVC_Handler
                0x0800200c        0x4 CMakeFiles/Motor_Drive.dir/Core/Src/stm32h7xx_it.c.obj
                0x0800200c                SVC_Handler
 .text.DebugMon_Handler
                0x08002010        0x4 CMakeFiles/Motor_Drive.dir/Core/Src/stm32h7xx_it.c.obj
                0x08002010                DebugMon_Handler
 .text.PendSV_Handler
                0x08002014        0x4 CMakeFiles/Motor_Drive.dir/Core/Src/stm32h7xx_it.c.obj
                0x08002014                PendSV_Handler
 .text.SysTick_Handler
                0x08002018        0x4 CMakeFiles/Motor_Drive.dir/Core/Src/stm32h7xx_it.c.obj
                0x08002018                SysTick_Handler
 .text.EXTI4_IRQHandler
                0x0800201c        0x8 CMakeFiles/Motor_Drive.dir/Core/Src/stm32h7xx_it.c.obj
                0x0800201c                EXTI4_IRQHandler
 .text.DMA1_Stream0_IRQHandler
                0x08002024        0xc CMakeFiles/Motor_Drive.dir/Core/Src/stm32h7xx_it.c.obj
                0x08002024                DMA1_Stream0_IRQHandler
 .text.DMA1_Stream1_IRQHandler
                0x08002030        0xc CMakeFiles/Motor_Drive.dir/Core/Src/stm32h7xx_it.c.obj
                0x08002030                DMA1_Stream1_IRQHandler
 .text.DMA1_Stream2_IRQHandler
                0x0800203c        0xc CMakeFiles/Motor_Drive.dir/Core/Src/stm32h7xx_it.c.obj
                0x0800203c                DMA1_Stream2_IRQHandler
 .text.EXTI9_5_IRQHandler
                0x08002048       0x1c CMakeFiles/Motor_Drive.dir/Core/Src/stm32h7xx_it.c.obj
                0x08002048                EXTI9_5_IRQHandler
 .text.TIM2_IRQHandler
                0x08002064        0xc CMakeFiles/Motor_Drive.dir/Core/Src/stm32h7xx_it.c.obj
                0x08002064                TIM2_IRQHandler
 .text.TIM3_IRQHandler
                0x08002070        0xc CMakeFiles/Motor_Drive.dir/Core/Src/stm32h7xx_it.c.obj
                0x08002070                TIM3_IRQHandler
 .text.TIM4_IRQHandler
                0x0800207c        0xc CMakeFiles/Motor_Drive.dir/Core/Src/stm32h7xx_it.c.obj
                0x0800207c                TIM4_IRQHandler
 .text.TIM8_UP_TIM13_IRQHandler
                0x08002088        0xc CMakeFiles/Motor_Drive.dir/Core/Src/stm32h7xx_it.c.obj
                0x08002088                TIM8_UP_TIM13_IRQHandler
 .text.TIM8_TRG_COM_TIM14_IRQHandler
                0x08002094        0xc CMakeFiles/Motor_Drive.dir/Core/Src/stm32h7xx_it.c.obj
                0x08002094                TIM8_TRG_COM_TIM14_IRQHandler
 .text.TIM6_DAC_IRQHandler
                0x080020a0        0xc CMakeFiles/Motor_Drive.dir/Core/Src/stm32h7xx_it.c.obj
                0x080020a0                TIM6_DAC_IRQHandler
 .text.OTG_HS_IRQHandler
                0x080020ac        0xc CMakeFiles/Motor_Drive.dir/Core/Src/stm32h7xx_it.c.obj
                0x080020ac                OTG_HS_IRQHandler
 .text.TIM15_IRQHandler
                0x080020b8        0xc CMakeFiles/Motor_Drive.dir/Core/Src/stm32h7xx_it.c.obj
                0x080020b8                TIM15_IRQHandler
 .text.TIM16_IRQHandler
                0x080020c4        0xc CMakeFiles/Motor_Drive.dir/Core/Src/stm32h7xx_it.c.obj
                0x080020c4                TIM16_IRQHandler
 .text.HAL_MspInit
                0x080020d0       0x28 CMakeFiles/Motor_Drive.dir/Core/Src/stm32h7xx_hal_msp.c.obj
                0x080020d0                HAL_MspInit
 .text._sbrk    0x080020f8       0x48 CMakeFiles/Motor_Drive.dir/Core/Src/sysmem.c.obj
                0x080020f8                _sbrk
 .text._getpid  0x08002140        0x4 CMakeFiles/Motor_Drive.dir/Core/Src/syscalls.c.obj
                0x08002140                _getpid
 .text._kill    0x08002144       0x14 CMakeFiles/Motor_Drive.dir/Core/Src/syscalls.c.obj
                0x08002144                _kill
 .text._exit    0x08002158        0xc CMakeFiles/Motor_Drive.dir/Core/Src/syscalls.c.obj
                0x08002158                _exit
 .text._read    0x08002164       0x1c CMakeFiles/Motor_Drive.dir/Core/Src/syscalls.c.obj
                0x08002164                _read
 .text._write   0x08002180       0x1c CMakeFiles/Motor_Drive.dir/Core/Src/syscalls.c.obj
                0x08002180                _write
 .text._close   0x0800219c        0x8 CMakeFiles/Motor_Drive.dir/Core/Src/syscalls.c.obj
                0x0800219c                _close
 .text._fstat   0x080021a4        0xc CMakeFiles/Motor_Drive.dir/Core/Src/syscalls.c.obj
                0x080021a4                _fstat
 .text._isatty  0x080021b0        0x4 CMakeFiles/Motor_Drive.dir/Core/Src/syscalls.c.obj
                0x080021b0                _isatty
 .text._lseek   0x080021b4        0x4 CMakeFiles/Motor_Drive.dir/Core/Src/syscalls.c.obj
                0x080021b4                _lseek
 .text.Reset_Handler
                0x080021b8       0x54 CMakeFiles/Motor_Drive.dir/startup_stm32h725xx.s.obj
                0x080021b8                Reset_Handler
 .text.Default_Handler
                0x0800220c        0x2 CMakeFiles/Motor_Drive.dir/startup_stm32h725xx.s.obj
                0x0800220c                RTC_Alarm_IRQHandler
                0x0800220c                EXTI2_IRQHandler
                0x0800220c                TIM8_CC_IRQHandler
                0x0800220c                UART8_IRQHandler
                0x0800220c                SPI4_IRQHandler
                0x0800220c                FDCAN3_IT0_IRQHandler
                0x0800220c                TIM1_CC_IRQHandler
                0x0800220c                BDMA_Channel6_IRQHandler
                0x0800220c                DMA2_Stream5_IRQHandler
                0x0800220c                DMA1_Stream5_IRQHandler
                0x0800220c                CORDIC_IRQHandler
                0x0800220c                BDMA_Channel1_IRQHandler
                0x0800220c                TAMP_STAMP_IRQHandler
                0x0800220c                EXTI3_IRQHandler
                0x0800220c                LPTIM4_IRQHandler
                0x0800220c                LPTIM2_IRQHandler
                0x0800220c                DFSDM1_FLT1_IRQHandler
                0x0800220c                DMAMUX2_OVR_IRQHandler
                0x0800220c                I2C3_ER_IRQHandler
                0x0800220c                DFSDM1_FLT2_IRQHandler
                0x0800220c                I2C5_EV_IRQHandler
                0x0800220c                USART10_IRQHandler
                0x0800220c                MDMA_IRQHandler
                0x0800220c                LPTIM3_IRQHandler
                0x0800220c                HSEM1_IRQHandler
                0x0800220c                EXTI0_IRQHandler
                0x0800220c                I2C2_EV_IRQHandler
                0x0800220c                FPU_IRQHandler
                0x0800220c                OTG_HS_WKUP_IRQHandler
                0x0800220c                FDCAN1_IT1_IRQHandler
                0x0800220c                LTDC_ER_IRQHandler
                0x0800220c                DMA2_Stream2_IRQHandler
                0x0800220c                SPI1_IRQHandler
                0x0800220c                OCTOSPI1_IRQHandler
                0x0800220c                DMA2_Stream3_IRQHandler
                0x0800220c                OCTOSPI2_IRQHandler
                0x0800220c                DFSDM1_FLT3_IRQHandler
                0x0800220c                TIM23_IRQHandler
                0x0800220c                USART6_IRQHandler
                0x0800220c                TIM17_IRQHandler
                0x0800220c                USART3_IRQHandler
                0x0800220c                BDMA_Channel7_IRQHandler
                0x0800220c                LPTIM5_IRQHandler
                0x0800220c                UART5_IRQHandler
                0x0800220c                ADC3_IRQHandler
                0x0800220c                DMA2_Stream0_IRQHandler
                0x0800220c                BDMA_Channel2_IRQHandler
                0x0800220c                I2C1_EV_IRQHandler
                0x0800220c                DMA1_Stream6_IRQHandler
                0x0800220c                DMAMUX1_OVR_IRQHandler
                0x0800220c                UART4_IRQHandler
                0x0800220c                BDMA_Channel5_IRQHandler
                0x0800220c                RCC_IRQHandler
                0x0800220c                UART9_IRQHandler
                0x0800220c                TIM8_BRK_TIM12_IRQHandler
                0x0800220c                TIM1_TRG_COM_IRQHandler
                0x0800220c                Default_Handler
                0x0800220c                ECC_IRQHandler
                0x0800220c                FMAC_IRQHandler
                0x0800220c                CEC_IRQHandler
                0x0800220c                EXTI15_10_IRQHandler
                0x0800220c                BDMA_Channel0_IRQHandler
                0x0800220c                ADC_IRQHandler
                0x0800220c                I2C5_ER_IRQHandler
                0x0800220c                DMA1_Stream7_IRQHandler
                0x0800220c                SPI5_IRQHandler
                0x0800220c                TIM7_IRQHandler
                0x0800220c                FDCAN3_IT1_IRQHandler
                0x0800220c                SDMMC1_IRQHandler
                0x0800220c                TIM5_IRQHandler
                0x0800220c                DMA2_Stream7_IRQHandler
                0x0800220c                PVD_AVD_IRQHandler
                0x0800220c                I2C3_EV_IRQHandler
                0x0800220c                RTC_WKUP_IRQHandler
                0x0800220c                LTDC_IRQHandler
                0x0800220c                ETH_WKUP_IRQHandler
                0x0800220c                SPDIF_RX_IRQHandler
                0x0800220c                SPI2_IRQHandler
                0x0800220c                OTG_HS_EP1_IN_IRQHandler
                0x0800220c                TIM24_IRQHandler
                0x0800220c                CRS_IRQHandler
                0x0800220c                RNG_IRQHandler
                0x0800220c                FDCAN2_IT1_IRQHandler
                0x0800220c                ETH_IRQHandler
                0x0800220c                TIM1_UP_IRQHandler
                0x0800220c                BDMA_Channel4_IRQHandler
                0x0800220c                OTG_HS_EP1_OUT_IRQHandler
                0x0800220c                WWDG_IRQHandler
                0x0800220c                SPI6_IRQHandler
                0x0800220c                MDIOS_IRQHandler
                0x0800220c                I2C4_EV_IRQHandler
                0x0800220c                FDCAN2_IT0_IRQHandler
                0x0800220c                LPUART1_IRQHandler
                0x0800220c                FDCAN1_IT0_IRQHandler
                0x0800220c                DMA2D_IRQHandler
                0x0800220c                TIM1_BRK_IRQHandler
                0x0800220c                EXTI1_IRQHandler
                0x0800220c                SDMMC2_IRQHandler
                0x0800220c                BDMA_Channel3_IRQHandler
                0x0800220c                DTS_IRQHandler
                0x0800220c                UART7_IRQHandler
                0x0800220c                MDIOS_WKUP_IRQHandler
                0x0800220c                USART2_IRQHandler
                0x0800220c                DFSDM1_FLT0_IRQHandler
                0x0800220c                SAI4_IRQHandler
                0x0800220c                I2C2_ER_IRQHandler
                0x0800220c                DMA2_Stream1_IRQHandler
                0x0800220c                FLASH_IRQHandler
                0x0800220c                DMA2_Stream4_IRQHandler
                0x0800220c                USART1_IRQHandler
                0x0800220c                SPI3_IRQHandler
                0x0800220c                WAKEUP_PIN_IRQHandler
                0x0800220c                DMA1_Stream4_IRQHandler
                0x0800220c                I2C1_ER_IRQHandler
                0x0800220c                FMC_IRQHandler
                0x0800220c                FDCAN_CAL_IRQHandler
                0x0800220c                SWPMI1_IRQHandler
                0x0800220c                COMP1_IRQHandler
                0x0800220c                LPTIM1_IRQHandler
                0x0800220c                DCMI_PSSI_IRQHandler
                0x0800220c                I2C4_ER_IRQHandler
                0x0800220c                DMA2_Stream6_IRQHandler
                0x0800220c                SAI1_IRQHandler
                0x0800220c                DMA1_Stream3_IRQHandler
 *fill*         0x0800220e        0x2 
 .text.HAL_ADC_ConvHalfCpltCallback
                0x08002210        0x4 CMakeFiles/Motor_Drive.dir/Core/Src/main.cpp.obj
                0x08002210                HAL_ADC_ConvHalfCpltCallback
 .text.HAL_ADC_ConvCpltCallback
                0x08002214        0x4 CMakeFiles/Motor_Drive.dir/Core/Src/main.cpp.obj
                0x08002214                HAL_ADC_ConvCpltCallback
 .text.USB_CDC_RxHandler
                0x08002218       0x20 CMakeFiles/Motor_Drive.dir/Core/Src/main.cpp.obj
                0x08002218                USB_CDC_RxHandler
 .text._Z9timer3IRQv
                0x08002238      0x198 CMakeFiles/Motor_Drive.dir/Core/Src/main.cpp.obj
                0x08002238                timer3IRQ()
 .text._Z18printTelemetryUTF8v
                0x080023d0      0x8e4 CMakeFiles/Motor_Drive.dir/Core/Src/main.cpp.obj
                0x080023d0                printTelemetryUTF8()
 .text._Z20printTelemetryBinaryv
                0x08002cb4      0x4cc CMakeFiles/Motor_Drive.dir/Core/Src/main.cpp.obj
                0x08002cb4                printTelemetryBinary()
 .text._Z12speedControlv
                0x08003180      0x564 CMakeFiles/Motor_Drive.dir/Core/Src/main.cpp.obj
                0x08003180                speedControl()
 .text._Z10vvvfRampUpP10Sampling_t
                0x080036e4      0x628 CMakeFiles/Motor_Drive.dir/Core/Src/main.cpp.obj
                0x080036e4                vvvfRampUp(Sampling_t*)
 .text._Z18sixStepCommutationv
                0x08003d0c       0xcc CMakeFiles/Motor_Drive.dir/Core/Src/main.cpp.obj
                0x08003d0c                sixStepCommutation()
 .text.HAL_GPIO_EXTI_Callback
                0x08003dd8       0x7c CMakeFiles/Motor_Drive.dir/Core/Src/main.cpp.obj
                0x08003dd8                HAL_GPIO_EXTI_Callback
 .text._Z16sampleAndProtectP10Sampling_tb
                0x08003e54      0x2e4 CMakeFiles/Motor_Drive.dir/Core/Src/main.cpp.obj
                0x08003e54                sampleAndProtect(Sampling_t*, bool)
 .text._Z18loadAdcCalibrationP9ADCGain_th
                0x08004138      0x14c CMakeFiles/Motor_Drive.dir/Core/Src/main.cpp.obj
                0x08004138                loadAdcCalibration(ADCGain_t*, unsigned char)
 .text._Z8cmd_stopiPPc
                0x08004284       0xe0 CMakeFiles/Motor_Drive.dir/Core/Src/main.cpp.obj
                0x08004284                cmd_stop(int, char**)
 .text._Z7cmd_simiPPc
                0x08004364       0x44 CMakeFiles/Motor_Drive.dir/Core/Src/main.cpp.obj
                0x08004364                cmd_sim(int, char**)
 .text._Z9cmd_resetiPPc
                0x080043a8       0xf0 CMakeFiles/Motor_Drive.dir/Core/Src/main.cpp.obj
                0x080043a8                cmd_reset(int, char**)
 .text._Z11cmd_sixstepiPPc
                0x08004498       0x9c CMakeFiles/Motor_Drive.dir/Core/Src/main.cpp.obj
                0x08004498                cmd_sixstep(int, char**)
 .text._Z9cmd_speediPPc
                0x08004534      0x100 CMakeFiles/Motor_Drive.dir/Core/Src/main.cpp.obj
                0x08004534                cmd_speed(int, char**)
 .text._Z10cmd_torqueiPPc
                0x08004634       0xf4 CMakeFiles/Motor_Drive.dir/Core/Src/main.cpp.obj
                0x08004634                cmd_torque(int, char**)
 .text._Z7cmd_modiPPc
                0x08004728      0x110 CMakeFiles/Motor_Drive.dir/Core/Src/main.cpp.obj
                0x08004728                cmd_mod(int, char**)
 .text._Z8cmd_dutyiPPc
                0x08004838      0x1a8 CMakeFiles/Motor_Drive.dir/Core/Src/main.cpp.obj
                0x08004838                cmd_duty(int, char**)
 .text._Z7cmd_veciPPc
                0x080049e0      0x14c CMakeFiles/Motor_Drive.dir/Core/Src/main.cpp.obj
                0x080049e0                cmd_vec(int, char**)
 *fill*         0x08004b2c        0x4 
 .text._Z8cmd_tuneiPPc
                0x08004b30      0x2f0 CMakeFiles/Motor_Drive.dir/Core/Src/main.cpp.obj
                0x08004b30                cmd_tune(int, char**)
 .text._Z13cmd_incrementiPPc
                0x08004e20      0x35c CMakeFiles/Motor_Drive.dir/Core/Src/main.cpp.obj
                0x08004e20                cmd_increment(int, char**)
 .text._Z9cmd_boardiPPc
                0x0800517c      0x178 CMakeFiles/Motor_Drive.dir/Core/Src/main.cpp.obj
                0x0800517c                cmd_board(int, char**)
 .text._Z7cmd_logiPPc
                0x080052f4      0x708 CMakeFiles/Motor_Drive.dir/Core/Src/main.cpp.obj
                0x080052f4                cmd_log(int, char**)
 .text._Z11cmd_audibleiPPc
                0x080059fc       0x48 CMakeFiles/Motor_Drive.dir/Core/Src/main.cpp.obj
                0x080059fc                cmd_audible(int, char**)
 .text._Z7cmd_siniPPc
                0x08005a44      0x184 CMakeFiles/Motor_Drive.dir/Core/Src/main.cpp.obj
                0x08005a44                cmd_sin(int, char**)
 .text._Z7cmd_cosiPPc
                0x08005bc8      0x1bc CMakeFiles/Motor_Drive.dir/Core/Src/main.cpp.obj
                0x08005bc8                cmd_cos(int, char**)
 *fill*         0x08005d84        0x4 
 .text._Z10cmd_arctaniPPc
                0x08005d88      0x23c CMakeFiles/Motor_Drive.dir/Core/Src/main.cpp.obj
                0x08005d88                cmd_arctan(int, char**)
 *fill*         0x08005fc4        0x4 
 .text._Z9cmd_hypotiPPc
                0x08005fc8      0x194 CMakeFiles/Motor_Drive.dir/Core/Src/main.cpp.obj
                0x08005fc8                cmd_hypot(int, char**)
 .text._Z7focTickP10Sampling_t
                0x0800615c       0xa8 CMakeFiles/Motor_Drive.dir/Core/Src/main.cpp.obj
                0x0800615c                focTick(Sampling_t*)
 .text._Z10alignRotorP10Sampling_t.part.0
                0x08006204      0x204 CMakeFiles/Motor_Drive.dir/Core/Src/main.cpp.obj
 .text._Z9cmd_aligniPPc
                0x08006408      0x128 CMakeFiles/Motor_Drive.dir/Core/Src/main.cpp.obj
                0x08006408                cmd_align(int, char**)
 .text.HAL_TIM_PeriodElapsedCallback
                0x08006530       0xe8 CMakeFiles/Motor_Drive.dir/Core/Src/main.cpp.obj
                0x08006530                HAL_TIM_PeriodElapsedCallback
 .text._Z15startUpSequence16MotorControlMode
                0x08006618       0xf0 CMakeFiles/Motor_Drive.dir/Core/Src/main.cpp.obj
                0x08006618                startUpSequence(MotorControlMode)
 .text._Z9cmd_startiPPc
                0x08006708       0xcc CMakeFiles/Motor_Drive.dir/Core/Src/main.cpp.obj
                0x08006708                cmd_start(int, char**)
 .text._Z7cmd_fociPPc
                0x080067d4      0x3c0 CMakeFiles/Motor_Drive.dir/Core/Src/main.cpp.obj
                0x080067d4                cmd_foc(int, char**)
 .text._Z10MPU_Configv
                0x08006b94       0x38 CMakeFiles/Motor_Drive.dir/Core/Src/main.cpp.obj
                0x08006b94                MPU_Config()
 .text.startup.main
                0x08006bcc      0x434 CMakeFiles/Motor_Drive.dir/Core/Src/main.cpp.obj
                0x08006bcc                main
 .text.startup._GLOBAL__sub_I_adc1_buffer
                0x08007000      0x1d8 CMakeFiles/Motor_Drive.dir/Core/Src/main.cpp.obj
 .text._ZN16ThreePhasePWMOutC2EP17TIM_HandleTypeDef
                0x080071d8       0x18 CMakeFiles/Motor_Drive.dir/Core/Src/pwm3phase_timer.cpp.obj
                0x080071d8                ThreePhasePWMOut::ThreePhasePWMOut(TIM_HandleTypeDef*)
                0x080071d8                ThreePhasePWMOut::ThreePhasePWMOut(TIM_HandleTypeDef*)
 .text._ZN16ThreePhasePWMOut4initEv
                0x080071f0       0x20 CMakeFiles/Motor_Drive.dir/Core/Src/pwm3phase_timer.cpp.obj
                0x080071f0                ThreePhasePWMOut::init()
 .text._ZN16ThreePhasePWMOut4stopEv
                0x08007210       0x5c CMakeFiles/Motor_Drive.dir/Core/Src/pwm3phase_timer.cpp.obj
                0x08007210                ThreePhasePWMOut::stop()
 .text._ZN16ThreePhasePWMOut7setDutyEfff
                0x0800726c      0x160 CMakeFiles/Motor_Drive.dir/Core/Src/pwm3phase_timer.cpp.obj
                0x0800726c                ThreePhasePWMOut::setDuty(float, float, float)
 .text._ZNK16ThreePhasePWMOut7getDutyEh
                0x080073cc       0x24 CMakeFiles/Motor_Drive.dir/Core/Src/pwm3phase_timer.cpp.obj
                0x080073cc                ThreePhasePWMOut::getDuty(unsigned char) const
 .text._ZN16ThreePhasePWMOut11setDeadTimeEm
                0x080073f0      0x2b0 CMakeFiles/Motor_Drive.dir/Core/Src/pwm3phase_timer.cpp.obj
                0x080073f0                ThreePhasePWMOut::setDeadTime(unsigned long)
 .text._ZN16ThreePhasePWMOut12setFrequencyEm
                0x080076a0       0xf4 CMakeFiles/Motor_Drive.dir/Core/Src/pwm3phase_timer.cpp.obj
                0x080076a0                ThreePhasePWMOut::setFrequency(unsigned long)
 .text._ZNK16ThreePhasePWMOut12getFrequencyEv
                0x08007794        0x4 CMakeFiles/Motor_Drive.dir/Core/Src/pwm3phase_timer.cpp.obj
                0x08007794                ThreePhasePWMOut::getFrequency() const
 .text._ZN10DigitalOutC2EP12GPIO_TypeDeft
                0x08007798        0x8 CMakeFiles/Motor_Drive.dir/Core/Src/digitalio.cpp.obj
                0x08007798                DigitalOut::DigitalOut(GPIO_TypeDef*, unsigned short)
                0x08007798                DigitalOut::DigitalOut(GPIO_TypeDef*, unsigned short)
 .text._ZN7EncoderC2EP17TIM_HandleTypeDefS1_tmmh
                0x080077a0       0x60 CMakeFiles/Motor_Drive.dir/Core/Src/encoder.cpp.obj
                0x080077a0                Encoder::Encoder(TIM_HandleTypeDef*, TIM_HandleTypeDef*, unsigned short, unsigned long, unsigned long, unsigned char)
                0x080077a0                Encoder::Encoder(TIM_HandleTypeDef*, TIM_HandleTypeDef*, unsigned short, unsigned long, unsigned long, unsigned char)
 .text._ZN7Encoder5startEv
                0x08007800       0x38 CMakeFiles/Motor_Drive.dir/Core/Src/encoder.cpp.obj
                0x08007800                Encoder::start()
 .text._ZN7Encoder13elecZeroAlignEv
                0x08007838       0x48 CMakeFiles/Motor_Drive.dir/Core/Src/encoder.cpp.obj
                0x08007838                Encoder::elecZeroAlign()
 .text._ZN7Encoder15irqHandlerIndexEt
                0x08007880       0x60 CMakeFiles/Motor_Drive.dir/Core/Src/encoder.cpp.obj
                0x08007880                Encoder::irqHandlerIndex(unsigned short)
 .text._ZN7Encoder15irqHandlerSpeedEv
                0x080078e0      0x1c0 CMakeFiles/Motor_Drive.dir/Core/Src/encoder.cpp.obj
                0x080078e0                Encoder::irqHandlerSpeed()
 .text._ZN7Encoder25irqHandlerEncoderOverflowEv
                0x08007aa0       0x24 CMakeFiles/Motor_Drive.dir/Core/Src/encoder.cpp.obj
                0x08007aa0                Encoder::irqHandlerEncoderOverflow()
 .text._ZN7Encoder23irqHandlerTimerOverflowEv
                0x08007ac4       0x14 CMakeFiles/Motor_Drive.dir/Core/Src/encoder.cpp.obj
                0x08007ac4                Encoder::irqHandlerTimerOverflow()
 .text._ZNK7Encoder6getPosEv
                0x08007ad8       0x28 CMakeFiles/Motor_Drive.dir/Core/Src/encoder.cpp.obj
                0x08007ad8                Encoder::getPos() const
 .text._ZNK7Encoder12getPosBypassEv
                0x08007b00       0x18 CMakeFiles/Motor_Drive.dir/Core/Src/encoder.cpp.obj
                0x08007b00                Encoder::getPosBypass() const
 .text._ZNK7Encoder10getElecPosEv
                0x08007b18       0x44 CMakeFiles/Motor_Drive.dir/Core/Src/encoder.cpp.obj
                0x08007b18                Encoder::getElecPos() const
 .text._ZNK7Encoder6getRPMEv
                0x08007b5c        0x8 CMakeFiles/Motor_Drive.dir/Core/Src/encoder.cpp.obj
                0x08007b5c                Encoder::getRPM() const
 .text._ZNK7Encoder14getElecPos_radEv
                0x08007b64       0x74 CMakeFiles/Motor_Drive.dir/Core/Src/encoder.cpp.obj
                0x08007b64                Encoder::getElecPos_rad() const
 .text._ZN10HallSensorC2EP12GPIO_TypeDeftS1_tS1_t
                0x08007bd8       0x2c CMakeFiles/Motor_Drive.dir/Core/Src/hallsensor.cpp.obj
                0x08007bd8                HallSensor::HallSensor(GPIO_TypeDef*, unsigned short, GPIO_TypeDef*, unsigned short, GPIO_TypeDef*, unsigned short)
                0x08007bd8                HallSensor::HallSensor(GPIO_TypeDef*, unsigned short, GPIO_TypeDef*, unsigned short, GPIO_TypeDef*, unsigned short)
 .text._ZN10HallSensor4readEv
                0x08007c04       0x44 CMakeFiles/Motor_Drive.dir/Core/Src/hallsensor.cpp.obj
                0x08007c04                HallSensor::read()
 .text._ZN10HallSensor16irqHandlerRisingEt
                0x08007c48       0x50 CMakeFiles/Motor_Drive.dir/Core/Src/hallsensor.cpp.obj
                0x08007c48                HallSensor::irqHandlerRising(unsigned short)
 .text._ZN10HallSensor17irqHandlerFallingEt
                0x08007c98       0x50 CMakeFiles/Motor_Drive.dir/Core/Src/hallsensor.cpp.obj
                0x08007c98                HallSensor::irqHandlerFalling(unsigned short)
 .text._ZNK10HallSensor8getStateEv
                0x08007ce8        0x4 CMakeFiles/Motor_Drive.dir/Core/Src/hallsensor.cpp.obj
                0x08007ce8                HallSensor::getState() const
 .text._ZL4dpwmfffffiPfS_S_
                0x08007cec      0x578 CMakeFiles/Motor_Drive.dir/Core/Src/modulation.cpp.obj
 .text._Z6clarkefffPfS_
                0x08008264       0x34 CMakeFiles/Motor_Drive.dir/Core/Src/modulation.cpp.obj
                0x08008264                clarke(float, float, float, float*, float*)
 .text._Z4parkfffPfS_
                0x08008298      0x180 CMakeFiles/Motor_Drive.dir/Core/Src/modulation.cpp.obj
                0x08008298                park(float, float, float, float*, float*)
 .text._Z8inv_parkfffPfS_
                0x08008418      0x180 CMakeFiles/Motor_Drive.dir/Core/Src/modulation.cpp.obj
                0x08008418                inv_park(float, float, float, float*, float*)
 .text._Z8modulate14ModulationTypeffffPfS0_S0_fS0_
                0x08008598     0x15e4 CMakeFiles/Motor_Drive.dir/Core/Src/modulation.cpp.obj
                0x08008598                modulate(ModulationType, float, float, float, float, float*, float*, float*, float, float*)
 .text._ZN10ADCSamplerC2EP17ADC_HandleTypeDefP19__DMA_HandleTypeDefPVtm
                0x08009b7c       0x24 CMakeFiles/Motor_Drive.dir/Core/Src/adc_sampler.cpp.obj
                0x08009b7c                ADCSampler::ADCSampler(ADC_HandleTypeDef*, __DMA_HandleTypeDef*, unsigned short volatile*, unsigned long)
                0x08009b7c                ADCSampler::ADCSampler(ADC_HandleTypeDef*, __DMA_HandleTypeDef*, unsigned short volatile*, unsigned long)
 .text._ZN10ADCSampler19setProcessingBufferEPtm
                0x08009ba0        0xc CMakeFiles/Motor_Drive.dir/Core/Src/adc_sampler.cpp.obj
                0x08009ba0                ADCSampler::setProcessingBuffer(unsigned short*, unsigned long)
 .text._ZN10ADCSampler11irqConvCpltEP17ADC_HandleTypeDef
                0x08009bac       0x90 CMakeFiles/Motor_Drive.dir/Core/Src/adc_sampler.cpp.obj
                0x08009bac                ADCSampler::irqConvCplt(ADC_HandleTypeDef*)
 .text._ZN10ADCSampler15irqConvHalfCpltEP17ADC_HandleTypeDef
                0x08009c3c       0x90 CMakeFiles/Motor_Drive.dir/Core/Src/adc_sampler.cpp.obj
                0x08009c3c                ADCSampler::irqConvHalfCplt(ADC_HandleTypeDef*)
 .text._ZN10ADCSampler8startDMAEv
                0x08009ccc       0x54 CMakeFiles/Motor_Drive.dir/Core/Src/adc_sampler.cpp.obj
                0x08009ccc                ADCSampler::startDMA()
 .text._ZN10ADCSampler14initBulkHeaderEff
                0x08009d20       0x7c CMakeFiles/Motor_Drive.dir/Core/Src/adc_sampler.cpp.obj
                0x08009d20                ADCSampler::initBulkHeader(float, float)
 .text._ZN10ADCSampler17getLatestDataMeanEPtm
                0x08009d9c      0x3e8 CMakeFiles/Motor_Drive.dir/Core/Src/adc_sampler.cpp.obj
                0x08009d9c                ADCSampler::getLatestDataMean(unsigned short*, unsigned long)
 .text._ZN10ADCSampler18assembleBulkPacketEPPKhPt
                0x0800a184      0x174 CMakeFiles/Motor_Drive.dir/Core/Src/adc_sampler.cpp.obj
                0x0800a184                ADCSampler::assembleBulkPacket(unsigned char const**, unsigned short*)
 .text._ZN5TimerC2EP17TIM_HandleTypeDef
                0x0800a2f8        0x8 CMakeFiles/Motor_Drive.dir/Core/Src/timer.cpp.obj
                0x0800a2f8                Timer::Timer(TIM_HandleTypeDef*)
                0x0800a2f8                Timer::Timer(TIM_HandleTypeDef*)
 .text._ZN5Timer5startEv
                0x0800a300       0xd8 CMakeFiles/Motor_Drive.dir/Core/Src/timer.cpp.obj
                0x0800a300                Timer::start()
 .text._ZN5Timer7startITEv
                0x0800a3d8       0xd8 CMakeFiles/Motor_Drive.dir/Core/Src/timer.cpp.obj
                0x0800a3d8                Timer::startIT()
 .text._ZN5Timer12setFrequencyEm
                0x0800a4b0       0xd0 CMakeFiles/Motor_Drive.dir/Core/Src/timer.cpp.obj
                0x0800a4b0                Timer::setFrequency(unsigned long)
 .text._ZN5Timer12getFrequencyEv
                0x0800a580       0x68 CMakeFiles/Motor_Drive.dir/Core/Src/timer.cpp.obj
                0x0800a580                Timer::getFrequency()
 .text._Z8foc_initP11FOC_State_t
                0x0800a5e8       0xe4 CMakeFiles/Motor_Drive.dir/Core/Src/foc.cpp.obj
                0x0800a5e8                foc_init(FOC_State_t*)
 .text._Z9foc_resetP11FOC_State_t
                0x0800a6cc       0x38 CMakeFiles/Motor_Drive.dir/Core/Src/foc.cpp.obj
                0x0800a6cc                foc_reset(FOC_State_t*)
 .text._Z10focResetPIP11FOC_State_t
                0x0800a704        0xc CMakeFiles/Motor_Drive.dir/Core/Src/foc.cpp.obj
                0x0800a704                focResetPI(FOC_State_t*)
 .text._Z12focInjectionP11FOC_State_tf
                0x0800a710      0x2d0 CMakeFiles/Motor_Drive.dir/Core/Src/foc.cpp.obj
                0x0800a710                focInjection(FOC_State_t*, float)
 .text._Z3foc14ModulationTypeP11FOC_State_tffffffPfS2_S2_
                0x0800a9e0      0x3ac CMakeFiles/Motor_Drive.dir/Core/Src/foc.cpp.obj
                0x0800a9e0                foc(ModulationType, FOC_State_t*, float, float, float, float, float, float, float*, float*, float*)
 .text._Z14usb_tx_servicev
                0x0800ad8c      0x280 CMakeFiles/Motor_Drive.dir/Core/Src/cmd.cpp.obj
                0x0800ad8c                usb_tx_service()
 .text._ZN12_GLOBAL__N_114usb_tx_enqueueERNS_10UsbTxQueueEPKht
                0x0800b00c       0x9c CMakeFiles/Motor_Drive.dir/Core/Src/cmd.cpp.obj
 .text.usb_tx_onTransmitComplete
                0x0800b0a8       0x28 CMakeFiles/Motor_Drive.dir/Core/Src/cmd.cpp.obj
                0x0800b0a8                usb_tx_onTransmitComplete
 .text._Z17usb_sendTelemetryPKht
                0x0800b0d0       0xa0 CMakeFiles/Motor_Drive.dir/Core/Src/cmd.cpp.obj
                0x0800b0d0                usb_sendTelemetry(unsigned char const*, unsigned short)
 .text._Z12usb_sendBulkPKht
                0x0800b170       0xa0 CMakeFiles/Motor_Drive.dir/Core/Src/cmd.cpp.obj
                0x0800b170                usb_sendBulk(unsigned char const*, unsigned short)
 .text._Z10usb_printfPKcz
                0x0800b210       0x3c CMakeFiles/Motor_Drive.dir/Core/Src/cmd.cpp.obj
                0x0800b210                usb_printf(char const*, ...)
 .text._Z17ring_buffer_writeP13ring_buffer_th
                0x0800b24c       0x2c CMakeFiles/Motor_Drive.dir/Core/Src/cmd.cpp.obj
                0x0800b24c                ring_buffer_write(ring_buffer_t*, unsigned char)
 .text._Z19read_line_from_ringP13ring_buffer_tPci
                0x0800b278       0xa8 CMakeFiles/Motor_Drive.dir/Core/Src/cmd.cpp.obj
                0x0800b278                read_line_from_ring(ring_buffer_t*, char*, int)
 .text._Z15process_commandPKc
                0x0800b320       0xdc CMakeFiles/Motor_Drive.dir/Core/Src/cmd.cpp.obj
                0x0800b320                process_command(char const*)
 .text._Z19protectionModePrintv
                0x0800b3fc       0x78 CMakeFiles/Motor_Drive.dir/Core/Src/cmd.cpp.obj
                0x0800b3fc                protectionModePrint()
 .text._ZN10RollingMaxC2Ev
                0x0800b474       0x1c CMakeFiles/Motor_Drive.dir/Core/Src/math_helpers.cpp.obj
                0x0800b474                RollingMax::RollingMax()
                0x0800b474                RollingMax::RollingMax()
 .text._ZN10RollingMax8newValueEf
                0x0800b490       0x68 CMakeFiles/Motor_Drive.dir/Core/Src/math_helpers.cpp.obj
                0x0800b490                RollingMax::newValue(float)
 .text._ZNK10RollingMax6getMaxEv
                0x0800b4f8        0x8 CMakeFiles/Motor_Drive.dir/Core/Src/math_helpers.cpp.obj
                0x0800b4f8                RollingMax::getMax() const
 .text._Z12adcToVoltagemfmff
                0x0800b500       0x20 CMakeFiles/Motor_Drive.dir/Core/Src/math_helpers.cpp.obj
                0x0800b500                adcToVoltage(unsigned long, float, unsigned long, float, float)
 .text._Z12adcToCurrentmfmfff
                0x0800b520       0x24 CMakeFiles/Motor_Drive.dir/Core/Src/math_helpers.cpp.obj
                0x0800b520                adcToCurrent(unsigned long, float, unsigned long, float, float, float)
 .text._Z6clampffff
                0x0800b544        0xc CMakeFiles/Motor_Drive.dir/Core/Src/math_helpers.cpp.obj
                0x0800b544                clampf(float, float, float)
 .text._Z12isPowerOfTwot
                0x0800b550       0x10 CMakeFiles/Motor_Drive.dir/Core/Src/math_helpers.cpp.obj
                0x0800b550                isPowerOfTwo(unsigned short)
 .text.SystemInit
                0x0800b560       0xcc cmake/stm32cubemx/CMakeFiles/STM32_Drivers.dir/__/__/Core/Src/system_stm32h7xx.c.obj
                0x0800b560                SystemInit
 .text.ExitRun0Mode
                0x0800b62c       0x18 cmake/stm32cubemx/CMakeFiles/STM32_Drivers.dir/__/__/Core/Src/system_stm32h7xx.c.obj
                0x0800b62c                ExitRun0Mode
 .text.HAL_PCD_Init
                0x0800b644      0x410 cmake/stm32cubemx/CMakeFiles/STM32_Drivers.dir/__/__/Drivers/STM32H7xx_HAL_Driver/Src/stm32h7xx_hal_pcd.c.obj
                0x0800b644                HAL_PCD_Init
 .text.HAL_PCD_Start
                0x0800ba54       0x44 cmake/stm32cubemx/CMakeFiles/STM32_Drivers.dir/__/__/Drivers/STM32H7xx_HAL_Driver/Src/stm32h7xx_hal_pcd.c.obj
                0x0800ba54                HAL_PCD_Start
 .text.HAL_PCD_IRQHandler
                0x0800ba98      0xb68 cmake/stm32cubemx/CMakeFiles/STM32_Drivers.dir/__/__/Drivers/STM32H7xx_HAL_Driver/Src/stm32h7xx_hal_pcd.c.obj
                0x0800ba98                HAL_PCD_IRQHandler
 .text.HAL_PCD_SetAddress
                0x0800c600       0x28 cmake/stm32cubemx/CMakeFiles/STM32_Drivers.dir/__/__/Drivers/STM32H7xx_HAL_Driver/Src/stm32h7xx_hal_pcd.c.obj
                0x0800c600                HAL_PCD_SetAddress
 .text.HAL_PCD_EP_Open
                0x0800c628       0x74 cmake/stm32cubemx/CMakeFiles/STM32_Drivers.dir/__/__/Drivers/STM32H7xx_HAL_Driver/Src/stm32h7xx_hal_pcd.c.obj
                0x0800c628                HAL_PCD_EP_Open
 .text.HAL_PCD_EP_Close
                0x0800c69c       0x5c cmake/stm32cubemx/CMakeFiles/STM32_Drivers.dir/__/__/Drivers/STM32H7xx_HAL_Driver/Src/stm32h7xx_hal_pcd.c.obj
                0x0800c69c                HAL_PCD_EP_Close
 .text.HAL_PCD_EP_Receive
                0x0800c6f8       0x44 cmake/stm32cubemx/CMakeFiles/STM32_Drivers.dir/__/__/Drivers/STM32H7xx_HAL_Driver/Src/stm32h7xx_hal_pcd.c.obj
                0x0800c6f8                HAL_PCD_EP_Receive
 .text.HAL_PCD_EP_GetRxCount
                0x0800c73c       0x14 cmake/stm32cubemx/CMakeFiles/STM32_Drivers.dir/__/__/Drivers/STM32H7xx_HAL_Driver/Src/stm32h7xx_hal_pcd.c.obj
                0x0800c73c                HAL_PCD_EP_GetRxCount
 .text.HAL_PCD_EP_Transmit
                0x0800c750       0x44 cmake/stm32cubemx/CMakeFiles/STM32_Drivers.dir/__/__/Drivers/STM32H7xx_HAL_Driver/Src/stm32h7xx_hal_pcd.c.obj
                0x0800c750                HAL_PCD_EP_Transmit
 .text.HAL_PCD_EP_SetStall
                0x0800c794       0x80 cmake/stm32cubemx/CMakeFiles/STM32_Drivers.dir/__/__/Drivers/STM32H7xx_HAL_Driver/Src/stm32h7xx_hal_pcd.c.obj
                0x0800c794                HAL_PCD_EP_SetStall
 .text.HAL_PCD_EP_ClrStall
                0x0800c814       0x6c cmake/stm32cubemx/CMakeFiles/STM32_Drivers.dir/__/__/Drivers/STM32H7xx_HAL_Driver/Src/stm32h7xx_hal_pcd.c.obj
                0x0800c814                HAL_PCD_EP_ClrStall
 .text.HAL_PCDEx_SetTxFiFo
                0x0800c880       0xfc cmake/stm32cubemx/CMakeFiles/STM32_Drivers.dir/__/__/Drivers/STM32H7xx_HAL_Driver/Src/stm32h7xx_hal_pcd_ex.c.obj
                0x0800c880                HAL_PCDEx_SetTxFiFo
 .text.HAL_PCDEx_SetRxFiFo
                0x0800c97c        0xc cmake/stm32cubemx/CMakeFiles/STM32_Drivers.dir/__/__/Drivers/STM32H7xx_HAL_Driver/Src/stm32h7xx_hal_pcd_ex.c.obj
                0x0800c97c                HAL_PCDEx_SetRxFiFo
 .text.HAL_PCDEx_ActivateLPM
                0x0800c988       0x30 cmake/stm32cubemx/CMakeFiles/STM32_Drivers.dir/__/__/Drivers/STM32H7xx_HAL_Driver/Src/stm32h7xx_hal_pcd_ex.c.obj
                0x0800c988                HAL_PCDEx_ActivateLPM
 .text.HAL_PCDEx_LPM_Callback
                0x0800c9b8        0x4 cmake/stm32cubemx/CMakeFiles/STM32_Drivers.dir/__/__/Drivers/STM32H7xx_HAL_Driver/Src/stm32h7xx_hal_pcd_ex.c.obj
                0x0800c9b8                HAL_PCDEx_LPM_Callback
 .text.USB_CoreInit
                0x0800c9bc      0x11c cmake/stm32cubemx/CMakeFiles/STM32_Drivers.dir/__/__/Drivers/STM32H7xx_HAL_Driver/Src/stm32h7xx_ll_usb.c.obj
                0x0800c9bc                USB_CoreInit
 .text.USB_SetTurnaroundTime
                0x0800cad8       0xf4 cmake/stm32cubemx/CMakeFiles/STM32_Drivers.dir/__/__/Drivers/STM32H7xx_HAL_Driver/Src/stm32h7xx_ll_usb.c.obj
                0x0800cad8                USB_SetTurnaroundTime
 .text.USB_EnableGlobalInt
                0x0800cbcc       0x10 cmake/stm32cubemx/CMakeFiles/STM32_Drivers.dir/__/__/Drivers/STM32H7xx_HAL_Driver/Src/stm32h7xx_ll_usb.c.obj
                0x0800cbcc                USB_EnableGlobalInt
 .text.USB_DisableGlobalInt
                0x0800cbdc       0x10 cmake/stm32cubemx/CMakeFiles/STM32_Drivers.dir/__/__/Drivers/STM32H7xx_HAL_Driver/Src/stm32h7xx_ll_usb.c.obj
                0x0800cbdc                USB_DisableGlobalInt
 .text.USB_SetCurrentMode
                0x0800cbec       0x6c cmake/stm32cubemx/CMakeFiles/STM32_Drivers.dir/__/__/Drivers/STM32H7xx_HAL_Driver/Src/stm32h7xx_ll_usb.c.obj
                0x0800cbec                USB_SetCurrentMode
 .text.USB_DevInit
                0x0800cc58      0x2dc cmake/stm32cubemx/CMakeFiles/STM32_Drivers.dir/__/__/Drivers/STM32H7xx_HAL_Driver/Src/stm32h7xx_ll_usb.c.obj
                0x0800cc58                USB_DevInit
 .text.USB_FlushTxFifo
                0x0800cf34       0x50 cmake/stm32cubemx/CMakeFiles/STM32_Drivers.dir/__/__/Drivers/STM32H7xx_HAL_Driver/Src/stm32h7xx_ll_usb.c.obj
                0x0800cf34                USB_FlushTxFifo
 .text.USB_GetDevSpeed
                0x0800cf84       0x18 cmake/stm32cubemx/CMakeFiles/STM32_Drivers.dir/__/__/Drivers/STM32H7xx_HAL_Driver/Src/stm32h7xx_ll_usb.c.obj
                0x0800cf84                USB_GetDevSpeed
 .text.USB_ActivateEndpoint
                0x0800cf9c       0x8c cmake/stm32cubemx/CMakeFiles/STM32_Drivers.dir/__/__/Drivers/STM32H7xx_HAL_Driver/Src/stm32h7xx_ll_usb.c.obj
                0x0800cf9c                USB_ActivateEndpoint
 .text.USB_DeactivateEndpoint
                0x0800d028       0xbc cmake/stm32cubemx/CMakeFiles/STM32_Drivers.dir/__/__/Drivers/STM32H7xx_HAL_Driver/Src/stm32h7xx_ll_usb.c.obj
                0x0800d028                USB_DeactivateEndpoint
 .text.USB_EPStartXfer
                0x0800d0e4      0x234 cmake/stm32cubemx/CMakeFiles/STM32_Drivers.dir/__/__/Drivers/STM32H7xx_HAL_Driver/Src/stm32h7xx_ll_usb.c.obj
                0x0800d0e4                USB_EPStartXfer
 .text.USB_EPStopXfer
                0x0800d318       0x94 cmake/stm32cubemx/CMakeFiles/STM32_Drivers.dir/__/__/Drivers/STM32H7xx_HAL_Driver/Src/stm32h7xx_ll_usb.c.obj
                0x0800d318                USB_EPStopXfer
 .text.USB_WritePacket
                0x0800d3ac       0x2c cmake/stm32cubemx/CMakeFiles/STM32_Drivers.dir/__/__/Drivers/STM32H7xx_HAL_Driver/Src/stm32h7xx_ll_usb.c.obj
                0x0800d3ac                USB_WritePacket
 .text.USB_ReadPacket
                0x0800d3d8       0x4c cmake/stm32cubemx/CMakeFiles/STM32_Drivers.dir/__/__/Drivers/STM32H7xx_HAL_Driver/Src/stm32h7xx_ll_usb.c.obj
                0x0800d3d8                USB_ReadPacket
 .text.USB_EPSetStall
                0x0800d424       0x70 cmake/stm32cubemx/CMakeFiles/STM32_Drivers.dir/__/__/Drivers/STM32H7xx_HAL_Driver/Src/stm32h7xx_ll_usb.c.obj
                0x0800d424                USB_EPSetStall
 .text.USB_EPClearStall
                0x0800d494       0x58 cmake/stm32cubemx/CMakeFiles/STM32_Drivers.dir/__/__/Drivers/STM32H7xx_HAL_Driver/Src/stm32h7xx_ll_usb.c.obj
                0x0800d494                USB_EPClearStall
 .text.USB_SetDevAddress
                0x0800d4ec       0x24 cmake/stm32cubemx/CMakeFiles/STM32_Drivers.dir/__/__/Drivers/STM32H7xx_HAL_Driver/Src/stm32h7xx_ll_usb.c.obj
                0x0800d4ec                USB_SetDevAddress
 .text.USB_DevConnect
                0x0800d510       0x20 cmake/stm32cubemx/CMakeFiles/STM32_Drivers.dir/__/__/Drivers/STM32H7xx_HAL_Driver/Src/stm32h7xx_ll_usb.c.obj
                0x0800d510                USB_DevConnect
 .text.USB_DevDisconnect
                0x0800d530       0x20 cmake/stm32cubemx/CMakeFiles/STM32_Drivers.dir/__/__/Drivers/STM32H7xx_HAL_Driver/Src/stm32h7xx_ll_usb.c.obj
                0x0800d530                USB_DevDisconnect
 .text.USB_ReadInterrupts
                0x0800d550        0x8 cmake/stm32cubemx/CMakeFiles/STM32_Drivers.dir/__/__/Drivers/STM32H7xx_HAL_Driver/Src/stm32h7xx_ll_usb.c.obj
                0x0800d550                USB_ReadInterrupts
 .text.USB_ReadDevAllOutEpInterrupt
                0x0800d558       0x10 cmake/stm32cubemx/CMakeFiles/STM32_Drivers.dir/__/__/Drivers/STM32H7xx_HAL_Driver/Src/stm32h7xx_ll_usb.c.obj
                0x0800d558                USB_ReadDevAllOutEpInterrupt
 .text.USB_ReadDevAllInEpInterrupt
                0x0800d568       0x10 cmake/stm32cubemx/CMakeFiles/STM32_Drivers.dir/__/__/Drivers/STM32H7xx_HAL_Driver/Src/stm32h7xx_ll_usb.c.obj
                0x0800d568                USB_ReadDevAllInEpInterrupt
 .text.USB_ReadDevOutEPInterrupt
                0x0800d578       0x10 cmake/stm32cubemx/CMakeFiles/STM32_Drivers.dir/__/__/Drivers/STM32H7xx_HAL_Driver/Src/stm32h7xx_ll_usb.c.obj
                0x0800d578                USB_ReadDevOutEPInterrupt
 .text.USB_ReadDevInEPInterrupt
                0x0800d588       0x20 cmake/stm32cubemx/CMakeFiles/STM32_Drivers.dir/__/__/Drivers/STM32H7xx_HAL_Driver/Src/stm32h7xx_ll_usb.c.obj
                0x0800d588                USB_ReadDevInEPInterrupt
 .text.USB_GetMode
                0x0800d5a8        0x8 cmake/stm32cubemx/CMakeFiles/STM32_Drivers.dir/__/__/Drivers/STM32H7xx_HAL_Driver/Src/stm32h7xx_ll_usb.c.obj
                0x0800d5a8                USB_GetMode
 .text.USB_ActivateSetup
                0x0800d5b0       0x20 cmake/stm32cubemx/CMakeFiles/STM32_Drivers.dir/__/__/Drivers/STM32H7xx_HAL_Driver/Src/stm32h7xx_ll_usb.c.obj
                0x0800d5b0                USB_ActivateSetup
 .text.USB_EP0_OutStart
                0x0800d5d0       0x50 cmake/stm32cubemx/CMakeFiles/STM32_Drivers.dir/__/__/Drivers/STM32H7xx_HAL_Driver/Src/stm32h7xx_ll_usb.c.obj
                0x0800d5d0                USB_EP0_OutStart
 .text.HAL_RCC_GetSysClockFreq.part.0
                0x0800d620       0xe4 cmake/stm32cubemx/CMakeFiles/STM32_Drivers.dir/__/__/Drivers/STM32H7xx_HAL_Driver/Src/stm32h7xx_hal_rcc.c.obj
 .text.HAL_RCC_OscConfig
                0x0800d704      0x554 cmake/stm32cubemx/CMakeFiles/STM32_Drivers.dir/__/__/Drivers/STM32H7xx_HAL_Driver/Src/stm32h7xx_hal_rcc.c.obj
                0x0800d704                HAL_RCC_OscConfig
 .text.HAL_RCC_GetSysClockFreq
                0x0800dc58      0x11c cmake/stm32cubemx/CMakeFiles/STM32_Drivers.dir/__/__/Drivers/STM32H7xx_HAL_Driver/Src/stm32h7xx_hal_rcc.c.obj
                0x0800dc58                HAL_RCC_GetSysClockFreq
 .text.HAL_RCC_ClockConfig
                0x0800dd74      0x254 cmake/stm32cubemx/CMakeFiles/STM32_Drivers.dir/__/__/Drivers/STM32H7xx_HAL_Driver/Src/stm32h7xx_hal_rcc.c.obj
                0x0800dd74                HAL_RCC_ClockConfig
 .text.HAL_RCC_GetHCLKFreq
                0x0800dfc8       0x80 cmake/stm32cubemx/CMakeFiles/STM32_Drivers.dir/__/__/Drivers/STM32H7xx_HAL_Driver/Src/stm32h7xx_hal_rcc.c.obj
                0x0800dfc8                HAL_RCC_GetHCLKFreq
 .text.HAL_RCC_GetPCLK1Freq
                0x0800e048       0x90 cmake/stm32cubemx/CMakeFiles/STM32_Drivers.dir/__/__/Drivers/STM32H7xx_HAL_Driver/Src/stm32h7xx_hal_rcc.c.obj
                0x0800e048                HAL_RCC_GetPCLK1Freq
 .text.HAL_RCC_GetPCLK2Freq
                0x0800e0d8       0x90 cmake/stm32cubemx/CMakeFiles/STM32_Drivers.dir/__/__/Drivers/STM32H7xx_HAL_Driver/Src/stm32h7xx_hal_rcc.c.obj
                0x0800e0d8                HAL_RCC_GetPCLK2Freq
 .text.RCCEx_PLL2_Config.part.0
                0x0800e168       0xe0 cmake/stm32cubemx/CMakeFiles/STM32_Drivers.dir/__/__/Drivers/STM32H7xx_HAL_Driver/Src/stm32h7xx_hal_rcc_ex.c.obj
 .text.RCCEx_PLL3_Config.part.0
                0x0800e248       0xe0 cmake/stm32cubemx/CMakeFiles/STM32_Drivers.dir/__/__/Drivers/STM32H7xx_HAL_Driver/Src/stm32h7xx_hal_rcc_ex.c.obj
 .text.HAL_RCCEx_PeriphCLKConfig
                0x0800e328      0xdc8 cmake/stm32cubemx/CMakeFiles/STM32_Drivers.dir/__/__/Drivers/STM32H7xx_HAL_Driver/Src/stm32h7xx_hal_rcc_ex.c.obj
                0x0800e328                HAL_RCCEx_PeriphCLKConfig
 .text.HAL_RCCEx_GetPLL2ClockFreq
                0x0800f0f0      0x134 cmake/stm32cubemx/CMakeFiles/STM32_Drivers.dir/__/__/Drivers/STM32H7xx_HAL_Driver/Src/stm32h7xx_hal_rcc_ex.c.obj
                0x0800f0f0                HAL_RCCEx_GetPLL2ClockFreq
 .text.HAL_RCCEx_GetPLL3ClockFreq
                0x0800f224      0x134 cmake/stm32cubemx/CMakeFiles/STM32_Drivers.dir/__/__/Drivers/STM32H7xx_HAL_Driver/Src/stm32h7xx_hal_rcc_ex.c.obj
                0x0800f224                HAL_RCCEx_GetPLL3ClockFreq
 .text.HAL_RCCEx_GetPLL1ClockFreq
                0x0800f358      0x134 cmake/stm32cubemx/CMakeFiles/STM32_Drivers.dir/__/__/Drivers/STM32H7xx_HAL_Driver/Src/stm32h7xx_hal_rcc_ex.c.obj
                0x0800f358                HAL_RCCEx_GetPLL1ClockFreq
 .text.HAL_RCCEx_GetPeriphCLKFreq
                0x0800f48c      0x350 cmake/stm32cubemx/CMakeFiles/STM32_Drivers.dir/__/__/Drivers/STM32H7xx_HAL_Driver/Src/stm32h7xx_hal_rcc_ex.c.obj
                0x0800f48c                HAL_RCCEx_GetPeriphCLKFreq
 .text.HAL_GPIO_Init
                0x0800f7dc      0x3ec cmake/stm32cubemx/CMakeFiles/STM32_Drivers.dir/__/__/Drivers/STM32H7xx_HAL_Driver/Src/stm32h7xx_hal_gpio.c.obj
                0x0800f7dc                HAL_GPIO_Init
 .text.HAL_GPIO_ReadPin
                0x0800fbc8        0xc cmake/stm32cubemx/CMakeFiles/STM32_Drivers.dir/__/__/Drivers/STM32H7xx_HAL_Driver/Src/stm32h7xx_hal_gpio.c.obj
                0x0800fbc8                HAL_GPIO_ReadPin
 .text.HAL_GPIO_WritePin
                0x0800fbd4        0x8 cmake/stm32cubemx/CMakeFiles/STM32_Drivers.dir/__/__/Drivers/STM32H7xx_HAL_Driver/Src/stm32h7xx_hal_gpio.c.obj
                0x0800fbd4                HAL_GPIO_WritePin
 .text.HAL_GPIO_TogglePin
                0x0800fbdc       0x14 cmake/stm32cubemx/CMakeFiles/STM32_Drivers.dir/__/__/Drivers/STM32H7xx_HAL_Driver/Src/stm32h7xx_hal_gpio.c.obj
                0x0800fbdc                HAL_GPIO_TogglePin
 .text.HAL_GPIO_EXTI_IRQHandler
                0x0800fbf0       0x1c cmake/stm32cubemx/CMakeFiles/STM32_Drivers.dir/__/__/Drivers/STM32H7xx_HAL_Driver/Src/stm32h7xx_hal_gpio.c.obj
                0x0800fbf0                HAL_GPIO_EXTI_IRQHandler
 .text.DMA_CalcBaseAndBitshift
                0x0800fc0c      0x100 cmake/stm32cubemx/CMakeFiles/STM32_Drivers.dir/__/__/Drivers/STM32H7xx_HAL_Driver/Src/stm32h7xx_hal_dma.c.obj
 .text.DMA_CalcDMAMUXChannelBaseAndMask
                0x0800fd0c       0xd4 cmake/stm32cubemx/CMakeFiles/STM32_Drivers.dir/__/__/Drivers/STM32H7xx_HAL_Driver/Src/stm32h7xx_hal_dma.c.obj
 .text.HAL_DMA_Init
                0x0800fde0      0x530 cmake/stm32cubemx/CMakeFiles/STM32_Drivers.dir/__/__/Drivers/STM32H7xx_HAL_Driver/Src/stm32h7xx_hal_dma.c.obj
                0x0800fde0                HAL_DMA_Init
 .text.HAL_DMA_Start_IT
                0x08010310      0x62c cmake/stm32cubemx/CMakeFiles/STM32_Drivers.dir/__/__/Drivers/STM32H7xx_HAL_Driver/Src/stm32h7xx_hal_dma.c.obj
                0x08010310                HAL_DMA_Start_IT
 .text.HAL_DMA_IRQHandler
                0x0801093c      0x424 cmake/stm32cubemx/CMakeFiles/STM32_Drivers.dir/__/__/Drivers/STM32H7xx_HAL_Driver/Src/stm32h7xx_hal_dma.c.obj
                0x0801093c                HAL_DMA_IRQHandler
 .text.HAL_PWREx_ConfigSupply
                0x08010d60       0x78 cmake/stm32cubemx/CMakeFiles/STM32_Drivers.dir/__/__/Drivers/STM32H7xx_HAL_Driver/Src/stm32h7xx_hal_pwr_ex.c.obj
                0x08010d60                HAL_PWREx_ConfigSupply
 .text.HAL_PWREx_EnableUSBReg
                0x08010dd8       0x34 cmake/stm32cubemx/CMakeFiles/STM32_Drivers.dir/__/__/Drivers/STM32H7xx_HAL_Driver/Src/stm32h7xx_hal_pwr_ex.c.obj
                0x08010dd8                HAL_PWREx_EnableUSBReg
 .text.HAL_PWREx_EnableUSBVoltageDetector
                0x08010e0c       0x10 cmake/stm32cubemx/CMakeFiles/STM32_Drivers.dir/__/__/Drivers/STM32H7xx_HAL_Driver/Src/stm32h7xx_hal_pwr_ex.c.obj
                0x08010e0c                HAL_PWREx_EnableUSBVoltageDetector
 .text.HAL_NVIC_SetPriorityGrouping
                0x08010e1c       0x24 cmake/stm32cubemx/CMakeFiles/STM32_Drivers.dir/__/__/Drivers/STM32H7xx_HAL_Driver/Src/stm32h7xx_hal_cortex.c.obj
                0x08010e1c                HAL_NVIC_SetPriorityGrouping
 .text.HAL_NVIC_SetPriority
                0x08010e40       0x78 cmake/stm32cubemx/CMakeFiles/STM32_Drivers.dir/__/__/Drivers/STM32H7xx_HAL_Driver/Src/stm32h7xx_hal_cortex.c.obj
                0x08010e40                HAL_NVIC_SetPriority
 .text.HAL_NVIC_EnableIRQ
                0x08010eb8       0x1c cmake/stm32cubemx/CMakeFiles/STM32_Drivers.dir/__/__/Drivers/STM32H7xx_HAL_Driver/Src/stm32h7xx_hal_cortex.c.obj
                0x08010eb8                HAL_NVIC_EnableIRQ
 .text.HAL_SYSTICK_Config
                0x08010ed4       0x2c cmake/stm32cubemx/CMakeFiles/STM32_Drivers.dir/__/__/Drivers/STM32H7xx_HAL_Driver/Src/stm32h7xx_hal_cortex.c.obj
                0x08010ed4                HAL_SYSTICK_Config
 .text.HAL_MPU_Disable
                0x08010f00       0x1c cmake/stm32cubemx/CMakeFiles/STM32_Drivers.dir/__/__/Drivers/STM32H7xx_HAL_Driver/Src/stm32h7xx_hal_cortex.c.obj
                0x08010f00                HAL_MPU_Disable
 .text.HAL_MPU_Enable
                0x08010f1c       0x20 cmake/stm32cubemx/CMakeFiles/STM32_Drivers.dir/__/__/Drivers/STM32H7xx_HAL_Driver/Src/stm32h7xx_hal_cortex.c.obj
                0x08010f1c                HAL_MPU_Enable
 .text.HAL_MPU_ConfigRegion
                0x08010f3c       0x60 cmake/stm32cubemx/CMakeFiles/STM32_Drivers.dir/__/__/Drivers/STM32H7xx_HAL_Driver/Src/stm32h7xx_hal_cortex.c.obj
                0x08010f3c                HAL_MPU_ConfigRegion
 .text.HAL_InitTick
                0x08010f9c       0x4c cmake/stm32cubemx/CMakeFiles/STM32_Drivers.dir/__/__/Drivers/STM32H7xx_HAL_Driver/Src/stm32h7xx_hal.c.obj
                0x08010f9c                HAL_InitTick
 .text.HAL_Init
                0x08010fe8       0x60 cmake/stm32cubemx/CMakeFiles/STM32_Drivers.dir/__/__/Drivers/STM32H7xx_HAL_Driver/Src/stm32h7xx_hal.c.obj
                0x08010fe8                HAL_Init
 .text.HAL_IncTick
                0x08011048       0x18 cmake/stm32cubemx/CMakeFiles/STM32_Drivers.dir/__/__/Drivers/STM32H7xx_HAL_Driver/Src/stm32h7xx_hal.c.obj
                0x08011048                HAL_IncTick
 .text.HAL_GetTick
                0x08011060        0xc cmake/stm32cubemx/CMakeFiles/STM32_Drivers.dir/__/__/Drivers/STM32H7xx_HAL_Driver/Src/stm32h7xx_hal.c.obj
                0x08011060                HAL_GetTick
 .text.HAL_Delay
                0x0801106c       0x24 cmake/stm32cubemx/CMakeFiles/STM32_Drivers.dir/__/__/Drivers/STM32H7xx_HAL_Driver/Src/stm32h7xx_hal.c.obj
                0x0801106c                HAL_Delay
 .text.ADC_DMAHalfConvCplt
                0x08011090        0xc cmake/stm32cubemx/CMakeFiles/STM32_Drivers.dir/__/__/Drivers/STM32H7xx_HAL_Driver/Src/stm32h7xx_hal_adc.c.obj
                0x08011090                ADC_DMAHalfConvCplt
 .text.HAL_ADC_ErrorCallback
                0x0801109c        0x4 cmake/stm32cubemx/CMakeFiles/STM32_Drivers.dir/__/__/Drivers/STM32H7xx_HAL_Driver/Src/stm32h7xx_hal_adc.c.obj
                0x0801109c                HAL_ADC_ErrorCallback
 .text.ADC_DMAConvCplt
                0x080110a0       0x6c cmake/stm32cubemx/CMakeFiles/STM32_Drivers.dir/__/__/Drivers/STM32H7xx_HAL_Driver/Src/stm32h7xx_hal_adc.c.obj
                0x080110a0                ADC_DMAConvCplt
 .text.ADC_DMAError
                0x0801110c       0x1c cmake/stm32cubemx/CMakeFiles/STM32_Drivers.dir/__/__/Drivers/STM32H7xx_HAL_Driver/Src/stm32h7xx_hal_adc.c.obj
                0x0801110c                ADC_DMAError
 .text.HAL_ADC_ConfigChannel
                0x08011128      0x5f0 cmake/stm32cubemx/CMakeFiles/STM32_Drivers.dir/__/__/Drivers/STM32H7xx_HAL_Driver/Src/stm32h7xx_hal_adc.c.obj
                0x08011128                HAL_ADC_ConfigChannel
 .text.ADC_Enable
                0x08011718       0xb0 cmake/stm32cubemx/CMakeFiles/STM32_Drivers.dir/__/__/Drivers/STM32H7xx_HAL_Driver/Src/stm32h7xx_hal_adc.c.obj
                0x08011718                ADC_Enable
 .text.HAL_ADC_Start_DMA
                0x080117c8      0x12c cmake/stm32cubemx/CMakeFiles/STM32_Drivers.dir/__/__/Drivers/STM32H7xx_HAL_Driver/Src/stm32h7xx_hal_adc.c.obj
                0x080117c8                HAL_ADC_Start_DMA
 .text.ADC_Disable
                0x080118f4       0x74 cmake/stm32cubemx/CMakeFiles/STM32_Drivers.dir/__/__/Drivers/STM32H7xx_HAL_Driver/Src/stm32h7xx_hal_adc.c.obj
                0x080118f4                ADC_Disable
 .text.ADC_ConfigureBoostMode
                0x08011968      0x130 cmake/stm32cubemx/CMakeFiles/STM32_Drivers.dir/__/__/Drivers/STM32H7xx_HAL_Driver/Src/stm32h7xx_hal_adc.c.obj
                0x08011968                ADC_ConfigureBoostMode
 .text.HAL_ADC_Init
                0x08011a98      0x2e4 cmake/stm32cubemx/CMakeFiles/STM32_Drivers.dir/__/__/Drivers/STM32H7xx_HAL_Driver/Src/stm32h7xx_hal_adc.c.obj
                0x08011a98                HAL_ADC_Init
 .text.HAL_ADCEx_Calibration_Start
                0x08011d7c       0xa4 cmake/stm32cubemx/CMakeFiles/STM32_Drivers.dir/__/__/Drivers/STM32H7xx_HAL_Driver/Src/stm32h7xx_hal_adc_ex.c.obj
                0x08011d7c                HAL_ADCEx_Calibration_Start
 .text.HAL_ADCEx_MultiModeConfigChannel
                0x08011e20       0xc4 cmake/stm32cubemx/CMakeFiles/STM32_Drivers.dir/__/__/Drivers/STM32H7xx_HAL_Driver/Src/stm32h7xx_hal_adc_ex.c.obj
                0x08011e20                HAL_ADCEx_MultiModeConfigChannel
 .text.TIM_OC1_SetConfig
                0x08011ee4       0x7c cmake/stm32cubemx/CMakeFiles/STM32_Drivers.dir/__/__/Drivers/STM32H7xx_HAL_Driver/Src/stm32h7xx_hal_tim.c.obj
 .text.TIM_OC3_SetConfig
                0x08011f60       0x80 cmake/stm32cubemx/CMakeFiles/STM32_Drivers.dir/__/__/Drivers/STM32H7xx_HAL_Driver/Src/stm32h7xx_hal_tim.c.obj
 .text.HAL_TIM_Base_Init
                0x08011fe0      0x160 cmake/stm32cubemx/CMakeFiles/STM32_Drivers.dir/__/__/Drivers/STM32H7xx_HAL_Driver/Src/stm32h7xx_hal_tim.c.obj
                0x08011fe0                HAL_TIM_Base_Init
 .text.HAL_TIM_Base_Start
                0x08012140       0xb4 cmake/stm32cubemx/CMakeFiles/STM32_Drivers.dir/__/__/Drivers/STM32H7xx_HAL_Driver/Src/stm32h7xx_hal_tim.c.obj
                0x08012140                HAL_TIM_Base_Start
 .text.HAL_TIM_Base_Start_IT
                0x080121f4       0xbc cmake/stm32cubemx/CMakeFiles/STM32_Drivers.dir/__/__/Drivers/STM32H7xx_HAL_Driver/Src/stm32h7xx_hal_tim.c.obj
                0x080121f4                HAL_TIM_Base_Start_IT
 .text.HAL_TIM_PWM_MspInit
                0x080122b0        0x4 cmake/stm32cubemx/CMakeFiles/STM32_Drivers.dir/__/__/Drivers/STM32H7xx_HAL_Driver/Src/stm32h7xx_hal_tim.c.obj
                0x080122b0                HAL_TIM_PWM_MspInit
 .text.HAL_TIM_PWM_Init
                0x080122b4      0x160 cmake/stm32cubemx/CMakeFiles/STM32_Drivers.dir/__/__/Drivers/STM32H7xx_HAL_Driver/Src/stm32h7xx_hal_tim.c.obj
                0x080122b4                HAL_TIM_PWM_Init
 .text.HAL_TIM_PWM_Start
                0x08012414      0x168 cmake/stm32cubemx/CMakeFiles/STM32_Drivers.dir/__/__/Drivers/STM32H7xx_HAL_Driver/Src/stm32h7xx_hal_tim.c.obj
                0x08012414                HAL_TIM_PWM_Start
 .text.HAL_TIM_PWM_Stop
                0x0801257c       0xfc cmake/stm32cubemx/CMakeFiles/STM32_Drivers.dir/__/__/Drivers/STM32H7xx_HAL_Driver/Src/stm32h7xx_hal_tim.c.obj
                0x0801257c                HAL_TIM_PWM_Stop
 .text.HAL_TIM_IC_MspInit
                0x08012678        0x4 cmake/stm32cubemx/CMakeFiles/STM32_Drivers.dir/__/__/Drivers/STM32H7xx_HAL_Driver/Src/stm32h7xx_hal_tim.c.obj
                0x08012678                HAL_TIM_IC_MspInit
 .text.HAL_TIM_IC_Init
                0x0801267c      0x160 cmake/stm32cubemx/CMakeFiles/STM32_Drivers.dir/__/__/Drivers/STM32H7xx_HAL_Driver/Src/stm32h7xx_hal_tim.c.obj
                0x0801267c                HAL_TIM_IC_Init
 .text.HAL_TIM_IC_Start
                0x080127dc      0x1a0 cmake/stm32cubemx/CMakeFiles/STM32_Drivers.dir/__/__/Drivers/STM32H7xx_HAL_Driver/Src/stm32h7xx_hal_tim.c.obj
                0x080127dc                HAL_TIM_IC_Start
 .text.HAL_TIM_Encoder_Init
                0x0801297c      0x1b8 cmake/stm32cubemx/CMakeFiles/STM32_Drivers.dir/__/__/Drivers/STM32H7xx_HAL_Driver/Src/stm32h7xx_hal_tim.c.obj
                0x0801297c                HAL_TIM_Encoder_Init
 .text.HAL_TIM_Encoder_Start
                0x08012b34       0xc4 cmake/stm32cubemx/CMakeFiles/STM32_Drivers.dir/__/__/Drivers/STM32H7xx_HAL_Driver/Src/stm32h7xx_hal_tim.c.obj
                0x08012b34                HAL_TIM_Encoder_Start
 .text.HAL_TIM_ConfigClockSource
                0x08012bf8      0x190 cmake/stm32cubemx/CMakeFiles/STM32_Drivers.dir/__/__/Drivers/STM32H7xx_HAL_Driver/Src/stm32h7xx_hal_tim.c.obj
                0x08012bf8                HAL_TIM_ConfigClockSource
 .text.HAL_TIM_SlaveConfigSynchro
                0x08012d88      0x174 cmake/stm32cubemx/CMakeFiles/STM32_Drivers.dir/__/__/Drivers/STM32H7xx_HAL_Driver/Src/stm32h7xx_hal_tim.c.obj
                0x08012d88                HAL_TIM_SlaveConfigSynchro
 .text.HAL_TIM_OC_DelayElapsedCallback
                0x08012efc        0x4 cmake/stm32cubemx/CMakeFiles/STM32_Drivers.dir/__/__/Drivers/STM32H7xx_HAL_Driver/Src/stm32h7xx_hal_tim.c.obj
                0x08012efc                HAL_TIM_OC_DelayElapsedCallback
 .text.HAL_TIM_IC_CaptureCallback
                0x08012f00        0x4 cmake/stm32cubemx/CMakeFiles/STM32_Drivers.dir/__/__/Drivers/STM32H7xx_HAL_Driver/Src/stm32h7xx_hal_tim.c.obj
                0x08012f00                HAL_TIM_IC_CaptureCallback
 .text.HAL_TIM_PWM_PulseFinishedCallback
                0x08012f04        0x4 cmake/stm32cubemx/CMakeFiles/STM32_Drivers.dir/__/__/Drivers/STM32H7xx_HAL_Driver/Src/stm32h7xx_hal_tim.c.obj
                0x08012f04                HAL_TIM_PWM_PulseFinishedCallback
 .text.HAL_TIM_TriggerCallback
                0x08012f08        0x4 cmake/stm32cubemx/CMakeFiles/STM32_Drivers.dir/__/__/Drivers/STM32H7xx_HAL_Driver/Src/stm32h7xx_hal_tim.c.obj
                0x08012f08                HAL_TIM_TriggerCallback
 .text.HAL_TIM_IRQHandler
                0x08012f0c      0x154 cmake/stm32cubemx/CMakeFiles/STM32_Drivers.dir/__/__/Drivers/STM32H7xx_HAL_Driver/Src/stm32h7xx_hal_tim.c.obj
                0x08012f0c                HAL_TIM_IRQHandler
 .text.TIM_OC2_SetConfig
                0x08013060       0x84 cmake/stm32cubemx/CMakeFiles/STM32_Drivers.dir/__/__/Drivers/STM32H7xx_HAL_Driver/Src/stm32h7xx_hal_tim.c.obj
                0x08013060                TIM_OC2_SetConfig
 .text.HAL_TIM_PWM_ConfigChannel
                0x080130e4      0x234 cmake/stm32cubemx/CMakeFiles/STM32_Drivers.dir/__/__/Drivers/STM32H7xx_HAL_Driver/Src/stm32h7xx_hal_tim.c.obj
                0x080130e4                HAL_TIM_PWM_ConfigChannel
 .text.TIM_TI1_SetConfig
                0x08013318       0x88 cmake/stm32cubemx/CMakeFiles/STM32_Drivers.dir/__/__/Drivers/STM32H7xx_HAL_Driver/Src/stm32h7xx_hal_tim.c.obj
                0x08013318                TIM_TI1_SetConfig
 .text.HAL_TIM_IC_ConfigChannel
                0x080133a0      0x128 cmake/stm32cubemx/CMakeFiles/STM32_Drivers.dir/__/__/Drivers/STM32H7xx_HAL_Driver/Src/stm32h7xx_hal_tim.c.obj
                0x080133a0                HAL_TIM_IC_ConfigChannel
 .text.HAL_TIMEx_PWMN_Start
                0x080134c8      0x110 cmake/stm32cubemx/CMakeFiles/STM32_Drivers.dir/__/__/Drivers/STM32H7xx_HAL_Driver/Src/stm32h7xx_hal_tim_ex.c.obj
                0x080134c8                HAL_TIMEx_PWMN_Start
 .text.HAL_TIMEx_PWMN_Stop
                0x080135d8       0x94 cmake/stm32cubemx/CMakeFiles/STM32_Drivers.dir/__/__/Drivers/STM32H7xx_HAL_Driver/Src/stm32h7xx_hal_tim_ex.c.obj
                0x080135d8                HAL_TIMEx_PWMN_Stop
 .text.HAL_TIMEx_MasterConfigSynchronization
                0x0801366c       0xc8 cmake/stm32cubemx/CMakeFiles/STM32_Drivers.dir/__/__/Drivers/STM32H7xx_HAL_Driver/Src/stm32h7xx_hal_tim_ex.c.obj
                0x0801366c                HAL_TIMEx_MasterConfigSynchronization
 .text.HAL_TIMEx_ConfigBreakDeadTime
                0x08013734       0x9c cmake/stm32cubemx/CMakeFiles/STM32_Drivers.dir/__/__/Drivers/STM32H7xx_HAL_Driver/Src/stm32h7xx_hal_tim_ex.c.obj
                0x08013734                HAL_TIMEx_ConfigBreakDeadTime
 .text.HAL_TIMEx_TISelection
                0x080137d0       0x70 cmake/stm32cubemx/CMakeFiles/STM32_Drivers.dir/__/__/Drivers/STM32H7xx_HAL_Driver/Src/stm32h7xx_hal_tim_ex.c.obj
                0x080137d0                HAL_TIMEx_TISelection
 .text.HAL_TIMEx_CommutCallback
                0x08013840        0x4 cmake/stm32cubemx/CMakeFiles/STM32_Drivers.dir/__/__/Drivers/STM32H7xx_HAL_Driver/Src/stm32h7xx_hal_tim_ex.c.obj
                0x08013840                HAL_TIMEx_CommutCallback
 .text.HAL_TIMEx_BreakCallback
                0x08013844        0x4 cmake/stm32cubemx/CMakeFiles/STM32_Drivers.dir/__/__/Drivers/STM32H7xx_HAL_Driver/Src/stm32h7xx_hal_tim_ex.c.obj
                0x08013844                HAL_TIMEx_BreakCallback
 .text.HAL_TIMEx_Break2Callback
                0x08013848        0x4 cmake/stm32cubemx/CMakeFiles/STM32_Drivers.dir/__/__/Drivers/STM32H7xx_HAL_Driver/Src/stm32h7xx_hal_tim_ex.c.obj
                0x08013848                HAL_TIMEx_Break2Callback
 .text.USBD_Init
                0x0801384c       0x28 cmake/stm32cubemx/CMakeFiles/USB_Device_Library.dir/__/__/Middlewares/ST/STM32_USB_Device_Library/Core/Src/usbd_core.c.obj
                0x0801384c                USBD_Init
 .text.USBD_RegisterClass
                0x08013874       0x38 cmake/stm32cubemx/CMakeFiles/USB_Device_Library.dir/__/__/Middlewares/ST/STM32_USB_Device_Library/Core/Src/usbd_core.c.obj
                0x08013874                USBD_RegisterClass
 .text.USBD_Start
                0x080138ac        0x4 cmake/stm32cubemx/CMakeFiles/USB_Device_Library.dir/__/__/Middlewares/ST/STM32_USB_Device_Library/Core/Src/usbd_core.c.obj
                0x080138ac                USBD_Start
 .text.USBD_SetClassConfig
                0x080138b0       0x10 cmake/stm32cubemx/CMakeFiles/USB_Device_Library.dir/__/__/Middlewares/ST/STM32_USB_Device_Library/Core/Src/usbd_core.c.obj
                0x080138b0                USBD_SetClassConfig
 .text.USBD_ClrClassConfig
                0x080138c0       0x14 cmake/stm32cubemx/CMakeFiles/USB_Device_Library.dir/__/__/Middlewares/ST/STM32_USB_Device_Library/Core/Src/usbd_core.c.obj
                0x080138c0                USBD_ClrClassConfig
 .text.USBD_LL_SetupStage
                0x080138d4       0x60 cmake/stm32cubemx/CMakeFiles/USB_Device_Library.dir/__/__/Middlewares/ST/STM32_USB_Device_Library/Core/Src/usbd_core.c.obj
                0x080138d4                USBD_LL_SetupStage
 .text.USBD_LL_DataOutStage
                0x08013934       0x74 cmake/stm32cubemx/CMakeFiles/USB_Device_Library.dir/__/__/Middlewares/ST/STM32_USB_Device_Library/Core/Src/usbd_core.c.obj
                0x08013934                USBD_LL_DataOutStage
 .text.USBD_LL_DataInStage
                0x080139a8       0xc0 cmake/stm32cubemx/CMakeFiles/USB_Device_Library.dir/__/__/Middlewares/ST/STM32_USB_Device_Library/Core/Src/usbd_core.c.obj
                0x080139a8                USBD_LL_DataInStage
 .text.USBD_LL_Reset
                0x08013a68       0x5c cmake/stm32cubemx/CMakeFiles/USB_Device_Library.dir/__/__/Middlewares/ST/STM32_USB_Device_Library/Core/Src/usbd_core.c.obj
                0x08013a68                USBD_LL_Reset
 .text.USBD_LL_SetSpeed
                0x08013ac4        0x8 cmake/stm32cubemx/CMakeFiles/USB_Device_Library.dir/__/__/Middlewares/ST/STM32_USB_Device_Library/Core/Src/usbd_core.c.obj
                0x08013ac4                USBD_LL_SetSpeed
 .text.USBD_LL_Suspend
                0x08013acc       0x20 cmake/stm32cubemx/CMakeFiles/USB_Device_Library.dir/__/__/Middlewares/ST/STM32_USB_Device_Library/Core/Src/usbd_core.c.obj
                0x08013acc                USBD_LL_Suspend
 .text.USBD_LL_Resume
                0x08013aec       0x18 cmake/stm32cubemx/CMakeFiles/USB_Device_Library.dir/__/__/Middlewares/ST/STM32_USB_Device_Library/Core/Src/usbd_core.c.obj
                0x08013aec                USBD_LL_Resume
 .text.USBD_LL_SOF
                0x08013b04       0x20 cmake/stm32cubemx/CMakeFiles/USB_Device_Library.dir/__/__/Middlewares/ST/STM32_USB_Device_Library/Core/Src/usbd_core.c.obj
                0x08013b04                USBD_LL_SOF
 .text.USBD_LL_IsoINIncomplete
                0x08013b24       0x2c cmake/stm32cubemx/CMakeFiles/USB_Device_Library.dir/__/__/Middlewares/ST/STM32_USB_Device_Library/Core/Src/usbd_core.c.obj
                0x08013b24                USBD_LL_IsoINIncomplete
 .text.USBD_LL_IsoOUTIncomplete
                0x08013b50       0x2c cmake/stm32cubemx/CMakeFiles/USB_Device_Library.dir/__/__/Middlewares/ST/STM32_USB_Device_Library/Core/Src/usbd_core.c.obj
                0x08013b50                USBD_LL_IsoOUTIncomplete
 .text.USBD_LL_DevConnected
                0x08013b7c        0x4 cmake/stm32cubemx/CMakeFiles/USB_Device_Library.dir/__/__/Middlewares/ST/STM32_USB_Device_Library/Core/Src/usbd_core.c.obj
                0x08013b7c                USBD_LL_DevConnected
 .text.USBD_LL_DevDisconnected
                0x08013b80       0x24 cmake/stm32cubemx/CMakeFiles/USB_Device_Library.dir/__/__/Middlewares/ST/STM32_USB_Device_Library/Core/Src/usbd_core.c.obj
                0x08013b80                USBD_LL_DevDisconnected
 .text.USBD_CoreFindIF
                0x08013ba4        0x4 cmake/stm32cubemx/CMakeFiles/USB_Device_Library.dir/__/__/Middlewares/ST/STM32_USB_Device_Library/Core/Src/usbd_core.c.obj
                0x08013ba4                USBD_CoreFindIF
 .text.USBD_CoreFindEP
                0x08013ba8        0x4 cmake/stm32cubemx/CMakeFiles/USB_Device_Library.dir/__/__/Middlewares/ST/STM32_USB_Device_Library/Core/Src/usbd_core.c.obj
                0x08013ba8                USBD_CoreFindEP
 .text.USBD_GetEpDesc
                0x08013bac       0x2c cmake/stm32cubemx/CMakeFiles/USB_Device_Library.dir/__/__/Middlewares/ST/STM32_USB_Device_Library/Core/Src/usbd_core.c.obj
                0x08013bac                USBD_GetEpDesc
 .text.USBD_StdDevReq
                0x08013bd8      0x37c cmake/stm32cubemx/CMakeFiles/USB_Device_Library.dir/__/__/Middlewares/ST/STM32_USB_Device_Library/Core/Src/usbd_ctlreq.c.obj
                0x08013bd8                USBD_StdDevReq
 .text.USBD_StdItfReq
                0x08013f54       0x80 cmake/stm32cubemx/CMakeFiles/USB_Device_Library.dir/__/__/Middlewares/ST/STM32_USB_Device_Library/Core/Src/usbd_ctlreq.c.obj
                0x08013f54                USBD_StdItfReq
 .text.USBD_StdEPReq
                0x08013fd4      0x15c cmake/stm32cubemx/CMakeFiles/USB_Device_Library.dir/__/__/Middlewares/ST/STM32_USB_Device_Library/Core/Src/usbd_ctlreq.c.obj
                0x08013fd4                USBD_StdEPReq
 .text.USBD_ParseSetupRequest
                0x08014130       0x18 cmake/stm32cubemx/CMakeFiles/USB_Device_Library.dir/__/__/Middlewares/ST/STM32_USB_Device_Library/Core/Src/usbd_ctlreq.c.obj
                0x08014130                USBD_ParseSetupRequest
 .text.USBD_CtlError
                0x08014148       0x18 cmake/stm32cubemx/CMakeFiles/USB_Device_Library.dir/__/__/Middlewares/ST/STM32_USB_Device_Library/Core/Src/usbd_ctlreq.c.obj
                0x08014148                USBD_CtlError
 .text.USBD_GetString
                0x08014160       0x58 cmake/stm32cubemx/CMakeFiles/USB_Device_Library.dir/__/__/Middlewares/ST/STM32_USB_Device_Library/Core/Src/usbd_ctlreq.c.obj
                0x08014160                USBD_GetString
 .text.USBD_CtlSendData
                0x080141b8       0x1c cmake/stm32cubemx/CMakeFiles/USB_Device_Library.dir/__/__/Middlewares/ST/STM32_USB_Device_Library/Core/Src/usbd_ioreq.c.obj
                0x080141b8                USBD_CtlSendData
 .text.USBD_CtlContinueSendData
                0x080141d4       0x14 cmake/stm32cubemx/CMakeFiles/USB_Device_Library.dir/__/__/Middlewares/ST/STM32_USB_Device_Library/Core/Src/usbd_ioreq.c.obj
                0x080141d4                USBD_CtlContinueSendData
 .text.USBD_CtlPrepareRx
                0x080141e8       0x1c cmake/stm32cubemx/CMakeFiles/USB_Device_Library.dir/__/__/Middlewares/ST/STM32_USB_Device_Library/Core/Src/usbd_ioreq.c.obj
                0x080141e8                USBD_CtlPrepareRx
 .text.USBD_CtlContinueRx
                0x08014204       0x14 cmake/stm32cubemx/CMakeFiles/USB_Device_Library.dir/__/__/Middlewares/ST/STM32_USB_Device_Library/Core/Src/usbd_ioreq.c.obj
                0x08014204                USBD_CtlContinueRx
 .text.USBD_CtlSendStatus