Archive member included to satisfy reference by file (symbol)

C:/PROGRA~2/ARMGNU~1/14EFD8~1.2RE/bin/../lib/gcc/arm-none-eabi/14.2.1/thumb/v7e-m+dp/hard\libm.a(libm_a-wf_atan2.o)
                              CMakeFiles/Motor_Drive.dir/Core/Src/main.cpp.obj (atan2f)
C:/PROGRA~2/ARMGNU~1/14EFD8~1.2RE/bin/../lib/gcc/arm-none-eabi/14.2.1/thumb/v7e-m+dp/hard\libm.a(libm_a-wf_hypot.o)
                              CMakeFiles/Motor_Drive.dir/Core/Src/main.cpp.obj (hypotf)
C:/PROGRA~2/ARMGNU~1/14EFD8~1.2RE/bin/../lib/gcc/arm-none-eabi/14.2.1/thumb/v7e-m+dp/hard\libm.a(libm_a-sf_finite.o)
                              C:/PROGRA~2/ARMGNU~1/14EFD8~1.2RE/bin/../lib/gcc/arm-none-eabi/14.2.1/thumb/v7e-m+dp/hard\libm.a(libm_a-wf_hypot.o) (finitef)
C:/PROGRA~2/ARMGNU~1/14EFD8~1.2RE/bin/../lib/gcc/arm-none-eabi/14.2.1/thumb/v7e-m+dp/hard\libm.a(libm_a-sinf.o)
                              CMakeFiles/Motor_Drive.dir/Core/Src/main.cpp.obj (sinf)
C:/PROGRA~2/ARMGNU~1/14EFD8~1.2RE/bin/../lib/gcc/arm-none-eabi/14.2.1/thumb/v7e-m+dp/hard\libm.a(libm_a-cosf.o)
                              CMakeFiles/Motor_Drive.dir/Core/Src/main.cpp.obj (cosf)
C:/PROGRA~2/ARMGNU~1/14EFD8~1.2RE/bin/../lib/gcc/arm-none-eabi/14.2.1/thumb/v7e-m+dp/hard\libm.a(libm_a-sincosf_data.o)
                              C:/PROGRA~2/ARMGNU~1/14EFD8~1.2RE/bin/../lib/gcc/arm-none-eabi/14.2.1/thumb/v7e-m+dp/hard\libm.a(libm_a-sinf.o) (__inv_pio4)
C:/PROGRA~2/ARMGNU~1/14EFD8~1.2RE/bin/../lib/gcc/arm-none-eabi/14.2.1/thumb/v7e-m+dp/hard\libm.a(libm_a-math_errf.o)
                              C:/PROGRA~2/ARMGNU~1/14EFD8~1.2RE/bin/../lib/gcc/arm-none-eabi/14.2.1/thumb/v7e-m+dp/hard\libm.a(libm_a-sinf.o) (__math_invalidf)
C:/PROGRA~2/ARMGNU~1/14EFD8~1.2RE/bin/../lib/gcc/arm-none-eabi/14.2.1/thumb/v7e-m+dp/hard\libm.a(libm_a-ef_atan2.o)
                              C:/PROGRA~2/ARMGNU~1/14EFD8~1.2RE/bin/../lib/gcc/arm-none-eabi/14.2.1/thumb/v7e-m+dp/hard\libm.a(libm_a-wf_atan2.o) (__ieee754_atan2f)
C:/PROGRA~2/ARMGNU~1/14EFD8~1.2RE/bin/../lib/gcc/arm-none-eabi/14.2.1/thumb/v7e-m+dp/hard\libm.a(libm_a-ef_hypot.o)
                              C:/PROGRA~2/ARMGNU~1/14EFD8~1.2RE/bin/../lib/gcc/arm-none-eabi/14.2.1/thumb/v7e-m+dp/hard\libm.a(libm_a-wf_hypot.o) (__ieee754_hypotf)
C:/PROGRA~2/ARMGNU~1/14EFD8~1.2RE/bin/../lib/gcc/arm-none-eabi/14.2.1/thumb/v7e-m+dp/hard\libm.a(libm_a-sf_atan.o)
                              C:/PROGRA~2/ARMGNU~1/14EFD8~1.2RE/bin/../lib/gcc/arm-none-eabi/14.2.1/thumb/v7e-m+dp/hard\libm.a(libm_a-ef_atan2.o) (atanf)
C:/PROGRA~2/ARMGNU~1/14EFD8~1.2RE/bin/../lib/gcc/arm-none-eabi/14.2.1/thumb/v7e-m+dp/hard\libm.a(libm_a-sf_fabs.o)
                              C:/PROGRA~2/ARMGNU~1/14EFD8~1.2RE/bin/../lib/gcc/arm-none-eabi/14.2.1/thumb/v7e-m+dp/hard\libm.a(libm_a-ef_atan2.o) (fabsf)
C:/PROGRA~2/ARMGNU~1/14EFD8~1.2RE/bin/../lib/gcc/arm-none-eabi/14.2.1/thumb/v7e-m+dp/hard\libm.a(libm_a-ef_sqrt.o)
                              C:/PROGRA~2/ARMGNU~1/14EFD8~1.2RE/bin/../lib/gcc/arm-none-eabi/14.2.1/thumb/v7e-m+dp/hard\libm.a(libm_a-ef_hypot.o) (__ieee754_sqrtf)
C:/PROGRA~2/ARMGNU~1/14EFD8~1.2RE/bin/../lib/gcc/arm-none-eabi/14.2.1/thumb/v7e-m+dp/hard\libgcc.a(_arm_addsubdf3.o)
                              C:/PROGRA~2/ARMGNU~1/14EFD8~1.2RE/bin/../lib/gcc/arm-none-eabi/14.2.1/thumb/v7e-m+dp/hard\libm.a(libm_a-sinf.o) (__aeabi_l2d)
C:/PROGRA~2/ARMGNU~1/14EFD8~1.2RE/bin/../lib/gcc/arm-none-eabi/14.2.1/thumb/v7e-m+dp/hard\libgcc.a(_arm_addsubsf3.o)
                              CMakeFiles/Motor_Drive.dir/Core/Src/main.cpp.obj (__aeabi_ul2f)
C:/PROGRA~2/ARMGNU~1/14EFD8~1.2RE/bin/../lib/gcc/arm-none-eabi/14.2.1/thumb/v7e-m+dp/hard\libgcc.a(_aeabi_uldivmod.o)
                              CMakeFiles/Motor_Drive.dir/Core/Src/pwm3phase_timer.cpp.obj (__aeabi_uldivmod)
C:/PROGRA~2/ARMGNU~1/14EFD8~1.2RE/bin/../lib/gcc/arm-none-eabi/14.2.1/thumb/v7e-m+dp/hard\libgcc.a(_fixunssfdi.o)
                              CMakeFiles/Motor_Drive.dir/Core/Src/adc_sampler.cpp.obj (__aeabi_f2ulz)
C:/PROGRA~2/ARMGNU~1/14EFD8~1.2RE/bin/../lib/gcc/arm-none-eabi/14.2.1/thumb/v7e-m+dp/hard\libgcc.a(_udivmoddi4.o)
                              C:/PROGRA~2/ARMGNU~1/14EFD8~1.2RE/bin/../lib/gcc/arm-none-eabi/14.2.1/thumb/v7e-m+dp/hard\libgcc.a(_aeabi_uldivmod.o) (__udivmoddi4)
C:/PROGRA~2/ARMGNU~1/14EFD8~1.2RE/bin/../lib/gcc/arm-none-eabi/14.2.1/thumb/v7e-m+dp/hard\libgcc.a(_dvmd_tls.o)
                              C:/PROGRA~2/ARMGNU~1/14EFD8~1.2RE/bin/../lib/gcc/arm-none-eabi/14.2.1/thumb/v7e-m+dp/hard\libgcc.a(_aeabi_uldivmod.o) (__aeabi_ldiv0)
C:/PROGRA~2/ARMGNU~1/14EFD8~1.2RE/bin/../lib/gcc/arm-none-eabi/14.2.1/thumb/v7e-m+dp/hard\libg_nano.a(libc_a-atof.o)
                              CMakeFiles/Motor_Drive.dir/Core/Src/main.cpp.obj (atof)
C:/PROGRA~2/ARMGNU~1/14EFD8~1.2RE/bin/../lib/gcc/arm-none-eabi/14.2.1/thumb/v7e-m+dp/hard\libg_nano.a(libc_a-atoi.o)
                              CMakeFiles/Motor_Drive.dir/Core/Src/main.cpp.obj (atoi)
[...]
Memory Configuration

Name             Origin             Length             Attributes
DTCMRAM          0x20000000         0x00020000         xrw
RAM_D1           0x24000000         0x00050000         xrw
RAM_D2           0x30000000         0x00008000         xrw
RAM_D3           0x38000000         0x00004000         xrw
ITCMRAM          0x00000000         0x00010000         xrw
FLASH            0x08000000         0x00100000         xr
*default*        0x00000000         0xffffffff

Linker script and memory map

LOAD C:/PROGRA~2/ARMGNU~1/14EFD8~1.2RE/bin/../lib/gcc/arm-none-eabi/14.2.1/thumb/v7e-m+dp/hard/crtfastmath.o
LOAD C:/PROGRA~2/ARMGNU~1/14EFD8~1.2RE/bin/../lib/gcc/arm-none-eabi/14.2.1/thumb/v7e-m+dp/hard/crti.o
LOAD C:/PROGRA~2/ARMGNU~1/14EFD8~1.2RE/bin/../lib/gcc/arm-none-eabi/14.2.1/thumb/v7e-m+dp/hard/crtbegin.o
LOAD C:/PROGRA~2/ARMGNU~1/14EFD8~1.2RE/bin/../lib/gcc/arm-none-eabi/14.2.1/thumb/v7e-m+dp/hard/crt0.o
LOAD CMakeFiles/Motor_Drive.dir/USB_DEVICE/Target/usbd_conf.c.obj
LOAD CMakeFiles/Motor_Drive.dir/USB_DEVICE/App/usb_device.c.obj
LOAD CMakeFiles/Motor_Drive.dir/USB_DEVICE/App/usbd_desc.c.obj
LOAD CMakeFiles/Motor_Drive.dir/USB_DEVICE/App/usbd_cdc_if.c.obj
LOAD CMakeFiles/Motor_Drive.dir/Core/Src/main.c.obj
LOAD CMakeFiles/Motor_Drive.dir/Core/Src/gpio.c.obj
LOAD CMakeFiles/Motor_Drive.dir/Core/Src/adc.c.obj
LOAD CMakeFiles/Motor_Drive.dir/Core/Src/dma.c.obj
LOAD CMakeFiles/Motor_Drive.dir/Core/Src/tim.c.obj
LOAD CMakeFiles/Motor_Drive.dir/Core/Src/stm32h7xx_it.c.obj
LOAD CMakeFiles/Motor_Drive.dir/Core/Src/stm32h7xx_hal_msp.c.obj
LOAD CMakeFiles/Motor_Drive.dir/Core/Src/sysmem.c.obj
LOAD CMakeFiles/Motor_Drive.dir/Core/Src/syscalls.c.obj
LOAD CMakeFiles/Motor_Drive.dir/startup_stm32h725xx.s.obj
LOAD CMakeFiles/Motor_Drive.dir/Core/Src/main.cpp.obj
LOAD CMakeFiles/Motor_Drive.dir/Core/Src/pwm3phase_timer.cpp.obj
LOAD CMakeFiles/Motor_Drive.dir/Core/Src/digitalio.cpp.obj
LOAD CMakeFiles/Motor_Drive.dir/Core/Src/encoder.cpp.obj
LOAD CMakeFiles/Motor_Drive.dir/Core/Src/hallsensor.cpp.obj
LOAD CMakeFiles/Motor_Drive.dir/Core/Src/modulation.cpp.obj
LOAD CMakeFiles/Motor_Drive.dir/Core/Src/ustimer.cpp.obj
LOAD CMakeFiles/Motor_Drive.dir/Core/Src/adc_sampler.cpp.obj
LOAD CMakeFiles/Motor_Drive.dir/Core/Src/timer.cpp.obj
LOAD CMakeFiles/Motor_Drive.dir/Core/Src/foc.cpp.obj
LOAD CMakeFiles/Motor_Drive.dir/Core/Src/cmd.cpp.obj
LOAD CMakeFiles/Motor_Drive.dir/Core/Src/math_helpers.cpp.obj
LOAD cmake/stm32cubemx/CMakeFiles/STM32_Drivers.dir/__/__/Core/Src/system_stm32h7xx.c.obj
LOAD cmake/stm32cubemx/CMakeFiles/STM32_Drivers.dir/__/__/Drivers/STM32H7xx_HAL_Driver/Src/stm32h7xx_hal_pcd.c.obj
LOAD cmake/stm32cubemx/CMakeFiles/STM32_Drivers.dir/__/__/Drivers/STM32H7xx_HAL_Driver/Src/stm32h7xx_hal_pcd_ex.c.obj
LOAD cmake/stm32cubemx/CMakeFiles/STM32_Drivers.dir/__/__/Drivers/STM32H7xx_HAL_Driver/Src/stm32h7xx_ll_usb.c.obj
LOAD cmake/stm32cubemx/CMakeFiles/STM32_Drivers.dir/__/__/Drivers/STM32H7xx_HAL_Driver/Src/stm32h7xx_hal_rcc.c.obj
LOAD cmake/stm32cubemx/CMakeFiles/STM32_Drivers.dir/__/__/Drivers/STM32H7xx_HAL_Driver/Src/stm32h7xx_hal_rcc_ex.c.obj
LOAD cmake/stm32cubemx/CMakeFiles/STM32_Drivers.dir/__/__/Drivers/STM32H7xx_HAL_Driver/Src/stm32h7xx_hal_flash.c.obj
LOAD cmake/stm32cubemx/CMakeFiles/STM32_Drivers.dir/__/__/Drivers/STM32H7xx_HAL_Driver/Src/stm32h7xx_hal_flash_ex.c.obj
LOAD cmake/stm32cubemx/CMakeFiles/STM32_Drivers.dir/__/__/Drivers/STM32H7xx_HAL_Driver/Src/stm32h7xx_hal_gpio.c.obj
LOAD cmake/stm32cubemx/CMakeFiles/STM32_Drivers.dir/__/__/Drivers/STM32H7xx_HAL_Driver/Src/stm32h7xx_hal_hsem.c.obj
LOAD cmake/stm32cubemx/CMakeFiles/STM32_Drivers.dir/__/__/Drivers/STM32H7xx_HAL_Driver/Src/stm32h7xx_hal_dma.c.obj
LOAD cmake/stm32cubemx/CMakeFiles/STM32_Drivers.dir/__/__/Drivers/STM32H7xx_HAL_Driver/Src/stm32h7xx_hal_dma_ex.c.obj
LOAD cmake/stm32cubemx/CMakeFiles/STM32_Drivers.dir/__/__/Drivers/STM32H7xx_HAL_Driver/Src/stm32h7xx_hal_mdma.c.obj
LOAD cmake/stm32cubemx/CMakeFiles/STM32_Drivers.dir/__/__/Drivers/STM32H7xx_HAL_Driver/Src/stm32h7xx_hal_pwr.c.obj
LOAD cmake/stm32cubemx/CMakeFiles/STM32_Drivers.dir/__/__/Drivers/STM32H7xx_HAL_Driver/Src/stm32h7xx_hal_pwr_ex.c.obj
LOAD cmake/stm32cubemx/CMakeFiles/STM32_Drivers.dir/__/__/Drivers/STM32H7xx_HAL_Driver/Src/stm32h7xx_hal_cortex.c.obj
LOAD cmake/stm32cubemx/CMakeFiles/STM32_Drivers.dir/__/__/Drivers/STM32H7xx_HAL_Driver/Src/stm32h7xx_hal.c.obj
LOAD cmake/stm32cubemx/CMakeFiles/STM32_Drivers.dir/__/__/Drivers/STM32H7xx_HAL_Driver/Src/stm32h7xx_hal_i2c.c.obj
LOAD cmake/stm32cubemx/CMakeFiles/STM32_Drivers.dir/__/__/Drivers/STM32H7xx_HAL_Driver/Src/stm32h7xx_hal_i2c_ex.c.obj
LOAD cmake/stm32cubemx/CMakeFiles/STM32_Drivers.dir/__/__/Drivers/STM32H7xx_HAL_Driver/Src/stm32h7xx_hal_exti.c.obj
LOAD cmake/stm32cubemx/CMakeFiles/STM32_Drivers.dir/__/__/Drivers/STM32H7xx_HAL_Driver/Src/stm32h7xx_hal_adc.c.obj
LOAD cmake/stm32cubemx/CMakeFiles/STM32_Drivers.dir/__/__/Drivers/STM32H7xx_HAL_Driver/Src/stm32h7xx_hal_adc_ex.c.obj
LOAD cmake/stm32cubemx/CMakeFiles/STM32_Drivers.dir/__/__/Drivers/STM32H7xx_HAL_Driver/Src/stm32h7xx_hal_tim.c.obj
LOAD cmake/stm32cubemx/CMakeFiles/STM32_Drivers.dir/__/__/Drivers/STM32H7xx_HAL_Driver/Src/stm32h7xx_hal_tim_ex.c.obj
LOAD cmake/stm32cubemx/CMakeFiles/USB_Device_Library.dir/__/__/Middlewares/ST/STM32_USB_Device_Library/Core/Src/usbd_core.c.obj
LOAD cmake/stm32cubemx/CMakeFiles/USB_Device_Library.dir/__/__/Middlewares/ST/STM32_USB_Device_Library/Core/Src/usbd_ctlreq.c.obj
LOAD cmake/stm32cubemx/CMakeFiles/USB_Device_Library.dir/__/__/Middlewares/ST/STM32_USB_Device_Library/Core/Src/usbd_ioreq.c.obj
LOAD cmake/stm32cubemx/CMakeFiles/USB_Device_Library.dir/__/__/Middlewares/ST/STM32_USB_Device_Library/Class/CDC/Src/usbd_cdc.c.obj
LOAD C:/PROGRA~2/ARMGNU~1/14EFD8~1.2RE/bin/../lib/gcc/arm-none-eabi/14.2.1/thumb/v7e-m+dp/hard\libstdc++_nano.a
LOAD C:/PROGRA~2/ARMGNU~1/14EFD8~1.2RE/bin/../lib/gcc/arm-none-eabi/14.2.1/thumb/v7e-m+dp/hard\libm.a
START GROUP
LOAD C:/PROGRA~2/ARMGNU~1/14EFD8~1.2RE/bin/../lib/gcc/arm-none-eabi/14.2.1/thumb/v7e-m+dp/hard\libgcc.a
LOAD C:/PROGRA~2/ARMGNU~1/14EFD8~1.2RE/bin/../lib/gcc/arm-none-eabi/14.2.1/thumb/v7e-m+dp/hard\libg_nano.a
LOAD C:/PROGRA~2/ARMGNU~1/14EFD8~1.2RE/bin/../lib/gcc/arm-none-eabi/14.2.1/thumb/v7e-m+dp/hard\libc_nano.a
END GROUP
START GROUP
LOAD C:/PROGRA~2/ARMGNU~1/14EFD8~1.2RE/bin/../lib/gcc/arm-none-eabi/14.2.1/thumb/v7e-m+dp/hard\libgcc.a
LOAD C:/PROGRA~2/ARMGNU~1/14EFD8~1.2RE/bin/../lib/gcc/arm-none-eabi/14.2.1/thumb/v7e-m+dp/hard\libc_nano.a
END GROUP
LOAD C:/PROGRA~2/ARMGNU~1/14EFD8~1.2RE/bin/../lib/gcc/arm-none-eabi/14.2.1/thumb/v7e-m+dp/hard/crtend.o
LOAD C:/PROGRA~2/ARMGNU~1/14EFD8~1.2RE/bin/../lib/gcc/arm-none-eabi/14.2.1/thumb/v7e-m+dp/hard/crtn.o
                0x20020000                        _estack = (ORIGIN (DTCMRAM) + LENGTH (DTCMRAM))
                0x00000200                        _Min_Heap_Size = 0x200
                0x00000400                        _Min_Stack_Size = 0x400

.isr_vector     0x08000000      0x2cc
                0x08000000                        . = ALIGN (0x4)
 *(.isr_vector)
 .isr_vector    0x08000000      0x2cc CMakeFiles/Motor_Drive.dir/startup_stm32h725xx.s.obj
                0x08000000                g_pfnVectors
                0x080002cc                        . = ALIGN (0x4)

.text           0x080002d0    0x195c0
                0x080002d0                        . = ALIGN (0x4)
 *(.text)
 .text          0x080002d0      0x378 C:/PROGRA~2/ARMGNU~1/14EFD8~1.2RE/bin/../lib/gcc/arm-none-eabi/14.2.1/thumb/v7e-m+dp/hard\libgcc.a(_arm_addsubdf3.o)
                0x080002d0                __aeabi_drsub
                0x080002d8                __aeabi_dsub
                0x080002d8                __subdf3
                0x080002dc                __aeabi_dadd
                0x080002dc                __adddf3
                0x08000554                __floatunsidf
                0x08000554                __aeabi_ui2d
                0x08000574                __floatsidf
                0x08000574                __aeabi_i2d
                0x08000598                __aeabi_f2d
                0x08000598                __extendsfdf2
                0x080005dc                __floatundidf
                0x080005dc                __aeabi_ul2d
                0x080005ec                __floatdidf
                0x080005ec                __aeabi_l2d
 .text          0x08000648      0x21c C:/PROGRA~2/ARMGNU~1/14EFD8~1.2RE/bin/../lib/gcc/arm-none-eabi/14.2.1/thumb/v7e-m+dp/hard\libgcc.a(_arm_addsubsf3.o)
                0x08000648                __aeabi_frsub
                0x08000650                __subsf3
                0x08000650                __aeabi_fsub
                0x08000654                __aeabi_fadd
                0x08000654                __addsf3
                0x080007b4                __aeabi_ui2f
                0x080007b4                __floatunsisf
                0x080007bc                __aeabi_i2f
                0x080007bc                __floatsisf
                0x080007d8                __aeabi_ul2f
                0x080007d8                __floatundisf
                0x080007e8                __aeabi_l2f
                0x080007e8                __floatdisf
 .text          0x08000864       0x30 C:/PROGRA~2/ARMGNU~1/14EFD8~1.2RE/bin/../lib/gcc/arm-none-eabi/14.2.1/thumb/v7e-m+dp/hard\libgcc.a(_aeabi_uldivmod.o)
                0x08000864                __aeabi_uldivmod
 .text          0x08000894        0x4 C:/PROGRA~2/ARMGNU~1/14EFD8~1.2RE/bin/../lib/gcc/arm-none-eabi/14.2.1/thumb/v7e-m+dp/hard\libgcc.a(_dvmd_tls.o)
                0x08000894                __aeabi_idiv0
                0x08000894                __aeabi_ldiv0
 .text          0x08000898       0x14 C:/PROGRA~2/ARMGNU~1/14EFD8~1.2RE/bin/../lib/gcc/arm-none-eabi/14.2.1/thumb/v7e-m+dp/hard\libg_nano.a(libc_a-strcmp.o)
                0x08000898                strcmp
 *fill*         0x080008ac        0x4 
 .text          0x080008b0       0xa0 C:/PROGRA~2/ARMGNU~1/14EFD8~1.2RE/bin/../lib/gcc/arm-none-eabi/14.2.1/thumb/v7e-m+dp/hard\libg_nano.a(libc_a-memchr.o)
                0x080008b0                memchr
 .text          0x08000950       0x10 C:/PROGRA~2/ARMGNU~1/14EFD8~1.2RE/bin/../lib/gcc/arm-none-eabi/14.2.1/thumb/v7e-m+dp/hard\libg_nano.a(libc_a-strlen.o)
                0x08000950                strlen
 *(.text*)
 .text.startup.__arm_set_fast_math
                0x08000960       0x10 C:/PROGRA~2/ARMGNU~1/14EFD8~1.2RE/bin/../lib/gcc/arm-none-eabi/14.2.1/thumb/v7e-m+dp/hard/crtfastmath.o
 .text.deregister_tm_clones
                0x08000970       0x1c C:/PROGRA~2/ARMGNU~1/14EFD8~1.2RE/bin/../lib/gcc/arm-none-eabi/14.2.1/thumb/v7e-m+dp/hard/crtbegin.o
 .text.register_tm_clones
                0x0800098c       0x24 C:/PROGRA~2/ARMGNU~1/14EFD8~1.2RE/bin/../lib/gcc/arm-none-eabi/14.2.1/thumb/v7e-m+dp/hard/crtbegin.o
 .text.__do_global_dtors_aux
                0x080009b0       0x28 C:/PROGRA~2/ARMGNU~1/14EFD8~1.2RE/bin/../lib/gcc/arm-none-eabi/14.2.1/thumb/v7e-m+dp/hard/crtbegin.o
 .text.frame_dummy
                0x080009d8       0x24 C:/PROGRA~2/ARMGNU~1/14EFD8~1.2RE/bin/../lib/gcc/arm-none-eabi/14.2.1/thumb/v7e-m+dp/hard/crtbegin.o
 .text.HAL_PCD_MspInit
                0x080009fc       0x4c CMakeFiles/Motor_Drive.dir/USB_DEVICE/Target/usbd_conf.c.obj
                0x080009fc                HAL_PCD_MspInit
 .text.HAL_PCD_SetupStageCallback
                0x08000a48        0xc CMakeFiles/Motor_Drive.dir/USB_DEVICE/Target/usbd_conf.c.obj
                0x08000a48                HAL_PCD_SetupStageCallback
 .text.HAL_PCD_DataOutStageCallback
                0x08000a54       0x14 CMakeFiles/Motor_Drive.dir/USB_DEVICE/Target/usbd_conf.c.obj
                0x08000a54                HAL_PCD_DataOutStageCallback
 .text.HAL_PCD_DataInStageCallback
                0x08000a68       0x14 CMakeFiles/Motor_Drive.dir/USB_DEVICE/Target/usbd_conf.c.obj
                0x08000a68                HAL_PCD_DataInStageCallback
 .text.HAL_PCD_SOFCallback
                0x08000a7c        0x8 CMakeFiles/Motor_Drive.dir/USB_DEVICE/Target/usbd_conf.c.obj
                0x08000a7c                HAL_PCD_SOFCallback
 .text.HAL_PCD_ResetCallback
                0x08000a84       0x2c CMakeFiles/Motor_Drive.dir/USB_DEVICE/Target/usbd_conf.c.obj
                0x08000a84                HAL_PCD_ResetCallback
 .text.HAL_PCD_SuspendCallback
                0x08000ab0       0x30 CMakeFiles/Motor_Drive.dir/USB_DEVICE/Target/usbd_conf.c.obj
                0x08000ab0                HAL_PCD_SuspendCallback
 .text.HAL_PCD_ResumeCallback
                0x08000ae0        0x8 CMakeFiles/Motor_Drive.dir/USB_DEVICE/Target/usbd_conf.c.obj
                0x08000ae0                HAL_PCD_ResumeCallback
 .text.HAL_PCD_ISOOUTIncompleteCallback
                0x08000ae8        0x8 CMakeFiles/Motor_Drive.dir/USB_DEVICE/Target/usbd_conf.c.obj
                0x08000ae8                HAL_PCD_ISOOUTIncompleteCallback
 .text.HAL_PCD_ISOINIncompleteCallback
                0x08000af0        0x8 CMakeFiles/Motor_Drive.dir/USB_DEVICE/Target/usbd_conf.c.obj
                0x08000af0                HAL_PCD_ISOINIncompleteCallback
 .text.HAL_PCD_ConnectCallback
                0x08000af8        0x8 CMakeFiles/Motor_Drive.dir/USB_DEVICE/Target/usbd_conf.c.obj
                0x08000af8                HAL_PCD_ConnectCallback
 .text.HAL_PCD_DisconnectCallback
                0x08000b00        0x8 CMakeFiles/Motor_Drive.dir/USB_DEVICE/Target/usbd_conf.c.obj
                0x08000b00                HAL_PCD_DisconnectCallback
 .text.USBD_LL_Init
                0x08000b08       0x70 CMakeFiles/Motor_Drive.dir/USB_DEVICE/Target/usbd_conf.c.obj
                0x08000b08                USBD_LL_Init
 .text.USBD_LL_Start
                0x08000b78       0x18 CMakeFiles/Motor_Drive.dir/USB_DEVICE/Target/usbd_conf.c.obj
                0x08000b78                USBD_LL_Start
 .text.USBD_LL_OpenEP
                0x08000b90       0x1c CMakeFiles/Motor_Drive.dir/USB_DEVICE/Target/usbd_conf.c.obj
                0x08000b90                USBD_LL_OpenEP
 .text.USBD_LL_CloseEP
                0x08000bac       0x18 CMakeFiles/Motor_Drive.dir/USB_DEVICE/Target/usbd_conf.c.obj
                0x08000bac                USBD_LL_CloseEP
 .text.USBD_LL_StallEP
                0x08000bc4       0x18 CMakeFiles/Motor_Drive.dir/USB_DEVICE/Target/usbd_conf.c.obj
                0x08000bc4                USBD_LL_StallEP
 .text.USBD_LL_ClearStallEP
                0x08000bdc       0x18 CMakeFiles/Motor_Drive.dir/USB_DEVICE/Target/usbd_conf.c.obj
                0x08000bdc                USBD_LL_ClearStallEP
 .text.USBD_LL_IsStallEP
                0x08000bf4       0x28 CMakeFiles/Motor_Drive.dir/USB_DEVICE/Target/usbd_conf.c.obj
                0x08000bf4                USBD_LL_IsStallEP
 .text.USBD_LL_SetUSBAddress
                0x08000c1c       0x18 CMakeFiles/Motor_Drive.dir/USB_DEVICE/Target/usbd_conf.c.obj
                0x08000c1c                USBD_LL_SetUSBAddress
 .text.USBD_LL_Transmit
                0x08000c34       0x18 CMakeFiles/Motor_Drive.dir/USB_DEVICE/Target/usbd_conf.c.obj
                0x08000c34                USBD_LL_Transmit
 .text.USBD_LL_PrepareReceive
                0x08000c4c       0x18 CMakeFiles/Motor_Drive.dir/USB_DEVICE/Target/usbd_conf.c.obj
                0x08000c4c                USBD_LL_PrepareReceive
 .text.USBD_LL_GetRxDataSize
                0x08000c64        0x8 CMakeFiles/Motor_Drive.dir/USB_DEVICE/Target/usbd_conf.c.obj
                0x08000c64                USBD_LL_GetRxDataSize
 .text.USBD_static_malloc
                0x08000c6c        0x8 CMakeFiles/Motor_Drive.dir/USB_DEVICE/Target/usbd_conf.c.obj
                0x08000c6c                USBD_static_malloc
 .text.USBD_static_free
                0x08000c74        0x4 CMakeFiles/Motor_Drive.dir/USB_DEVICE/Target/usbd_conf.c.obj
                0x08000c74                USBD_static_free
 .text.MX_USB_DEVICE_Init
                0x08000c78       0x7c CMakeFiles/Motor_Drive.dir/USB_DEVICE/App/usb_device.c.obj
                0x08000c78                MX_USB_DEVICE_Init
 .text.USBD_HS_DeviceDescriptor
                0x08000cf4        0xc CMakeFiles/Motor_Drive.dir/USB_DEVICE/App/usbd_desc.c.obj
                0x08000cf4                USBD_HS_DeviceDescriptor
 .text.USBD_HS_LangIDStrDescriptor
                0x08000d00        0xc CMakeFiles/Motor_Drive.dir/USB_DEVICE/App/usbd_desc.c.obj
                0x08000d00                USBD_HS_LangIDStrDescriptor
 .text.USBD_HS_ManufacturerStrDescriptor
                0x08000d0c       0x18 CMakeFiles/Motor_Drive.dir/USB_DEVICE/App/usbd_desc.c.obj
                0x08000d0c                USBD_HS_ManufacturerStrDescriptor
 .text.USBD_HS_ProductStrDescriptor
                0x08000d24       0x18 CMakeFiles/Motor_Drive.dir/USB_DEVICE/App/usbd_desc.c.obj
                0x08000d24                USBD_HS_ProductStrDescriptor
 .text.USBD_HS_ConfigStrDescriptor
                0x08000d3c       0x18 CMakeFiles/Motor_Drive.dir/USB_DEVICE/App/usbd_desc.c.obj
                0x08000d3c                USBD_HS_ConfigStrDescriptor
 .text.USBD_HS_InterfaceStrDescriptor
                0x08000d54       0x18 CMakeFiles/Motor_Drive.dir/USB_DEVICE/App/usbd_desc.c.obj
                0x08000d54                USBD_HS_InterfaceStrDescriptor
 .text.USBD_HS_SerialStrDescriptor
                0x08000d6c      0x154 CMakeFiles/Motor_Drive.dir/USB_DEVICE/App/usbd_desc.c.obj
                0x08000d6c                USBD_HS_SerialStrDescriptor
 .text.CDC_DeInit_HS
                0x08000ec0        0x4 CMakeFiles/Motor_Drive.dir/USB_DEVICE/App/usbd_cdc_if.c.obj
 .text.CDC_Control_HS
                0x08000ec4        0x4 CMakeFiles/Motor_Drive.dir/USB_DEVICE/App/usbd_cdc_if.c.obj
 .text.CDC_TransmitCplt_HS
                0x08000ec8        0xc CMakeFiles/Motor_Drive.dir/USB_DEVICE/App/usbd_cdc_if.c.obj
 .text.CDC_Receive_HS
                0x08000ed4       0x20 CMakeFiles/Motor_Drive.dir/USB_DEVICE/App/usbd_cdc_if.c.obj
 .text.CDC_Init_HS
                0x08000ef4       0x24 CMakeFiles/Motor_Drive.dir/USB_DEVICE/App/usbd_cdc_if.c.obj
 .text.CDC_Transmit_HS
                0x08000f18       0x2c CMakeFiles/Motor_Drive.dir/USB_DEVICE/App/usbd_cdc_if.c.obj
                0x08000f18                CDC_Transmit_HS
 .text.SystemClock_Config
                0x08000f44       0xac CMakeFiles/Motor_Drive.dir/Core/Src/main.c.obj
                0x08000f44                SystemClock_Config
 .text.PeriphCommonClock_Config
                0x08000ff0       0x60 CMakeFiles/Motor_Drive.dir/Core/Src/main.c.obj
                0x08000ff0                PeriphCommonClock_Config
 .text.Error_Handler
                0x08001050        0x4 CMakeFiles/Motor_Drive.dir/Core/Src/main.c.obj
                0x08001050                Error_Handler
 .text.MX_GPIO_Init
                0x08001054      0x1a0 CMakeFiles/Motor_Drive.dir/Core/Src/gpio.c.obj
                0x08001054                MX_GPIO_Init
 .text.MX_ADC1_Init
                0x080011f4      0x104 CMakeFiles/Motor_Drive.dir/Core/Src/adc.c.obj
                0x080011f4                MX_ADC1_Init
 .text.MX_ADC2_Init
                0x080012f8       0xc8 CMakeFiles/Motor_Drive.dir/Core/Src/adc.c.obj
                0x080012f8                MX_ADC2_Init
 .text.MX_ADC3_Init
                0x080013c0       0xc8 CMakeFiles/Motor_Drive.dir/Core/Src/adc.c.obj
                0x080013c0                MX_ADC3_Init
 .text.HAL_ADC_MspInit
                0x08001488      0x234 CMakeFiles/Motor_Drive.dir/Core/Src/adc.c.obj
                0x08001488                HAL_ADC_MspInit
 .text.MX_DMA_Init
                0x080016bc       0x58 CMakeFiles/Motor_Drive.dir/Core/Src/dma.c.obj
                0x080016bc                MX_DMA_Init
 *fill*         0x08001714        0x4 
 .text.MX_TIM1_Init
                0x08001718       0x88 CMakeFiles/Motor_Drive.dir/Core/Src/tim.c.obj
                0x08001718                MX_TIM1_Init
 .text.MX_TIM2_Init
                0x080017a0       0x74 CMakeFiles/Motor_Drive.dir/Core/Src/tim.c.obj
                0x080017a0                MX_TIM2_Init
 .text.MX_TIM3_Init
                0x08001814       0x74 CMakeFiles/Motor_Drive.dir/Core/Src/tim.c.obj
                0x08001814                MX_TIM3_Init
 .text.MX_TIM4_Init
                0x08001888       0x70 CMakeFiles/Motor_Drive.dir/Core/Src/tim.c.obj
                0x08001888                MX_TIM4_Init
 .text.MX_TIM5_Init
                0x080018f8       0x74 CMakeFiles/Motor_Drive.dir/Core/Src/tim.c.obj
                0x080018f8                MX_TIM5_Init
 .text.MX_TIM6_Init
                0x0800196c       0x54 CMakeFiles/Motor_Drive.dir/Core/Src/tim.c.obj
                0x0800196c                MX_TIM6_Init
 .text.MX_TIM12_Init
                0x080019c0       0x78 CMakeFiles/Motor_Drive.dir/Core/Src/tim.c.obj
                0x080019c0                MX_TIM12_Init
 .text.MX_TIM15_Init
                0x08001a38       0xec CMakeFiles/Motor_Drive.dir/Core/Src/tim.c.obj
                0x08001a38                MX_TIM15_Init
 .text.MX_TIM16_Init
                0x08001b24       0x38 CMakeFiles/Motor_Drive.dir/Core/Src/tim.c.obj
                0x08001b24                MX_TIM16_Init
 .text.HAL_TIM_Base_MspInit
                0x08001b5c      0x218 CMakeFiles/Motor_Drive.dir/Core/Src/tim.c.obj
                0x08001b5c                HAL_TIM_Base_MspInit
 *fill*         0x08001d74        0x4 
 .text.HAL_TIM_Encoder_MspInit
                0x08001d78       0x8c CMakeFiles/Motor_Drive.dir/Core/Src/tim.c.obj
                0x08001d78                HAL_TIM_Encoder_MspInit
 .text.HAL_TIM_MspPostInit
                0x08001e04       0xc4 CMakeFiles/Motor_Drive.dir/Core/Src/tim.c.obj
                0x08001e04                HAL_TIM_MspPostInit
 .text.MX_TIM8_Init
                0x08001ec8      0x148 CMakeFiles/Motor_Drive.dir/Core/Src/tim.c.obj
                0x08001ec8                MX_TIM8_Init
 .text.NMI_Handler
                0x08002010        0x4 CMakeFiles/Motor_Drive.dir/Core/Src/stm32h7xx_it.c.obj
                0x08002010                NMI_Handler
 .text.HardFault_Handler
                0x08002014        0x4 CMakeFiles/Motor_Drive.dir/Core/Src/stm32h7xx_it.c.obj
                0x08002014                HardFault_Handler
 .text.MemManage_Handler
                0x08002018        0x4 CMakeFiles/Motor_Drive.dir/Core/Src/stm32h7xx_it.c.obj
                0x08002018                MemManage_Handler
 .text.BusFault_Handler
                0x0800201c        0x4 CMakeFiles/Motor_Drive.dir/Core/Src/stm32h7xx_it.c.obj
                0x0800201c                BusFault_Handler
 .text.UsageFault_Handler
                0x08002020        0x4 CMakeFiles/Motor_Drive.dir/Core/Src/stm32h7xx_it.c.obj
                0x08002020                UsageFault_Handler
 .text.SVC_Handler
                0x08002024        0x4 CMakeFiles/Motor_Drive.dir/Core/Src/stm32h7xx_it.c.obj
                0x08002024                SVC_Handler
 .text.DebugMon_Handler
                0x08002028        0x4 CMakeFiles/Motor_Drive.dir/Core/Src/stm32h7xx_it.c.obj
                0x08002028                DebugMon_Handler
 .text.PendSV_Handler
                0x0800202c        0x4 CMakeFiles/Motor_Drive.dir/Core/Src/stm32h7xx_it.c.obj
                0x0800202c                PendSV_Handler
 .text.SysTick_Handler
                0x08002030        0x4 CMakeFiles/Motor_Drive.dir/Core/Src/stm32h7xx_it.c.obj
                0x08002030                SysTick_Handler
 .text.EXTI4_IRQHandler
                0x08002034        0x8 CMakeFiles/Motor_Drive.dir/Core/Src/stm32h7xx_it.c.obj
                0x08002034                EXTI4_IRQHandler
 .text.DMA1_Stream0_IRQHandler
                0x0800203c        0xc CMakeFiles/Motor_Drive.dir/Core/Src/stm32h7xx_it.c.obj
                0x0800203c                DMA1_Stream0_IRQHandler
 .text.DMA1_Stream1_IRQHandler
                0x08002048        0xc CMakeFiles/Motor_Drive.dir/Core/Src/stm32h7xx_it.c.obj
                0x08002048                DMA1_Stream1_IRQHandler
 .text.DMA1_Stream2_IRQHandler
                0x08002054        0xc CMakeFiles/Motor_Drive.dir/Core/Src/stm32h7xx_it.c.obj
                0x08002054                DMA1_Stream2_IRQHandler
 .text.EXTI9_5_IRQHandler
                0x08002060       0x1c CMakeFiles/Motor_Drive.dir/Core/Src/stm32h7xx_it.c.obj
                0x08002060                EXTI9_5_IRQHandler
 .text.TIM2_IRQHandler
                0x0800207c        0xc CMakeFiles/Motor_Drive.dir/Core/Src/stm32h7xx_it.c.obj
                0x0800207c                TIM2_IRQHandler
 .text.TIM3_IRQHandler
                0x08002088        0xc CMakeFiles/Motor_Drive.dir/Core/Src/stm32h7xx_it.c.obj
                0x08002088                TIM3_IRQHandler
 .text.TIM4_IRQHandler
                0x08002094        0xc CMakeFiles/Motor_Drive.dir/Core/Src/stm32h7xx_it.c.obj
                0x08002094                TIM4_IRQHandler
 .text.TIM8_UP_TIM13_IRQHandler
                0x080020a0        0xc CMakeFiles/Motor_Drive.dir/Core/Src/stm32h7xx_it.c.obj
                0x080020a0                TIM8_UP_TIM13_IRQHandler
 .text.TIM8_TRG_COM_TIM14_IRQHandler
                0x080020ac        0xc CMakeFiles/Motor_Drive.dir/Core/Src/stm32h7xx_it.c.obj
                0x080020ac                TIM8_TRG_COM_TIM14_IRQHandler
 .text.TIM6_DAC_IRQHandler
                0x080020b8        0xc CMakeFiles/Motor_Drive.dir/Core/Src/stm32h7xx_it.c.obj
                0x080020b8                TIM6_DAC_IRQHandler
 .text.OTG_HS_IRQHandler
                0x080020c4        0xc CMakeFiles/Motor_Drive.dir/Core/Src/stm32h7xx_it.c.obj
                0x080020c4                OTG_HS_IRQHandler
 .text.TIM15_IRQHandler
                0x080020d0        0xc CMakeFiles/Motor_Drive.dir/Core/Src/stm32h7xx_it.c.obj
                0x080020d0                TIM15_IRQHandler
 .text.TIM16_IRQHandler
                0x080020dc        0xc CMakeFiles/Motor_Drive.dir/Core/Src/stm32h7xx_it.c.obj
                0x080020dc                TIM16_IRQHandler
 .text.HAL_MspInit
                0x080020e8       0x28 CMakeFiles/Motor_Drive.dir/Core/Src/stm32h7xx_hal_msp.c.obj
                0x080020e8                HAL_MspInit
 .text._sbrk    0x08002110       0x48 CMakeFiles/Motor_Drive.dir/Core/Src/sysmem.c.obj
                0x08002110                _sbrk
 .text._getpid  0x08002158        0x4 CMakeFiles/Motor_Drive.dir/Core/Src/syscalls.c.obj
                0x08002158                _getpid
 .text._kill    0x0800215c       0x14 CMakeFiles/Motor_Drive.dir/Core/Src/syscalls.c.obj
                0x0800215c                _kill
 .text._exit    0x08002170        0xc CMakeFiles/Motor_Drive.dir/Core/Src/syscalls.c.obj
                0x08002170                _exit
 .text._read    0x0800217c       0x1c CMakeFiles/Motor_Drive.dir/Core/Src/syscalls.c.obj
                0x0800217c                _read
 .text._write   0x08002198       0x1c CMakeFiles/Motor_Drive.dir/Core/Src/syscalls.c.obj
                0x08002198                _write
 .text._close   0x080021b4        0x8 CMakeFiles/Motor_Drive.dir/Core/Src/syscalls.c.obj
                0x080021b4                _close
 .text._fstat   0x080021bc        0xc CMakeFiles/Motor_Drive.dir/Core/Src/syscalls.c.obj
                0x080021bc                _fstat
 .text._isatty  0x080021c8        0x4 CMakeFiles/Motor_Drive.dir/Core/Src/syscalls.c.obj
                0x080021c8                _isatty
 .text._lseek   0x080021cc        0x4 CMakeFiles/Motor_Drive.dir/Core/Src/syscalls.c.obj
                0x080021cc                _lseek
 .text.Reset_Handler
                0x080021d0       0x54 CMakeFiles/Motor_Drive.dir/startup_stm32h725xx.s.obj
                0x080021d0                Reset_Handler
 .text.Default_Handler
                0x08002224        0x2 CMakeFiles/Motor_Drive.dir/startup_stm32h725xx.s.obj
                0x08002224                RTC_Alarm_IRQHandler
                0x08002224                EXTI2_IRQHandler
                0x08002224                TIM8_CC_IRQHandler
                0x08002224                UART8_IRQHandler
                0x08002224                SPI4_IRQHandler
                0x08002224                FDCAN3_IT0_IRQHandler
                0x08002224                TIM1_CC_IRQHandler
                0x08002224                BDMA_Channel6_IRQHandler
                0x08002224                DMA2_Stream5_IRQHandler
                0x08002224                DMA1_Stream5_IRQHandler
                0x08002224                CORDIC_IRQHandler
                0x08002224                BDMA_Channel1_IRQHandler
                0x08002224                TAMP_STAMP_IRQHandler
                0x08002224                EXTI3_IRQHandler
                0x08002224                LPTIM4_IRQHandler
                0x08002224                LPTIM2_IRQHandler
                0x08002224                DFSDM1_FLT1_IRQHandler
                0x08002224                DMAMUX2_OVR_IRQHandler
                0x08002224                I2C3_ER_IRQHandler
                0x08002224                DFSDM1_FLT2_IRQHandler
                0x08002224                I2C5_EV_IRQHandler
                0x08002224                USART10_IRQHandler
                0x08002224                MDMA_IRQHandler
                0x08002224                LPTIM3_IRQHandler
                0x08002224                HSEM1_IRQHandler
                0x08002224                EXTI0_IRQHandler
                0x08002224                I2C2_EV_IRQHandler
                0x08002224                FPU_IRQHandler
                0x08002224                OTG_HS_WKUP_IRQHandler
                0x08002224                FDCAN1_IT1_IRQHandler
                0x08002224                LTDC_ER_IRQHandler
                0x08002224                DMA2_Stream2_IRQHandler
                0x08002224                SPI1_IRQHandler
                0x08002224                OCTOSPI1_IRQHandler
                0x08002224                DMA2_Stream3_IRQHandler
                0x08002224                OCTOSPI2_IRQHandler
                0x08002224                DFSDM1_FLT3_IRQHandler
                0x08002224                TIM23_IRQHandler
                0x08002224                USART6_IRQHandler
                0x08002224                TIM17_IRQHandler
                0x08002224                USART3_IRQHandler
                0x08002224                BDMA_Channel7_IRQHandler
                0x08002224                LPTIM5_IRQHandler
                0x08002224                UART5_IRQHandler
                0x08002224                ADC3_IRQHandler
                0x08002224                DMA2_Stream0_IRQHandler
                0x08002224                BDMA_Channel2_IRQHandler
                0x08002224                I2C1_EV_IRQHandler
                0x08002224                DMA1_Stream6_IRQHandler
                0x08002224                DMAMUX1_OVR_IRQHandler
                0x08002224                UART4_IRQHandler
                0x08002224                BDMA_Channel5_IRQHandler
                0x08002224                RCC_IRQHandler
                0x08002224                UART9_IRQHandler
                0x08002224                TIM8_BRK_TIM12_IRQHandler
                0x08002224                TIM1_TRG_COM_IRQHandler
                0x08002224                Default_Handler
                0x08002224                ECC_IRQHandler
                0x08002224                FMAC_IRQHandler
                0x08002224                CEC_IRQHandler
                0x08002224                EXTI15_10_IRQHandler
                0x08002224                BDMA_Channel0_IRQHandler
                0x08002224                ADC_IRQHandler
                0x08002224                I2C5_ER_IRQHandler
                0x08002224                DMA1_Stream7_IRQHandler
                0x08002224                SPI5_IRQHandler
                0x08002224                TIM7_IRQHandler
                0x08002224                FDCAN3_IT1_IRQHandler
                0x08002224                SDMMC1_IRQHandler
                0x08002224                TIM5_IRQHandler
                0x08002224                DMA2_Stream7_IRQHandler
                0x08002224                PVD_AVD_IRQHandler
                0x08002224                I2C3_EV_IRQHandler
                0x08002224                RTC_WKUP_IRQHandler
                0x08002224                LTDC_IRQHandler
                0x08002224                ETH_WKUP_IRQHandler
                0x08002224                SPDIF_RX_IRQHandler
                0x08002224                SPI2_IRQHandler
                0x08002224                OTG_HS_EP1_IN_IRQHandler
                0x08002224                TIM24_IRQHandler
                0x08002224                CRS_IRQHandler
                0x08002224                RNG_IRQHandler
                0x08002224                FDCAN2_IT1_IRQHandler
                0x08002224                ETH_IRQHandler
                0x08002224                TIM1_UP_IRQHandler
                0x08002224                BDMA_Channel4_IRQHandler
                0x08002224                OTG_HS_EP1_OUT_IRQHandler
                0x08002224                WWDG_IRQHandler
                0x08002224                SPI6_IRQHandler
                0x08002224                MDIOS_IRQHandler
                0x08002224                I2C4_EV_IRQHandler
                0x08002224                FDCAN2_IT0_IRQHandler
                0x08002224                LPUART1_IRQHandler
                0x08002224                FDCAN1_IT0_IRQHandler
                0x08002224                DMA2D_IRQHandler
                0x08002224                TIM1_BRK_IRQHandler
                0x08002224                EXTI1_IRQHandler
                0x08002224                SDMMC2_IRQHandler
                0x08002224                BDMA_Channel3_IRQHandler
                0x08002224                DTS_IRQHandler
                0x08002224                UART7_IRQHandler
                0x08002224                MDIOS_WKUP_IRQHandler
                0x08002224                USART2_IRQHandler
                0x08002224                DFSDM1_FLT0_IRQHandler
                0x08002224                SAI4_IRQHandler
                0x08002224                I2C2_ER_IRQHandler
                0x08002224                DMA2_Stream1_IRQHandler
                0x08002224                FLASH_IRQHandler
                0x08002224                DMA2_Stream4_IRQHandler
                0x08002224                USART1_IRQHandler
                0x08002224                SPI3_IRQHandler
                0x08002224                WAKEUP_PIN_IRQHandler
                0x08002224                DMA1_Stream4_IRQHandler
                0x08002224                I2C1_ER_IRQHandler
                0x08002224                FMC_IRQHandler
                0x08002224                FDCAN_CAL_IRQHandler
                0x08002224                SWPMI1_IRQHandler
                0x08002224                COMP1_IRQHandler
                0x08002224                LPTIM1_IRQHandler
                0x08002224                DCMI_PSSI_IRQHandler
                0x08002224                I2C4_ER_IRQHandler
                0x08002224                DMA2_Stream6_IRQHandler
                0x08002224                SAI1_IRQHandler
                0x08002224                DMA1_Stream3_IRQHandler
 *fill*         0x08002226        0x2 
 .text.HAL_ADC_ConvHalfCpltCallback
                0x08002228        0x4 CMakeFiles/Motor_Drive.dir/Core/Src/main.cpp.obj
                0x08002228                HAL_ADC_ConvHalfCpltCallback
 .text.HAL_ADC_ConvCpltCallback
                0x0800222c        0x4 CMakeFiles/Motor_Drive.dir/Core/Src/main.cpp.obj
                0x0800222c                HAL_ADC_ConvCpltCallback
 .text.USB_CDC_RxHandler
                0x08002230       0x20 CMakeFiles/Motor_Drive.dir/Core/Src/main.cpp.obj
                0x08002230                USB_CDC_RxHandler
 .text._Z9timer3IRQv
                0x08002250      0x198 CMakeFiles/Motor_Drive.dir/Core/Src/main.cpp.obj
                0x08002250                timer3IRQ()
 .text._Z18printTelemetryUTF8v
                0x080023e8      0x8e4 CMakeFiles/Motor_Drive.dir/Core/Src/main.cpp.obj
                0x080023e8                printTelemetryUTF8()
 .text._Z20printTelemetryBinaryv
                0x08002ccc      0x4d0 CMakeFiles/Motor_Drive.dir/Core/Src/main.cpp.obj
                0x08002ccc                printTelemetryBinary()
 .text._Z12speedControlv
                0x0800319c      0x564 CMakeFiles/Motor_Drive.dir/Core/Src/main.cpp.obj
                0x0800319c                speedControl()
 .text._Z10vvvfRampUpP10Sampling_t
                0x08003700      0x628 CMakeFiles/Motor_Drive.dir/Core/Src/main.cpp.obj
                0x08003700                vvvfRampUp(Sampling_t*)
 .text._Z18sixStepCommutationv
                0x08003d28       0xcc CMakeFiles/Motor_Drive.dir/Core/Src/main.cpp.obj
                0x08003d28                sixStepCommutation()
 .text.HAL_GPIO_EXTI_Callback
                0x08003df4       0x7c CMakeFiles/Motor_Drive.dir/Core/Src/main.cpp.obj
                0x08003df4                HAL_GPIO_EXTI_Callback
 .text._Z16sampleAndProtectP10Sampling_tb
                0x08003e70      0x324 CMakeFiles/Motor_Drive.dir/Core/Src/main.cpp.obj
                0x08003e70                sampleAndProtect(Sampling_t*, bool)
 .text._Z18loadAdcCalibrationP9ADCGain_th
                0x08004194      0x14c CMakeFiles/Motor_Drive.dir/Core/Src/main.cpp.obj
                0x08004194                loadAdcCalibration(ADCGain_t*, unsigned char)
 .text._Z8cmd_stopiPPc
                0x080042e0       0xe0 CMakeFiles/Motor_Drive.dir/Core/Src/main.cpp.obj
                0x080042e0                cmd_stop(int, char**)
 .text._Z7cmd_simiPPc
                0x080043c0       0x44 CMakeFiles/Motor_Drive.dir/Core/Src/main.cpp.obj
                0x080043c0                cmd_sim(int, char**)
 .text._Z9cmd_resetiPPc
                0x08004404       0xf0 CMakeFiles/Motor_Drive.dir/Core/Src/main.cpp.obj
                0x08004404                cmd_reset(int, char**)
 .text._Z11cmd_sixstepiPPc
                0x080044f4       0x9c CMakeFiles/Motor_Drive.dir/Core/Src/main.cpp.obj
                0x080044f4                cmd_sixstep(int, char**)
 .text._Z9cmd_speediPPc
                0x08004590      0x100 CMakeFiles/Motor_Drive.dir/Core/Src/main.cpp.obj
                0x08004590                cmd_speed(int, char**)
 .text._Z10cmd_torqueiPPc
                0x08004690       0xf4 CMakeFiles/Motor_Drive.dir/Core/Src/main.cpp.obj
                0x08004690                cmd_torque(int, char**)
 .text._Z7cmd_modiPPc
                0x08004784      0x110 CMakeFiles/Motor_Drive.dir/Core/Src/main.cpp.obj
                0x08004784                cmd_mod(int, char**)
 .text._Z8cmd_dutyiPPc
                0x08004894      0x1a8 CMakeFiles/Motor_Drive.dir/Core/Src/main.cpp.obj
                0x08004894                cmd_duty(int, char**)
 .text._Z7cmd_veciPPc
                0x08004a3c      0x14c CMakeFiles/Motor_Drive.dir/Core/Src/main.cpp.obj
                0x08004a3c                cmd_vec(int, char**)
 .text._Z8cmd_tuneiPPc
                0x08004b88      0x2e8 CMakeFiles/Motor_Drive.dir/Core/Src/main.cpp.obj
                0x08004b88                cmd_tune(int, char**)
 .text._Z13cmd_incrementiPPc
                0x08004e70      0x35c CMakeFiles/Motor_Drive.dir/Core/Src/main.cpp.obj
                0x08004e70                cmd_increment(int, char**)
 .text._Z9cmd_boardiPPc
                0x080051cc      0x178 CMakeFiles/Motor_Drive.dir/Core/Src/main.cpp.obj
                0x080051cc                cmd_board(int, char**)
 .text._Z7cmd_logiPPc
                0x08005344      0x734 CMakeFiles/Motor_Drive.dir/Core/Src/main.cpp.obj
                0x08005344                cmd_log(int, char**)
 .text._Z11cmd_audibleiPPc
                0x08005a78       0x48 CMakeFiles/Motor_Drive.dir/Core/Src/main.cpp.obj
                0x08005a78                cmd_audible(int, char**)
 .text._Z7cmd_siniPPc
                0x08005ac0      0x184 CMakeFiles/Motor_Drive.dir/Core/Src/main.cpp.obj
                0x08005ac0                cmd_sin(int, char**)
 .text._Z7cmd_cosiPPc
                0x08005c44      0x1bc CMakeFiles/Motor_Drive.dir/Core/Src/main.cpp.obj
                0x08005c44                cmd_cos(int, char**)
 .text._Z10cmd_arctaniPPc
                0x08005e00      0x23c CMakeFiles/Motor_Drive.dir/Core/Src/main.cpp.obj
                0x08005e00                cmd_arctan(int, char**)
 *fill*         0x0800603c        0x4 
 .text._Z9cmd_hypotiPPc
                0x08006040      0x194 CMakeFiles/Motor_Drive.dir/Core/Src/main.cpp.obj
                0x08006040                cmd_hypot(int, char**)
 .text._Z7focTickP10Sampling_t
                0x080061d4       0xa8 CMakeFiles/Motor_Drive.dir/Core/Src/main.cpp.obj
                0x080061d4                focTick(Sampling_t*)
 .text._Z10alignRotorP10Sampling_t.part.0
                0x0800627c      0x204 CMakeFiles/Motor_Drive.dir/Core/Src/main.cpp.obj
 .text._Z9cmd_aligniPPc
                0x08006480      0x128 CMakeFiles/Motor_Drive.dir/Core/Src/main.cpp.obj
                0x08006480                cmd_align(int, char**)
 .text.HAL_TIM_PeriodElapsedCallback
                0x080065a8       0xe8 CMakeFiles/Motor_Drive.dir/Core/Src/main.cpp.obj
                0x080065a8                HAL_TIM_PeriodElapsedCallback
 .text._Z15startUpSequence16MotorControlMode
                0x08006690       0xf0 CMakeFiles/Motor_Drive.dir/Core/Src/main.cpp.obj
                0x08006690                startUpSequence(MotorControlMode)
 .text._Z9cmd_startiPPc
                0x08006780       0xcc CMakeFiles/Motor_Drive.dir/Core/Src/main.cpp.obj
                0x08006780                cmd_start(int, char**)
 .text._Z7cmd_fociPPc
                0x0800684c      0x3c0 CMakeFiles/Motor_Drive.dir/Core/Src/main.cpp.obj
                0x0800684c                cmd_foc(int, char**)
 .text._Z10MPU_Configv
                0x08006c0c       0x38 CMakeFiles/Motor_Drive.dir/Core/Src/main.cpp.obj
                0x08006c0c                MPU_Config()
 .text.startup.main
                0x08006c44      0x4bc CMakeFiles/Motor_Drive.dir/Core/Src/main.cpp.obj
                0x08006c44                main
 .text.startup._GLOBAL__sub_I_adc1_buffer
                0x08007100      0x1d8 CMakeFiles/Motor_Drive.dir/Core/Src/main.cpp.obj
 .text._ZN16ThreePhasePWMOutC2EP17TIM_HandleTypeDef
                0x080072d8       0x18 CMakeFiles/Motor_Drive.dir/Core/Src/pwm3phase_timer.cpp.obj
                0x080072d8                ThreePhasePWMOut::ThreePhasePWMOut(TIM_HandleTypeDef*)
                0x080072d8                ThreePhasePWMOut::ThreePhasePWMOut(TIM_HandleTypeDef*)
 .text._ZN16ThreePhasePWMOut4initEv
                0x080072f0       0x20 CMakeFiles/Motor_Drive.dir/Core/Src/pwm3phase_timer.cpp.obj
                0x080072f0                ThreePhasePWMOut::init()
 .text._ZN16ThreePhasePWMOut4stopEv
                0x08007310       0x5c CMakeFiles/Motor_Drive.dir/Core/Src/pwm3phase_timer.cpp.obj
                0x08007310                ThreePhasePWMOut::stop()
 .text._ZN16ThreePhasePWMOut7setDutyEfff
                0x0800736c      0x160 CMakeFiles/Motor_Drive.dir/Core/Src/pwm3phase_timer.cpp.obj
                0x0800736c                ThreePhasePWMOut::setDuty(float, float, float)
 .text._ZNK16ThreePhasePWMOut7getDutyEh
                0x080074cc       0x24 CMakeFiles/Motor_Drive.dir/Core/Src/pwm3phase_timer.cpp.obj
                0x080074cc                ThreePhasePWMOut::getDuty(unsigned char) const
 .text._ZN16ThreePhasePWMOut11setDeadTimeEm
                0x080074f0      0x2b0 CMakeFiles/Motor_Drive.dir/Core/Src/pwm3phase_timer.cpp.obj
                0x080074f0                ThreePhasePWMOut::setDeadTime(unsigned long)
 .text._ZN16ThreePhasePWMOut12setFrequencyEm
                0x080077a0       0xf4 CMakeFiles/Motor_Drive.dir/Core/Src/pwm3phase_timer.cpp.obj
                0x080077a0                ThreePhasePWMOut::setFrequency(unsigned long)
 .text._ZNK16ThreePhasePWMOut12getFrequencyEv
                0x08007894        0x4 CMakeFiles/Motor_Drive.dir/Core/Src/pwm3phase_timer.cpp.obj
                0x08007894                ThreePhasePWMOut::getFrequency() const
 .text._ZN10DigitalOutC2EP12GPIO_TypeDeft
                0x08007898        0x8 CMakeFiles/Motor_Drive.dir/Core/Src/digitalio.cpp.obj
                0x08007898                DigitalOut::DigitalOut(GPIO_TypeDef*, unsigned short)
                0x08007898                DigitalOut::DigitalOut(GPIO_TypeDef*, unsigned short)
 .text._ZN7EncoderC2EP17TIM_HandleTypeDefS1_tmmh
                0x080078a0       0x60 CMakeFiles/Motor_Drive.dir/Core/Src/encoder.cpp.obj
                0x080078a0                Encoder::Encoder(TIM_HandleTypeDef*, TIM_HandleTypeDef*, unsigned short, unsigned long, unsigned long, unsigned char)
                0x080078a0                Encoder::Encoder(TIM_HandleTypeDef*, TIM_HandleTypeDef*, unsigned short, unsigned long, unsigned long, unsigned char)
 .text._ZN7Encoder5startEv
                0x08007900       0x38 CMakeFiles/Motor_Drive.dir/Core/Src/encoder.cpp.obj
                0x08007900                Encoder::start()
 .text._ZN7Encoder13elecZeroAlignEv
                0x08007938       0x48 CMakeFiles/Motor_Drive.dir/Core/Src/encoder.cpp.obj
                0x08007938                Encoder::elecZeroAlign()
 .text._ZN7Encoder15irqHandlerIndexEt
                0x08007980       0x9c CMakeFiles/Motor_Drive.dir/Core/Src/encoder.cpp.obj
                0x08007980                Encoder::irqHandlerIndex(unsigned short)
 .text._ZN7Encoder15irqHandlerSpeedEv
                0x08007a1c      0x1c0 CMakeFiles/Motor_Drive.dir/Core/Src/encoder.cpp.obj
                0x08007a1c                Encoder::irqHandlerSpeed()
 .text._ZN7Encoder25irqHandlerEncoderOverflowEv
                0x08007bdc       0x24 CMakeFiles/Motor_Drive.dir/Core/Src/encoder.cpp.obj
                0x08007bdc                Encoder::irqHandlerEncoderOverflow()
 .text._ZN7Encoder23irqHandlerTimerOverflowEv
                0x08007c00       0x14 CMakeFiles/Motor_Drive.dir/Core/Src/encoder.cpp.obj
                0x08007c00                Encoder::irqHandlerTimerOverflow()
 .text._ZNK7Encoder6getPosEv
                0x08007c14       0x28 CMakeFiles/Motor_Drive.dir/Core/Src/encoder.cpp.obj
                0x08007c14                Encoder::getPos() const
 .text._ZNK7Encoder12getPosBypassEv
                0x08007c3c       0x18 CMakeFiles/Motor_Drive.dir/Core/Src/encoder.cpp.obj
                0x08007c3c                Encoder::getPosBypass() const
 .text._ZNK7Encoder10getElecPosEv
                0x08007c54       0x44 CMakeFiles/Motor_Drive.dir/Core/Src/encoder.cpp.obj
                0x08007c54                Encoder::getElecPos() const
 .text._ZNK7Encoder6getRPMEv
                0x08007c98        0x8 CMakeFiles/Motor_Drive.dir/Core/Src/encoder.cpp.obj
                0x08007c98                Encoder::getRPM() const
 .text._ZNK7Encoder14getElecPos_radEv
                0x08007ca0       0x74 CMakeFiles/Motor_Drive.dir/Core/Src/encoder.cpp.obj
                0x08007ca0                Encoder::getElecPos_rad() const
 .text._ZN10HallSensorC2EP12GPIO_TypeDeftS1_tS1_t
                0x08007d14       0x2c CMakeFiles/Motor_Drive.dir/Core/Src/hallsensor.cpp.obj
                0x08007d14                HallSensor::HallSensor(GPIO_TypeDef*, unsigned short, GPIO_TypeDef*, unsigned short, GPIO_TypeDef*, unsigned short)
                0x08007d14                HallSensor::HallSensor(GPIO_TypeDef*, unsigned short, GPIO_TypeDef*, unsigned short, GPIO_TypeDef*, unsigned short)
 .text._ZN10HallSensor4readEv
                0x08007d40       0x44 CMakeFiles/Motor_Drive.dir/Core/Src/hallsensor.cpp.obj
                0x08007d40                HallSensor::read()
 .text._ZN10HallSensor16irqHandlerRisingEt
                0x08007d84       0x50 CMakeFiles/Motor_Drive.dir/Core/Src/hallsensor.cpp.obj
                0x08007d84                HallSensor::irqHandlerRising(unsigned short)
 .text._ZN10HallSensor17irqHandlerFallingEt
                0x08007dd4       0x50 CMakeFiles/Motor_Drive.dir/Core/Src/hallsensor.cpp.obj
                0x08007dd4                HallSensor::irqHandlerFalling(unsigned short)
 .text._ZNK10HallSensor8getStateEv
                0x08007e24        0x4 CMakeFiles/Motor_Drive.dir/Core/Src/hallsensor.cpp.obj
                0x08007e24                HallSensor::getState() const
 .text._ZL4dpwmfffffiPfS_S_
                0x08007e28      0x578 CMakeFiles/Motor_Drive.dir/Core/Src/modulation.cpp.obj
 .text._Z6clarkefffPfS_
                0x080083a0       0x34 CMakeFiles/Motor_Drive.dir/Core/Src/modulation.cpp.obj
                0x080083a0                clarke(float, float, float, float*, float*)
 .text._Z4parkfffPfS_
                0x080083d4      0x180 CMakeFiles/Motor_Drive.dir/Core/Src/modulation.cpp.obj
                0x080083d4                park(float, float, float, float*, float*)
 .text._Z8inv_parkfffPfS_
                0x08008554      0x180 CMakeFiles/Motor_Drive.dir/Core/Src/modulation.cpp.obj
                0x08008554                inv_park(float, float, float, float*, float*)
 .text._Z8modulate14ModulationTypeffffPfS0_S0_fS0_
                0x080086d4     0x15e4 CMakeFiles/Motor_Drive.dir/Core/Src/modulation.cpp.obj
                0x080086d4                modulate(ModulationType, float, float, float, float, float*, float*, float*, float, float*)
 .text._ZN10ADCSamplerC2EP17ADC_HandleTypeDefP19__DMA_HandleTypeDefPVtm
                0x08009cb8       0x24 CMakeFiles/Motor_Drive.dir/Core/Src/adc_sampler.cpp.obj
                0x08009cb8                ADCSampler::ADCSampler(ADC_HandleTypeDef*, __DMA_HandleTypeDef*, unsigned short volatile*, unsigned long)
                0x08009cb8                ADCSampler::ADCSampler(ADC_HandleTypeDef*, __DMA_HandleTypeDef*, unsigned short volatile*, unsigned long)
 .text._ZN10ADCSampler19setProcessingBufferEPtm
                0x08009cdc        0xc CMakeFiles/Motor_Drive.dir/Core/Src/adc_sampler.cpp.obj
                0x08009cdc                ADCSampler::setProcessingBuffer(unsigned short*, unsigned long)
 .text._ZN10ADCSampler11irqConvCpltEP17ADC_HandleTypeDef
                0x08009ce8       0x90 CMakeFiles/Motor_Drive.dir/Core/Src/adc_sampler.cpp.obj
                0x08009ce8                ADCSampler::irqConvCplt(ADC_HandleTypeDef*)
 .text._ZN10ADCSampler15irqConvHalfCpltEP17ADC_HandleTypeDef
                0x08009d78       0x90 CMakeFiles/Motor_Drive.dir/Core/Src/adc_sampler.cpp.obj
                0x08009d78                ADCSampler::irqConvHalfCplt(ADC_HandleTypeDef*)
 .text._ZN10ADCSampler8startDMAEv
                0x08009e08       0x54 CMakeFiles/Motor_Drive.dir/Core/Src/adc_sampler.cpp.obj
                0x08009e08                ADCSampler::startDMA()
 .text._ZN10ADCSampler14initBulkHeaderEff
                0x08009e5c       0x7c CMakeFiles/Motor_Drive.dir/Core/Src/adc_sampler.cpp.obj
                0x08009e5c                ADCSampler::initBulkHeader(float, float)
 .text._ZN10ADCSampler17getLatestDataMeanEPtm
                0x08009ed8      0x3e8 CMakeFiles/Motor_Drive.dir/Core/Src/adc_sampler.cpp.obj
                0x08009ed8                ADCSampler::getLatestDataMean(unsigned short*, unsigned long)
 .text._ZN10ADCSampler18assembleBulkPacketEPPKhPt
                0x0800a2c0      0x174 CMakeFiles/Motor_Drive.dir/Core/Src/adc_sampler.cpp.obj
                0x0800a2c0                ADCSampler::assembleBulkPacket(unsigned char const**, unsigned short*)
 .text._ZN5TimerC2EP17TIM_HandleTypeDef
                0x0800a434        0x8 CMakeFiles/Motor_Drive.dir/Core/Src/timer.cpp.obj
                0x0800a434                Timer::Timer(TIM_HandleTypeDef*)
                0x0800a434                Timer::Timer(TIM_HandleTypeDef*)
 .text._ZN5Timer5startEv
                0x0800a43c       0xd8 CMakeFiles/Motor_Drive.dir/Core/Src/timer.cpp.obj
                0x0800a43c                Timer::start()
 .text._ZN5Timer7startITEv
                0x0800a514       0xd8 CMakeFiles/Motor_Drive.dir/Core/Src/timer.cpp.obj
                0x0800a514                Timer::startIT()
 .text._ZN5Timer12setFrequencyEm
                0x0800a5ec       0xd0 CMakeFiles/Motor_Drive.dir/Core/Src/timer.cpp.obj
                0x0800a5ec                Timer::setFrequency(unsigned long)
 .text._ZN5Timer12getFrequencyEv
                0x0800a6bc       0x68 CMakeFiles/Motor_Drive.dir/Core/Src/timer.cpp.obj
                0x0800a6bc                Timer::getFrequency()
 .text._Z8foc_initP11FOC_State_t
                0x0800a724       0xe4 CMakeFiles/Motor_Drive.dir/Core/Src/foc.cpp.obj
                0x0800a724                foc_init(FOC_State_t*)
 .text._Z9foc_resetP11FOC_State_t
                0x0800a808       0x38 CMakeFiles/Motor_Drive.dir/Core/Src/foc.cpp.obj
                0x0800a808                foc_reset(FOC_State_t*)
 .text._Z10focResetPIP11FOC_State_t
                0x0800a840        0xc CMakeFiles/Motor_Drive.dir/Core/Src/foc.cpp.obj
                0x0800a840                focResetPI(FOC_State_t*)
 .text._Z12focInjectionP11FOC_State_tf
                0x0800a84c      0x2d0 CMakeFiles/Motor_Drive.dir/Core/Src/foc.cpp.obj
                0x0800a84c                focInjection(FOC_State_t*, float)
 .text._Z3foc14ModulationTypeP11FOC_State_tffffffPfS2_S2_
                0x0800ab1c      0x3ac CMakeFiles/Motor_Drive.dir/Core/Src/foc.cpp.obj
                0x0800ab1c                foc(ModulationType, FOC_State_t*, float, float, float, float, float, float, float*, float*, float*)
 .text._Z14usb_tx_servicev
                0x0800aec8      0x310 CMakeFiles/Motor_Drive.dir/Core/Src/cmd.cpp.obj
                0x0800aec8                usb_tx_service()
 .text._ZN12_GLOBAL__N_114usb_tx_enqueueERNS_10UsbTxQueueEPKht
                0x0800b1d8       0xec CMakeFiles/Motor_Drive.dir/Core/Src/cmd.cpp.obj
 .text.usb_tx_onTransmitComplete
                0x0800b2c4       0x28 CMakeFiles/Motor_Drive.dir/Core/Src/cmd.cpp.obj
                0x0800b2c4                usb_tx_onTransmitComplete
 .text._Z17usb_sendTelemetryPKht
                0x0800b2ec       0xe0 CMakeFiles/Motor_Drive.dir/Core/Src/cmd.cpp.obj
                0x0800b2ec                usb_sendTelemetry(unsigned char const*, unsigned short)
 .text._Z12usb_sendBulkPKht
                0x0800b3cc       0xe0 CMakeFiles/Motor_Drive.dir/Core/Src/cmd.cpp.obj
                0x0800b3cc                usb_sendBulk(unsigned char const*, unsigned short)
 .text._Z10usb_printfPKcz
                0x0800b4ac       0x3c CMakeFiles/Motor_Drive.dir/Core/Src/cmd.cpp.obj
                0x0800b4ac                usb_printf(char const*, ...)
 .text._Z17ring_buffer_writeP13ring_buffer_th
                0x0800b4e8       0x2c CMakeFiles/Motor_Drive.dir/Core/Src/cmd.cpp.obj
                0x0800b4e8                ring_buffer_write(ring_buffer_t*, unsigned char)
 .text._Z19read_line_from_ringP13ring_buffer_tPci
                0x0800b514       0xa8 CMakeFiles/Motor_Drive.dir/Core/Src/cmd.cpp.obj
                0x0800b514                read_line_from_ring(ring_buffer_t*, char*, int)
 .text._Z15process_commandPKc
                0x0800b5bc       0xdc CMakeFiles/Motor_Drive.dir/Core/Src/cmd.cpp.obj
                0x0800b5bc                process_command(char const*)
 .text._Z19protectionModePrintv
                0x0800b698       0xb4 CMakeFiles/Motor_Drive.dir/Core/Src/cmd.cpp.obj
                0x0800b698                protectionModePrint()
 .text._ZN10RollingMaxC2Ev
                0x0800b74c       0x1c CMakeFiles/Motor_Drive.dir/Core/Src/math_helpers.cpp.obj
                0x0800b74c                RollingMax::RollingMax()
                0x0800b74c                RollingMax::RollingMax()
 .text._ZN10RollingMax8newValueEf
                0x0800b768       0x68 CMakeFiles/Motor_Drive.dir/Core/Src/math_helpers.cpp.obj
                0x0800b768                RollingMax::newValue(float)
 .text._ZNK10RollingMax6getMaxEv
                0x0800b7d0        0x8 CMakeFiles/Motor_Drive.dir/Core/Src/math_helpers.cpp.obj
                0x0800b7d0                RollingMax::getMax() const
 .text._Z12adcToVoltagemfmff
                0x0800b7d8       0x20 CMakeFiles/Motor_Drive.dir/Core/Src/math_helpers.cpp.obj
                0x0800b7d8                adcToVoltage(unsigned long, float, unsigned long, float, float)
 .text._Z12adcToCurrentmfmfff
                0x0800b7f8       0x24 CMakeFiles/Motor_Drive.dir/Core/Src/math_helpers.cpp.obj
                0x0800b7f8                adcToCurrent(unsigned long, float, unsigned long, float, float, float)
 .text._Z6clampffff
                0x0800b81c        0xc CMakeFiles/Motor_Drive.dir/Core/Src/math_helpers.cpp.obj
                0x0800b81c                clampf(float, float, float)
 .text._Z12isPowerOfTwot
                0x0800b828       0x10 CMakeFiles/Motor_Drive.dir/Core/Src/math_helpers.cpp.obj
                0x0800b828                isPowerOfTwo(unsigned short)
 .text.SystemInit
                0x0800b838       0xcc cmake/stm32cubemx/CMakeFiles/STM32_Drivers.dir/__/__/Core/Src/system_stm32h7xx.c.obj
                0x0800b838                SystemInit
 .text.ExitRun0Mode
                0x0800b904       0x18 cmake/stm32cubemx/CMakeFiles/STM32_Drivers.dir/__/__/Core/Src/system_stm32h7xx.c.obj
                0x0800b904                ExitRun0Mode
 .text.HAL_PCD_Init
                0x0800b91c      0x410 cmake/stm32cubemx/CMakeFiles/STM32_Drivers.dir/__/__/Drivers/STM32H7xx_HAL_Driver/Src/stm32h7xx_hal_pcd.c.obj
                0x0800b91c                HAL_PCD_Init
 .text.HAL_PCD_Start
                0x0800bd2c       0x44 cmake/stm32cubemx/CMakeFiles/STM32_Drivers.dir/__/__/Drivers/STM32H7xx_HAL_Driver/Src/stm32h7xx_hal_pcd.c.obj
                0x0800bd2c                HAL_PCD_Start
 .text.HAL_PCD_IRQHandler
                0x0800bd70      0xb68 cmake/stm32cubemx/CMakeFiles/STM32_Drivers.dir/__/__/Drivers/STM32H7xx_HAL_Driver/Src/stm32h7xx_hal_pcd.c.obj
                0x0800bd70                HAL_PCD_IRQHandler
 .text.HAL_PCD_SetAddress
                0x0800c8d8       0x28 cmake/stm32cubemx/CMakeFiles/STM32_Drivers.dir/__/__/Drivers/STM32H7xx_HAL_Driver/Src/stm32h7xx_hal_pcd.c.obj
                0x0800c8d8                HAL_PCD_SetAddress
 .text.HAL_PCD_EP_Open
                0x0800c900       0x74 cmake/stm32cubemx/CMakeFiles/STM32_Drivers.dir/__/__/Drivers/STM32H7xx_HAL_Driver/Src/stm32h7xx_hal_pcd.c.obj
                0x0800c900                HAL_PCD_EP_Open
 .text.HAL_PCD_EP_Close
                0x0800c974       0x5c cmake/stm32cubemx/CMakeFiles/STM32_Drivers.dir/__/__/Drivers/STM32H7xx_HAL_Driver/Src/stm32h7xx_hal_pcd.c.obj
                0x0800c974                HAL_PCD_EP_Close
 .text.HAL_PCD_EP_Receive
                0x0800c9d0       0x44 cmake/stm32cubemx/CMakeFiles/STM32_Drivers.dir/__/__/Drivers/STM32H7xx_HAL_Driver/Src/stm32h7xx_hal_pcd.c.obj
                0x0800c9d0                HAL_PCD_EP_Receive
 .text.HAL_PCD_EP_GetRxCount
                0x0800ca14       0x14 cmake/stm32cubemx/CMakeFiles/STM32_Drivers.dir/__/__/Drivers/STM32H7xx_HAL_Driver/Src/stm32h7xx_hal_pcd.c.obj
                0x0800ca14                HAL_PCD_EP_GetRxCount
 .text.HAL_PCD_EP_Transmit
                0x0800ca28       0x44 cmake/stm32cubemx/CMakeFiles/STM32_Drivers.dir/__/__/Drivers/STM32H7xx_HAL_Driver/Src/stm32h7xx_hal_pcd.c.obj
                0x0800ca28                HAL_PCD_EP_Transmit
 .text.HAL_PCD_EP_SetStall
                0x0800ca6c       0x80 cmake/stm32cubemx/CMakeFiles/STM32_Drivers.dir/__/__/Drivers/STM32H7xx_HAL_Driver/Src/stm32h7xx_hal_pcd.c.obj
                0x0800ca6c                HAL_PCD_EP_SetStall
 .text.HAL_PCD_EP_ClrStall
                0x0800caec       0x6c cmake/stm32cubemx/CMakeFiles/STM32_Drivers.dir/__/__/Drivers/STM32H7xx_HAL_Driver/Src/stm32h7xx_hal_pcd.c.obj
                0x0800caec                HAL_PCD_EP_ClrStall
 .text.HAL_PCDEx_SetTxFiFo
                0x0800cb58       0xfc cmake/stm32cubemx/CMakeFiles/STM32_Drivers.dir/__/__/Drivers/STM32H7xx_HAL_Driver/Src/stm32h7xx_hal_pcd_ex.c.obj
                0x0800cb58                HAL_PCDEx_SetTxFiFo
 .text.HAL_PCDEx_SetRxFiFo
                0x0800cc54        0xc cmake/stm32cubemx/CMakeFiles/STM32_Drivers.dir/__/__/Drivers/STM32H7xx_HAL_Driver/Src/stm32h7xx_hal_pcd_ex.c.obj
                0x0800cc54                HAL_PCDEx_SetRxFiFo
 .text.HAL_PCDEx_ActivateLPM
                0x0800cc60       0x30 cmake/stm32cubemx/CMakeFiles/STM32_Drivers.dir/__/__/Drivers/STM32H7xx_HAL_Driver/Src/stm32h7xx_hal_pcd_ex.c.obj
                0x0800cc60                HAL_PCDEx_ActivateLPM
 .text.HAL_PCDEx_LPM_Callback
                0x0800cc90        0x4 cmake/stm32cubemx/CMakeFiles/STM32_Drivers.dir/__/__/Drivers/STM32H7xx_HAL_Driver/Src/stm32h7xx_hal_pcd_ex.c.obj
                0x0800cc90                HAL_PCDEx_LPM_Callback
 .text.USB_CoreInit
                0x0800cc94      0x11c cmake/stm32cubemx/CMakeFiles/STM32_Drivers.dir/__/__/Drivers/STM32H7xx_HAL_Driver/Src/stm32h7xx_ll_usb.c.obj
                0x0800cc94                USB_CoreInit
 .text.USB_SetTurnaroundTime
                0x0800cdb0       0xf4 cmake/stm32cubemx/CMakeFiles/STM32_Drivers.dir/__/__/Drivers/STM32H7xx_HAL_Driver/Src/stm32h7xx_ll_usb.c.obj
                0x0800cdb0                USB_SetTurnaroundTime
 .text.USB_EnableGlobalInt
                0x0800cea4       0x10 cmake/stm32cubemx/CMakeFiles/STM32_Drivers.dir/__/__/Drivers/STM32H7xx_HAL_Driver/Src/stm32h7xx_ll_usb.c.obj
                0x0800cea4                USB_EnableGlobalInt
 .text.USB_DisableGlobalInt
                0x0800ceb4       0x10 cmake/stm32cubemx/CMakeFiles/STM32_Drivers.dir/__/__/Drivers/STM32H7xx_HAL_Driver/Src/stm32h7xx_ll_usb.c.obj
                0x0800ceb4                USB_DisableGlobalInt
 .text.USB_SetCurrentMode
                0x0800cec4       0x6c cmake/stm32cubemx/CMakeFiles/STM32_Drivers.dir/__/__/Drivers/STM32H7xx_HAL_Driver/Src/stm32h7xx_ll_usb.c.obj
                0x0800cec4                USB_SetCurrentMode
 .text.USB_DevInit
                0x0800cf30      0x2dc cmake/stm32cubemx/CMakeFiles/STM32_Drivers.dir/__/__/Drivers/STM32H7xx_HAL_Driver/Src/stm32h7xx_ll_usb.c.obj
                0x0800cf30                USB_DevInit
 .text.USB_FlushTxFifo
                0x0800d20c       0x50 cmake/stm32cubemx/CMakeFiles/STM32_Drivers.dir/__/__/Drivers/STM32H7xx_HAL_Driver/Src/stm32h7xx_ll_usb.c.obj
                0x0800d20c                USB_FlushTxFifo
 .text.USB_GetDevSpeed
                0x0800d25c       0x18 cmake/stm32cubemx/CMakeFiles/STM32_Drivers.dir/__/__/Drivers/STM32H7xx_HAL_Driver/Src/stm32h7xx_ll_usb.c.obj
                0x0800d25c                USB_GetDevSpeed
 .text.USB_ActivateEndpoint
                0x0800d274       0x8c cmake/stm32cubemx/CMakeFiles/STM32_Drivers.dir/__/__/Drivers/STM32H7xx_HAL_Driver/Src/stm32h7xx_ll_usb.c.obj
                0x0800d274                USB_ActivateEndpoint
 .text.USB_DeactivateEndpoint
                0x0800d300       0xbc cmake/stm32cubemx/CMakeFiles/STM32_Drivers.dir/__/__/Drivers/STM32H7xx_HAL_Driver/Src/stm32h7xx_ll_usb.c.obj
                0x0800d300                USB_DeactivateEndpoint
 .text.USB_EPStartXfer
                0x0800d3bc      0x234 cmake/stm32cubemx/CMakeFiles/STM32_Drivers.dir/__/__/Drivers/STM32H7xx_HAL_Driver/Src/stm32h7xx_ll_usb.c.obj
                0x0800d3bc                USB_EPStartXfer
 .text.USB_EPStopXfer
                0x0800d5f0       0x94 cmake/stm32cubemx/CMakeFiles/STM32_Drivers.dir/__/__/Drivers/STM32H7xx_HAL_Driver/Src/stm32h7xx_ll_usb.c.obj
                0x0800d5f0                USB_EPStopXfer
 .text.USB_WritePacket
                0x0800d684       0x2c cmake/stm32cubemx/CMakeFiles/STM32_Drivers.dir/__/__/Drivers/STM32H7xx_HAL_Driver/Src/stm32h7xx_ll_usb.c.obj
                0x0800d684                USB_WritePacket
 .text.USB_ReadPacket
                0x0800d6b0       0x4c cmake/stm32cubemx/CMakeFiles/STM32_Drivers.dir/__/__/Drivers/STM32H7xx_HAL_Driver/Src/stm32h7xx_ll_usb.c.obj
                0x0800d6b0                USB_ReadPacket
 .text.USB_EPSetStall
                0x0800d6fc       0x70 cmake/stm32cubemx/CMakeFiles/STM32_Drivers.dir/__/__/Drivers/STM32H7xx_HAL_Driver/Src/stm32h7xx_ll_usb.c.obj
                0x0800d6fc                USB_EPSetStall
 .text.USB_EPClearStall
                0x0800d76c       0x58 cmake/stm32cubemx/CMakeFiles/STM32_Drivers.dir/__/__/Drivers/STM32H7xx_HAL_Driver/Src/stm32h7xx_ll_usb.c.obj
                0x0800d76c                USB_EPClearStall
 .text.USB_SetDevAddress
                0x0800d7c4       0x24 cmake/stm32cubemx/CMakeFiles/STM32_Drivers.dir/__/__/Drivers/STM32H7xx_HAL_Driver/Src/stm32h7xx_ll_usb.c.obj
                0x0800d7c4                USB_SetDevAddress
 .text.USB_DevConnect
                0x0800d7e8       0x20 cmake/stm32cubemx/CMakeFiles/STM32_Drivers.dir/__/__/Drivers/STM32H7xx_HAL_Driver/Src/stm32h7xx_ll_usb.c.obj
                0x0800d7e8                USB_DevConnect
 .text.USB_DevDisconnect
                0x0800d808       0x20 cmake/stm32cubemx/CMakeFiles/STM32_Drivers.dir/__/__/Drivers/STM32H7xx_HAL_Driver/Src/stm32h7xx_ll_usb.c.obj
                0x0800d808                USB_DevDisconnect
 .text.USB_ReadInterrupts
                0x0800d828        0x8 cmake/stm32cubemx/CMakeFiles/STM32_Drivers.dir/__/__/Drivers/STM32H7xx_HAL_Driver/Src/stm32h7xx_ll_usb.c.obj
                0x0800d828                USB_ReadInterrupts
 .text.USB_ReadDevAllOutEpInterrupt
                0x0800d830       0x10 cmake/stm32cubemx/CMakeFiles/STM32_Drivers.dir/__/__/Drivers/STM32H7xx_HAL_Driver/Src/stm32h7xx_ll_usb.c.obj
                0x0800d830                USB_ReadDevAllOutEpInterrupt
 .text.USB_ReadDevAllInEpInterrupt
                0x0800d840       0x10 cmake/stm32cubemx/CMakeFiles/STM32_Drivers.dir/__/__/Drivers/STM32H7xx_HAL_Driver/Src/stm32h7xx_ll_usb.c.obj
                0x0800d840                USB_ReadDevAllInEpInterrupt
 .text.USB_ReadDevOutEPInterrupt
                0x0800d850       0x10 cmake/stm32cubemx/CMakeFiles/STM32_Drivers.dir/__/__/Drivers/STM32H7xx_HAL_Driver/Src/stm32h7xx_ll_usb.c.obj
                0x0800d850                USB_ReadDevOutEPInterrupt
 .text.USB_ReadDevInEPInterrupt
                0x0800d860       0x20 cmake/stm32cubemx/CMakeFiles/STM32_Drivers.dir/__/__/Drivers/STM32H7xx_HAL_Driver/Src/stm32h7xx_ll_usb.c.obj
                0x0800d860                USB_ReadDevInEPInterrupt
 .text.USB_GetMode
                0x0800d880        0x8 cmake/stm32cubemx/CMakeFiles/STM32_Drivers.dir/__/__/Drivers/STM32H7xx_HAL_Driver/Src/stm32h7xx_ll_usb.c.obj
                0x0800d880                USB_GetMode
 .text.USB_ActivateSetup
                0x0800d888       0x20 cmake/stm32cubemx/CMakeFiles/STM32_Drivers.dir/__/__/Drivers/STM32H7xx_HAL_Driver/Src/stm32h7xx_ll_usb.c.obj
                0x0800d888                USB_ActivateSetup
 .text.USB_EP0_OutStart
                0x0800d8a8       0x50 cmake/stm32cubemx/CMakeFiles/STM32_Drivers.dir/__/__/Drivers/STM32H7xx_HAL_Driver/Src/stm32h7xx_ll_usb.c.obj
                0x0800d8a8                USB_EP0_OutStart
 .text.HAL_RCC_GetSysClockFreq.part.0
                0x0800d8f8       0xe4 cmake/stm32cubemx/CMakeFiles/STM32_Drivers.dir/__/__/Drivers/STM32H7xx_HAL_Driver/Src/stm32h7xx_hal_rcc.c.obj
 .text.HAL_RCC_OscConfig
                0x0800d9dc      0x554 cmake/stm32cubemx/CMakeFiles/STM32_Drivers.dir/__/__/Drivers/STM32H7xx_HAL_Driver/Src/stm32h7xx_hal_rcc.c.obj
                0x0800d9dc                HAL_RCC_OscConfig
 .text.HAL_RCC_GetSysClockFreq
                0x0800df30      0x11c cmake/stm32cubemx/CMakeFiles/STM32_Drivers.dir/__/__/Drivers/STM32H7xx_HAL_Driver/Src/stm32h7xx_hal_rcc.c.obj
                0x0800df30                HAL_RCC_GetSysClockFreq
 .text.HAL_RCC_ClockConfig
                0x0800e04c      0x254 cmake/stm32cubemx/CMakeFiles/STM32_Drivers.dir/__/__/Drivers/STM32H7xx_HAL_Driver/Src/stm32h7xx_hal_rcc.c.obj
                0x0800e04c                HAL_RCC_ClockConfig
 .text.HAL_RCC_GetHCLKFreq
                0x0800e2a0       0x80 cmake/stm32cubemx/CMakeFiles/STM32_Drivers.dir/__/__/Drivers/STM32H7xx_HAL_Driver/Src/stm32h7xx_hal_rcc.c.obj
                0x0800e2a0                HAL_RCC_GetHCLKFreq
 .text.HAL_RCC_GetPCLK1Freq
                0x0800e320       0x90 cmake/stm32cubemx/CMakeFiles/STM32_Drivers.dir/__/__/Drivers/STM32H7xx_HAL_Driver/Src/stm32h7xx_hal_rcc.c.obj
                0x0800e320                HAL_RCC_GetPCLK1Freq
 .text.HAL_RCC_GetPCLK2Freq
                0x0800e3b0       0x90 cmake/stm32cubemx/CMakeFiles/STM32_Drivers.dir/__/__/Drivers/STM32H7xx_HAL_Driver/Src/stm32h7xx_hal_rcc.c.obj
                0x0800e3b0                HAL_RCC_GetPCLK2Freq
 .text.RCCEx_PLL2_Config.part.0
                0x0800e440       0xe0 cmake/stm32cubemx/CMakeFiles/STM32_Drivers.dir/__/__/Drivers/STM32H7xx_HAL_Driver/Src/stm32h7xx_hal_rcc_ex.c.obj
 .text.RCCEx_PLL3_Config.part.0
                0x0800e520       0xe0 cmake/stm32cubemx/CMakeFiles/STM32_Drivers.dir/__/__/Drivers/STM32H7xx_HAL_Driver/Src/stm32h7xx_hal_rcc_ex.c.obj
 .text.HAL_RCCEx_PeriphCLKConfig
                0x0800e600      0xdc8 cmake/stm32cubemx/CMakeFiles/STM32_Drivers.dir/__/__/Drivers/STM32H7xx_HAL_Driver/Src/stm32h7xx_hal_rcc_ex.c.obj
                0x0800e600                HAL_RCCEx_PeriphCLKConfig
 .text.HAL_RCCEx_GetPLL2ClockFreq
                0x0800f3c8      0x134 cmake/stm32cubemx/CMakeFiles/STM32_Drivers.dir/__/__/Drivers/STM32H7xx_HAL_Driver/Src/stm32h7xx_hal_rcc_ex.c.obj
                0x0800f3c8                HAL_RCCEx_GetPLL2ClockFreq
 .text.HAL_RCCEx_GetPLL3ClockFreq
                0x0800f4fc      0x134 cmake/stm32cubemx/CMakeFiles/STM32_Drivers.dir/__/__/Drivers/STM32H7xx_HAL_Driver/Src/stm32h7xx_hal_rcc_ex.c.obj
                0x0800f4fc                HAL_RCCEx_GetPLL3ClockFreq
 .text.HAL_RCCEx_GetPLL1ClockFreq
                0x0800f630      0x134 cmake/stm32cubemx/CMakeFiles/STM32_Drivers.dir/__/__/Drivers/STM32H7xx_HAL_Driver/Src/stm32h7xx_hal_rcc_ex.c.obj
                0x0800f630                HAL_RCCEx_GetPLL1ClockFreq
 .text.HAL_RCCEx_GetPeriphCLKFreq
                0x0800f764      0x350 cmake/stm32cubemx/CMakeFiles/STM32_Drivers.dir/__/__/Drivers/STM32H7xx_HAL_Driver/Src/stm32h7xx_hal_rcc_ex.c.obj
                0x0800f764                HAL_RCCEx_GetPeriphCLKFreq
 .text.HAL_GPIO_Init
                0x0800fab4      0x3ec cmake/stm32cubemx/CMakeFiles/STM32_Drivers.dir/__/__/Drivers/STM32H7xx_HAL_Driver/Src/stm32h7xx_hal_gpio.c.obj
                0x0800fab4                HAL_GPIO_Init
 .text.HAL_GPIO_ReadPin
                0x0800fea0        0xc cmake/stm32cubemx/CMakeFiles/STM32_Drivers.dir/__/__/Drivers/STM32H7xx_HAL_Driver/Src/stm32h7xx_hal_gpio.c.obj
                0x0800fea0                HAL_GPIO_ReadPin
 .text.HAL_GPIO_WritePin
                0x0800feac        0x8 cmake/stm32cubemx/CMakeFiles/STM32_Drivers.dir/__/__/Drivers/STM32H7xx_HAL_Driver/Src/stm32h7xx_hal_gpio.c.obj
                0x0800feac                HAL_GPIO_WritePin
 .text.HAL_GPIO_TogglePin
                0x0800feb4       0x14 cmake/stm32cubemx/CMakeFiles/STM32_Drivers.dir/__/__/Drivers/STM32H7xx_HAL_Driver/Src/stm32h7xx_hal_gpio.c.obj
                0x0800feb4                HAL_GPIO_TogglePin
 .text.HAL_GPIO_EXTI_IRQHandler
                0x0800fec8       0x1c cmake/stm32cubemx/CMakeFiles/STM32_Drivers.dir/__/__/Drivers/STM32H7xx_HAL_Driver/Src/stm32h7xx_hal_gpio.c.obj
                0x0800fec8                HAL_GPIO_EXTI_IRQHandler
 .text.DMA_CalcBaseAndBitshift
                0x0800fee4      0x100 cmake/stm32cubemx/CMakeFiles/STM32_Drivers.dir/__/__/Drivers/STM32H7xx_HAL_Driver/Src/stm32h7xx_hal_dma.c.obj
 .text.DMA_CalcDMAMUXChannelBaseAndMask
                0x0800ffe4       0xd4 cmake/stm32cubemx/CMakeFiles/STM32_Drivers.dir/__/__/Drivers/STM32H7xx_HAL_Driver/Src/stm32h7xx_hal_dma.c.obj
 .text.HAL_DMA_Init
                0x080100b8      0x530 cmake/stm32cubemx/CMakeFiles/STM32_Drivers.dir/__/__/Drivers/STM32H7xx_HAL_Driver/Src/stm32h7xx_hal_dma.c.obj
                0x080100b8                HAL_DMA_Init
 .text.HAL_DMA_Start_IT
                0x080105e8      0x62c cmake/stm32cubemx/CMakeFiles/STM32_Drivers.dir/__/__/Drivers/STM32H7xx_HAL_Driver/Src/stm32h7xx_hal_dma.c.obj
                0x080105e8                HAL_DMA_Start_IT
 .text.HAL_DMA_IRQHandler
                0x08010c14      0x424 cmake/stm32cubemx/CMakeFiles/STM32_Drivers.dir/__/__/Drivers/STM32H7xx_HAL_Driver/Src/stm32h7xx_hal_dma.c.obj
                0x08010c14                HAL_DMA_IRQHandler
 .text.HAL_PWREx_ConfigSupply
                0x08011038       0x78 cmake/stm32cubemx/CMakeFiles/STM32_Drivers.dir/__/__/Drivers/STM32H7xx_HAL_Driver/Src/stm32h7xx_hal_pwr_ex.c.obj
                0x08011038                HAL_PWREx_ConfigSupply
 .text.HAL_PWREx_EnableUSBReg
                0x080110b0       0x34 cmake/stm32cubemx/CMakeFiles/STM32_Drivers.dir/__/__/Drivers/STM32H7xx_HAL_Driver/Src/stm32h7xx_hal_pwr_ex.c.obj
                0x080110b0                HAL_PWREx_EnableUSBReg
 .text.HAL_PWREx_EnableUSBVoltageDetector
                0x080110e4       0x10 cmake/stm32cubemx/CMakeFiles/STM32_Drivers.dir/__/__/Drivers/STM32H7xx_HAL_Driver/Src/stm32h7xx_hal_pwr_ex.c.obj
                0x080110e4                HAL_PWREx_EnableUSBVoltageDetector
 .text.HAL_NVIC_SetPriorityGrouping
                0x080110f4       0x24 cmake/stm32cubemx/CMakeFiles/STM32_Drivers.dir/__/__/Drivers/STM32H7xx_HAL_Driver/Src/stm32h7xx_hal_cortex.c.obj
                0x080110f4                HAL_NVIC_SetPriorityGrouping
 .text.HAL_NVIC_SetPriority
                0x08011118       0x78 cmake/stm32cubemx/CMakeFiles/STM32_Drivers.dir/__/__/Drivers/STM32H7xx_HAL_Driver/Src/stm32h7xx_hal_cortex.c.obj
                0x08011118                HAL_NVIC_SetPriority
 .text.HAL_NVIC_EnableIRQ
                0x08011190       0x1c cmake/stm32cubemx/CMakeFiles/STM32_Drivers.dir/__/__/Drivers/STM32H7xx_HAL_Driver/Src/stm32h7xx_hal_cortex.c.obj
                0x08011190                HAL_NVIC_EnableIRQ
 .text.HAL_SYSTICK_Config
                0x080111ac       0x2c cmake/stm32cubemx/CMakeFiles/STM32_Drivers.dir/__/__/Drivers/STM32H7xx_HAL_Driver/Src/stm32h7xx_hal_cortex.c.obj
                0x080111ac                HAL_SYSTICK_Config
 .text.HAL_MPU_Disable
                0x080111d8       0x1c cmake/stm32cubemx/CMakeFiles/STM32_Drivers.dir/__/__/Drivers/STM32H7xx_HAL_Driver/Src/stm32h7xx_hal_cortex.c.obj
                0x080111d8                HAL_MPU_Disable
 .text.HAL_MPU_Enable
                0x080111f4       0x20 cmake/stm32cubemx/CMakeFiles/STM32_Drivers.dir/__/__/Drivers/STM32H7xx_HAL_Driver/Src/stm32h7xx_hal_cortex.c.obj
                0x080111f4                HAL_MPU_Enable
 .text.HAL_MPU_ConfigRegion
                0x08011214       0x60 cmake/stm32cubemx/CMakeFiles/STM32_Drivers.dir/__/__/Drivers/STM32H7xx_HAL_Driver/Src/stm32h7xx_hal_cortex.c.obj
                0x08011214                HAL_MPU_ConfigRegion
 .text.HAL_InitTick
                0x08011274       0x4c cmake/stm32cubemx/CMakeFiles/STM32_Drivers.dir/__/__/Drivers/STM32H7xx_HAL_Driver/Src/stm32h7xx_hal.c.obj
                0x08011274                HAL_InitTick
 .text.HAL_Init
                0x080112c0       0x60 cmake/stm32cubemx/CMakeFiles/STM32_Drivers.dir/__/__/Drivers/STM32H7xx_HAL_Driver/Src/stm32h7xx_hal.c.obj
                0x080112c0                HAL_Init
 .text.HAL_IncTick
                0x08011320       0x18 cmake/stm32cubemx/CMakeFiles/STM32_Drivers.dir/__/__/Drivers/STM32H7xx_HAL_Driver/Src/stm32h7xx_hal.c.obj
                0x08011320                HAL_IncTick
 .text.HAL_GetTick
                0x08011338        0xc cmake/stm32cubemx/CMakeFiles/STM32_Drivers.dir/__/__/Drivers/STM32H7xx_HAL_Driver/Src/stm32h7xx_hal.c.obj
                0x08011338                HAL_GetTick
 .text.HAL_Delay
                0x08011344       0x24 cmake/stm32cubemx/CMakeFiles/STM32_Drivers.dir/__/__/Drivers/STM32H7xx_HAL_Driver/Src/stm32h7xx_hal.c.obj
                0x08011344                HAL_Delay
 .text.ADC_DMAHalfConvCplt
                0x08011368        0xc cmake/stm32cubemx/CMakeFiles/STM32_Drivers.dir/__/__/Drivers/STM32H7xx_HAL_Driver/Src/stm32h7xx_hal_adc.c.obj
                0x08011368                ADC_DMAHalfConvCplt
 .text.HAL_ADC_ErrorCallback
                0x08011374        0x4 cmake/stm32cubemx/CMakeFiles/STM32_Drivers.dir/__/__/Drivers/STM32H7xx_HAL_Driver/Src/stm32h7xx_hal_adc.c.obj
                0x08011374                HAL_ADC_ErrorCallback
 .text.ADC_DMAConvCplt
                0x08011378       0x6c cmake/stm32cubemx/CMakeFiles/STM32_Drivers.dir/__/__/Drivers/STM32H7xx_HAL_Driver/Src/stm32h7xx_hal_adc.c.obj
                0x08011378                ADC_DMAConvCplt
 .text.ADC_DMAError
                0x080113e4       0x1c cmake/stm32cubemx/CMakeFiles/STM32_Drivers.dir/__/__/Drivers/STM32H7xx_HAL_Driver/Src/stm32h7xx_hal_adc.c.obj
                0x080113e4                ADC_DMAError
 .text.HAL_ADC_ConfigChannel
                0x08011400      0x5f0 cmake/stm32cubemx/CMakeFiles/STM32_Drivers.dir/__/__/Drivers/STM32H7xx_HAL_Driver/Src/stm32h7xx_hal_adc.c.obj
                0x08011400                HAL_ADC_ConfigChannel
 .text.ADC_Enable
                0x080119f0       0xb0 cmake/stm32cubemx/CMakeFiles/STM32_Drivers.dir/__/__/Drivers/STM32H7xx_HAL_Driver/Src/stm32h7xx_hal_adc.c.obj
                0x080119f0                ADC_Enable
 .text.HAL_ADC_Start_DMA
                0x08011aa0      0x12c cmake/stm32cubemx/CMakeFiles/STM32_Drivers.dir/__/__/Drivers/STM32H7xx_HAL_Driver/Src/stm32h7xx_hal_adc.c.obj
                0x08011aa0                HAL_ADC_Start_DMA
 .text.ADC_Disable
                0x08011bcc       0x74 cmake/stm32cubemx/CMakeFiles/STM32_Drivers.dir/__/__/Drivers/STM32H7xx_HAL_Driver/Src/stm32h7xx_hal_adc.c.obj
                0x08011bcc                ADC_Disable
 .text.ADC_ConfigureBoostMode
                0x08011c40      0x130 cmake/stm32cubemx/CMakeFiles/STM32_Drivers.dir/__/__/Drivers/STM32H7xx_HAL_Driver/Src/stm32h7xx_hal_adc.c.obj
                0x08011c40                ADC_ConfigureBoostMode
 .text.HAL_ADC_Init
                0x08011d70      0x2e4 cmake/stm32cubemx/CMakeFiles/STM32_Drivers.dir/__/__/Drivers/STM32H7xx_HAL_Driver/Src/stm32h7xx_hal_adc.c.obj
                0x08011d70                HAL_ADC_Init
 .text.HAL_ADCEx_Calibration_Start
                0x08012054       0xa4 cmake/stm32cubemx/CMakeFiles/STM32_Drivers.dir/__/__/Drivers/STM32H7xx_HAL_Driver/Src/stm32h7xx_hal_adc_ex.c.obj
                0x08012054                HAL_ADCEx_Calibration_Start
 .text.HAL_ADCEx_MultiModeConfigChannel
                0x080120f8       0xc4 cmake/stm32cubemx/CMakeFiles/STM32_Drivers.dir/__/__/Drivers/STM32H7xx_HAL_Driver/Src/stm32h7xx_hal_adc_ex.c.obj
                0x080120f8                HAL_ADCEx_MultiModeConfigChannel
 .text.TIM_OC1_SetConfig
                0x080121bc       0x7c cmake/stm32cubemx/CMakeFiles/STM32_Drivers.dir/__/__/Drivers/STM32H7xx_HAL_Driver/Src/stm32h7xx_hal_tim.c.obj
 .text.TIM_OC3_SetConfig
                0x08012238       0x80 cmake/stm32cubemx/CMakeFiles/STM32_Drivers.dir/__/__/Drivers/STM32H7xx_HAL_Driver/Src/stm32h7xx_hal_tim.c.obj
 .text.HAL_TIM_Base_Init
                0x080122b8      0x160 cmake/stm32cubemx/CMakeFiles/STM32_Drivers.dir/__/__/Drivers/STM32H7xx_HAL_Driver/Src/stm32h7xx_hal_tim.c.obj
                0x080122b8                HAL_TIM_Base_Init
 .text.HAL_TIM_Base_Start
                0x08012418       0xb4 cmake/stm32cubemx/CMakeFiles/STM32_Drivers.dir/__/__/Drivers/STM32H7xx_HAL_Driver/Src/stm32h7xx_hal_tim.c.obj
                0x08012418                HAL_TIM_Base_Start
 .text.HAL_TIM_Base_Start_IT
                0x080124cc       0xbc cmake/stm32cubemx/CMakeFiles/STM32_Drivers.dir/__/__/Drivers/STM32H7xx_HAL_Driver/Src/stm32h7xx_hal_tim.c.obj
                0x080124cc                HAL_TIM_Base_Start_IT
 .text.HAL_TIM_PWM_MspInit
                0x08012588        0x4 cmake/stm32cubemx/CMakeFiles/STM32_Drivers.dir/__/__/Drivers/STM32H7xx_HAL_Driver/Src/stm32h7xx_hal_tim.c.obj
                0x08012588                HAL_TIM_PWM_MspInit
 .text.HAL_TIM_PWM_Init
                0x0801258c      0x160 cmake/stm32cubemx/CMakeFiles/STM32_Drivers.dir/__/__/Drivers/STM32H7xx_HAL_Driver/Src/stm32h7xx_hal_tim.c.obj
                0x0801258c                HAL_TIM_PWM_Init
 .text.HAL_TIM_PWM_Start
                0x080126ec      0x168 cmake/stm32cubemx/CMakeFiles/STM32_Drivers.dir/__/__/Drivers/STM32H7xx_HAL_Driver/Src/stm32h7xx_hal_tim.c.obj
                0x080126ec                HAL_TIM_PWM_Start
 .text.HAL_TIM_PWM_Stop
                0x08012854       0xfc cmake/stm32cubemx/CMakeFiles/STM32_Drivers.dir/__/__/Drivers/STM32H7xx_HAL_Driver/Src/stm32h7xx_hal_tim.c.obj
                0x08012854                HAL_TIM_PWM_Stop
 .text.HAL_TIM_IC_MspInit
                0x08012950        0x4 cmake/stm32cubemx/CMakeFiles/STM32_Drivers.dir/__/__/Drivers/STM32H7xx_HAL_Driver/Src/stm32h7xx_hal_tim.c.obj
                0x08012950                HAL_TIM_IC_MspInit
 .text.HAL_TIM_IC_Init
                0x08012954      0x160 cmake/stm32cubemx/CMakeFiles/STM32_Drivers.dir/__/__/Drivers/STM32H7xx_HAL_Driver/Src/stm32h7xx_hal_tim.c.obj
                0x08012954                HAL_TIM_IC_Init
 .text.HAL_TIM_IC_Start
                0x08012ab4      0x1a0 cmake/stm32cubemx/CMakeFiles/STM32_Drivers.dir/__/__/Drivers/STM32H7xx_HAL_Driver/Src/stm32h7xx_hal_tim.c.obj
                0x08012ab4                HAL_TIM_IC_Start
 .text.HAL_TIM_Encoder_Init
                0x08012c54      0x1b8 cmake/stm32cubemx/CMakeFiles/STM32_Drivers.dir/__/__/Drivers/STM32H7xx_HAL_Driver/Src/stm32h7xx_hal_tim.c.obj
                0x08012c54                HAL_TIM_Encoder_Init
 .text.HAL_TIM_Encoder_Start
                0x08012e0c       0xc4 cmake/stm32cubemx/CMakeFiles/STM32_Drivers.dir/__/__/Drivers/STM32H7xx_HAL_Driver/Src/stm32h7xx_hal_tim.c.obj
                0x08012e0c                HAL_TIM_Encoder_Start
 .text.HAL_TIM_ConfigClockSource
                0x08012ed0      0x190 cmake/stm32cubemx/CMakeFiles/STM32_Drivers.dir/__/__/Drivers/STM32H7xx_HAL_Driver/Src/stm32h7xx_hal_tim.c.obj
                0x08012ed0                HAL_TIM_ConfigClockSource
 .text.HAL_TIM_SlaveConfigSynchro
                0x08013060      0x174 cmake/stm32cubemx/CMakeFiles/STM32_Drivers.dir/__/__/Drivers/STM32H7xx_HAL_Driver/Src/stm32h7xx_hal_tim.c.obj
                0x08013060                HAL_TIM_SlaveConfigSynchro
 .text.HAL_TIM_OC_DelayElapsedCallback
                0x080131d4        0x4 cmake/stm32cubemx/CMakeFiles/STM32_Drivers.dir/__/__/Drivers/STM32H7xx_HAL_Driver/Src/stm32h7xx_hal_tim.c.obj
                0x080131d4                HAL_TIM_OC_DelayElapsedCallback
 .text.HAL_TIM_IC_CaptureCallback
                0x080131d8        0x4 cmake/stm32cubemx/CMakeFiles/STM32_Drivers.dir/__/__/Drivers/STM32H7xx_HAL_Driver/Src/stm32h7xx_hal_tim.c.obj
                0x080131d8                HAL_TIM_IC_CaptureCallback
 .text.HAL_TIM_PWM_PulseFinishedCallback
                0x080131dc        0x4 cmake/stm32cubemx/CMakeFiles/STM32_Drivers.dir/__/__/Drivers/STM32H7xx_HAL_Driver/Src/stm32h7xx_hal_tim.c.obj
                0x080131dc                HAL_TIM_PWM_PulseFinishedCallback
 .text.HAL_TIM_TriggerCallback
                0x080131e0        0x4 cmake/stm32cubemx/CMakeFiles/STM32_Drivers.dir/__/__/Drivers/STM32H7xx_HAL_Driver/Src/stm32h7xx_hal_tim.c.obj
                0x080131e0                HAL_TIM_TriggerCallback
 .text.HAL_TIM_IRQHandler
                0x080131e4      0x154 cmake/stm32cubemx/CMakeFiles/STM32_Drivers.dir/__/__/Drivers/STM32H7xx_HAL_Driver/Src/stm32h7xx_hal_tim.c.obj
                0x080131e4                HAL_TIM_IRQHandler
 .text.TIM_OC2_SetConfig
                0x08013338       0x84 cmake/stm32cubemx/CMakeFiles/STM32_Drivers.dir/__/__/Drivers/STM32H7xx_HAL_Driver/Src/stm32h7xx_hal_tim.c.obj
                0x08013338                TIM_OC2_SetConfig
 .text.HAL_TIM_PWM_ConfigChannel
                0x080133bc      0x234 cmake/stm32cubemx/CMakeFiles/STM32_Drivers.dir/__/__/Drivers/STM32H7xx_HAL_Driver/Src/stm32h7xx_hal_tim.c.obj
                0x080133bc                HAL_TIM_PWM_ConfigChannel
 .text.TIM_TI1_SetConfig
                0x080135f0       0x88 cmake/stm32cubemx/CMakeFiles/STM32_Drivers.dir/__/__/Drivers/STM32H7xx_HAL_Driver/Src/stm32h7xx_hal_tim.c.obj
                0x080135f0                TIM_TI1_SetConfig
 .text.HAL_TIM_IC_ConfigChannel
                0x08013678      0x128 cmake/stm32cubemx/CMakeFiles/STM32_Drivers.dir/__/__/Drivers/STM32H7xx_HAL_Driver/Src/stm32h7xx_hal_tim.c.obj
                0x08013678                HAL_TIM_IC_ConfigChannel
 .text.HAL_TIMEx_PWMN_Start
                0x080137a0      0x110 cmake/stm32cubemx/CMakeFiles/STM32_Drivers.dir/__/__/Drivers/STM32H7xx_HAL_Driver/Src/stm32h7xx_hal_tim_ex.c.obj
                0x080137a0                HAL_TIMEx_PWMN_Start
 .text.HAL_TIMEx_PWMN_Stop
                0x080138b0       0x94 cmake/stm32cubemx/CMakeFiles/STM32_Drivers.dir/__/__/Drivers/STM32H7xx_HAL_Driver/Src/stm32h7xx_hal_tim_ex.c.obj
                0x080138b0                HAL_TIMEx_PWMN_Stop
 .text.HAL_TIMEx_MasterConfigSynchronization
                0x08013944       0xc8 cmake/stm32cubemx/CMakeFiles/STM32_Drivers.dir/__/__/Drivers/STM32H7xx_HAL_Driver/Src/stm32h7xx_hal_tim_ex.c.obj
                0x08013944                HAL_TIMEx_MasterConfigSynchronization
 .text.HAL_TIMEx_ConfigBreakDeadTime
                0x08013a0c       0x9c cmake/stm32cubemx/CMakeFiles/STM32_Drivers.dir/__/__/Drivers/STM32H7xx_HAL_Driver/Src/stm32h7xx_hal_tim_ex.c.obj
                0x08013a0c                HAL_TIMEx_ConfigBreakDeadTime
 .text.HAL_TIMEx_TISelection
                0x08013aa8       0x70 cmake/stm32cubemx/CMakeFiles/STM32_Drivers.dir/__/__/Drivers/STM32H7xx_HAL_Driver/Src/stm32h7xx_hal_tim_ex.c.obj
                0x08013aa8                HAL_TIMEx_TISelection
 .text.HAL_TIMEx_CommutCallback
                0x08013b18        0x4 cmake/stm32cubemx/CMakeFiles/STM32_Drivers.dir/__/__/Drivers/STM32H7xx_HAL_Driver/Src/stm32h7xx_hal_tim_ex.c.obj
                0x08013b18                HAL_TIMEx_CommutCallback
 .text.HAL_TIMEx_BreakCallback
                0x08013b1c        0x4 cmake/stm32cubemx/CMakeFiles/STM32_Drivers.dir/__/__/Drivers/STM32H7xx_HAL_Driver/Src/stm32h7xx_hal_tim_ex.c.obj
                0x08013b1c                HAL_TIMEx_BreakCallback
 .text.HAL_TIMEx_Break2Callback
                0x08013b20        0x4 cmake/stm32cubemx/CMakeFiles/STM32_Drivers.dir/__/__/Drivers/STM32H7xx_HAL_Driver/Src/stm32h7xx_hal_tim_ex.c.obj
                0x08013b20                HAL_TIMEx_Break2Callback
 .text.USBD_Init
                0x08013b24       0x28 cmake/stm32cubemx/CMakeFiles/USB_Device_Library.dir/__/__/Middlewares/ST/STM32_USB_Device_Library/Core/Src/usbd_core.c.obj
                0x08013b24                USBD_Init
 .text.USBD_RegisterClass
                0x08013b4c       0x38 cmake/stm32cubemx/CMakeFiles/USB_Device_Library.dir/__/__/Middlewares/ST/STM32_USB_Device_Library/Core/Src/usbd_core.c.obj
                0x08013b4c                USBD_RegisterClass
 .text.USBD_Start
                0x08013b84        0x4 cmake/stm32cubemx/CMakeFiles/USB_Device_Library.dir/__/__/Middlewares/ST/STM32_USB_Device_Library/Core/Src/usbd_core.c.obj
                0x08013b84                USBD_Start
 .text.USBD_SetClassConfig
                0x08013b88       0x10 cmake/stm32cubemx/CMakeFiles/USB_Device_Library.dir/__/__/Middlewares/ST/STM32_USB_Device_Library/Core/Src/usbd_core.c.obj
                0x08013b88                USBD_SetClassConfig
 .text.USBD_ClrClassConfig
                0x08013b98       0x14 cmake/stm32cubemx/CMakeFiles/USB_Device_Library.dir/__/__/Middlewares/ST/STM32_USB_Device_Library/Core/Src/usbd_core.c.obj
                0x08013b98                USBD_ClrClassConfig
 .text.USBD_LL_SetupStage
                0x08013bac       0x60 cmake/stm32cubemx/CMakeFiles/USB_Device_Library.dir/__/__/Middlewares/ST/STM32_USB_Device_Library/Core/Src/usbd_core.c.obj
                0x08013bac                USBD_LL_SetupStage
 .text.USBD_LL_DataOutStage
                0x08013c0c       0x74 cmake/stm32cubemx/CMakeFiles/USB_Device_Library.dir/__/__/Middlewares/ST/STM32_USB_Device_Library/Core/Src/usbd_core.c.obj
                0x08013c0c                USBD_LL_DataOutStage
 .text.USBD_LL_DataInStage
                0x08013c80       0xc0 cmake/stm32cubemx/CMakeFiles/USB_Device_Library.dir/__/__/Middlewares/ST/STM32_USB_Device_Library/Core/Src/usbd_core.c.obj
                0x08013c80                USBD_LL_DataInStage
 .text.USBD_LL_Reset
                0x08013d40       0x5c cmake/stm32cubemx/CMakeFiles/USB_Device_Library.dir/__/__/Middlewares/ST/STM32_USB_Device_Library/Core/Src/usbd_core.c.obj
                0x08013d40                USBD_LL_Reset
 .text.USBD_LL_SetSpeed
                0x08013d9c        0x8 cmake/stm32cubemx/CMakeFiles/USB_Device_Library.dir/__/__/Middlewares/ST/STM32_USB_Device_Library/Core/Src/usbd_core.c.obj
                0x08013d9c                USBD_LL_SetSpeed
 .text.USBD_LL_Suspend
                0x08013da4       0x20 cmake/stm32cubemx/CMakeFiles/USB_Device_Library.dir/__/__/Middlewares/ST/STM32_USB_Device_Library/Core/Src/usbd_core.c.obj
                0x08013da4                USBD_LL_Suspend
 .text.USBD_LL_Resume
                0x08013dc4       0x18 cmake/stm32cubemx/CMakeFiles/USB_Device_Library.dir/__/__/Middlewares/ST/STM32_USB_Device_Library/Core/Src/usbd_core.c.obj
                0x08013dc4                USBD_LL_Resume
 .text.USBD_LL_SOF
                0x08013ddc       0x20 cmake/stm32cubemx/CMakeFiles/USB_Device_Library.dir/__/__/Middlewares/ST/STM32_USB_Device_Library/Core/Src/usbd_core.c.obj
                0x08013ddc                USBD_LL_SOF
 .text.USBD_LL_IsoINIncomplete
                0x08013dfc       0x2c cmake/stm32cubemx/CMakeFiles/USB_Device_Library.dir/__/__/Middlewares/ST/STM32_USB_Device_Library/Core/Src/usbd_core.c.obj
                0x08013dfc                USBD_LL_IsoINIncomplete
 .text.USBD_LL_IsoOUTIncomplete
                0x08013e28       0x2c cmake/stm32cubemx/CMakeFiles/USB_Device_Library.dir/__/__/Middlewares/ST/STM32_USB_Device_Library/Core/Src/usbd_core.c.obj
                0x08013e28                USBD_LL_IsoOUTIncomplete
 .text.USBD_LL_DevConnected
                0x08013e54        0x4 cmake/stm32cubemx/CMakeFiles/USB_Device_Library.dir/__/__/Middlewares/ST/STM32_USB_Device_Library/Core/Src/usbd_core.c.obj
                0x08013e54                USBD_LL_DevConnected
 .text.USBD_LL_DevDisconnected
                0x08013e58       0x24 cmake/stm32cubemx/CMakeFiles/USB_Device_Library.dir/__/__/Middlewares/ST/STM32_USB_Device_Library/Core/Src/usbd_core.c.obj
                0x08013e58                USBD_LL_DevDisconnected
 .text.USBD_CoreFindIF
                0x08013e7c        0x4 cmake/stm32cubemx/CMakeFiles/USB_Device_Library.dir/__/__/Middlewares/ST/STM32_USB_Device_Library/Core/Src/usbd_core.c.obj
                0x08013e7c                USBD_CoreFindIF
 .text.USBD_CoreFindEP
                0x08013e80        0x4 cmake/stm32cubemx/CMakeFiles/USB_Device_Library.dir/__/__/Middlewares/ST/STM32_USB_Device_Library/Core/Src/usbd_core.c.obj
                0x08013e80                USBD_CoreFindEP
 .text.USBD_GetEpDesc
                0x08013e84       0x2c cmake/stm32cubemx/CMakeFiles/USB_Device_Library.dir/__/__/Middlewares/ST/STM32_USB_Device_Library/Core/Src/usbd_core.c.obj
                0x08013e84                USBD_GetEpDesc
 .text.USBD_StdDevReq
                0x08013eb0      0x37c cmake/stm32cubemx/CMakeFiles/USB_Device_Library.dir/__/__/Middlewares/ST/STM32_USB_Device_Library/Core/Src/usbd_ctlreq.c.obj
                0x08013eb0                USBD_StdDevReq
 .text.USBD_StdItfReq
                0x0801422c       0x80 cmake/stm32cubemx/CMakeFiles/USB_Device_Library.dir/__/__/Middlewares/ST/STM32_USB_Device_Library/Core/Src/usbd_ctlreq.c.obj
                0x0801422c                USBD_StdItfReq
 .text.USBD_StdEPReq
                0x080142ac      0x15c cmake/stm32cubemx/CMakeFiles/USB_Device_Library.dir/__/__/Middlewares/ST/STM32_USB_Device_Library/Core/Src/usbd_ctlreq.c.obj
                0x080142ac                USBD_StdEPReq
 .text.USBD_ParseSetupRequest
                0x08014408       0x18 cmake/stm32cubemx/CMakeFiles/USB_Device_Library.dir/__/__/Middlewares/ST/STM32_USB_Device_Library/Core/Src/usbd_ctlreq.c.obj
                0x08014408                USBD_ParseSetupRequest
 .text.USBD_CtlError
                0x08014420       0x18 cmake/stm32cubemx/CMakeFiles/USB_Device_Library.dir/__/__/Middlewares/ST/STM32_USB_Device_Library/Core/Src/usbd_ctlreq.c.obj
                0x08014420                USBD_CtlError
 .text.USBD_GetString
                0x08014438       0x58 cmake/stm32cubemx/CMakeFiles/USB_Device_Library.dir/__/__/Middlewares/ST/STM32_USB_Device_Library/Core/Src/usbd_ctlreq.c.obj
                0x08014438                USBD_GetString
 .text.USBD_CtlSendData
                0x08014490       0x1c cmake/stm32cubemx/CMakeFiles/USB_Device_Library.dir/__/__/Middlewares/ST/STM32_USB_Device_Library/Core/Src/usbd_ioreq.c.obj
                0x08014490                USBD_CtlSendData
 .text.USBD_CtlContinueSendData
                0x080144ac       0x14 cmake/stm32cubemx/CMakeFiles/USB_Device_Library.dir/__/__/Middlewares/ST/STM32_USB_Device_Library/Core/Src/usbd_ioreq.c.obj
                0x080144ac                USBD_CtlContinueSendData
 .text.USBD_CtlPrepareRx
                0x080144c0       0x1c cmake/stm32cubemx/CMakeFiles/USB_Device_Library.dir/__/__/Middlewares/ST/STM32_USB_Device_Library/Core/Src/usbd_ioreq.c.obj
                0x080144c0                USBD_CtlPrepareRx
 .text.USBD_CtlContinueRx
                0x080144dc       0x14 cmake/stm32cubemx/CMakeFiles/USB_Device_Library.dir/__/__/Middlewares/ST/STM32_USB_Device_Library/Core/Src/usbd_ioreq.c.obj
                0x080144dc                USBD_CtlContinueRx
 .text.USBD_CtlSendStatus