#
# There is insufficient memory for the Java Runtime Environment to continue.
# Native memory allocation (mmap) failed to map 111149056 bytes. Error detail: G1 virtual space
# Possible reasons:
#   The system is out of physical RAM or swap space
#   This process is running with CompressedOops enabled, and the Java Heap may be blocking the growth of the native heap
# Possible solutions:
#   Reduce memory load on the system
#   Increase physical memory or swap space
#   Check if swap backing store is full
#   Decrease Java heap size (-Xmx/-Xms)
#   Decrease number of Java threads
#   Decrease Java thread stack sizes (-Xss)
#   Set larger code cache with -XX:ReservedCodeCacheSize=
#   JVM is running with Zero Based Compressed Oops mode in which the Java heap is
#     placed in the first 32GB address space. The Java Heap base address is the
#     maximum limit for the native heap growth. Please use -XX:HeapBaseMinAddress
#     to set the Java Heap base and to place the Java Heap above 32GB virtual address.
# This output file may be truncated or incomplete.
#
#  Out of Memory Error (os_windows.cpp:3713), pid=27368, tid=15248
#
# JRE version: OpenJDK Runtime Environment Temurin-21.0.8+9 (21.0.8+9) (build 21.0.8+9-LTS)
# Java VM: OpenJDK 64-Bit Server VM Temurin-21.0.8+9 (21.0.8+9-LTS, mixed mode, tiered, compressed oops, compressed class ptrs, g1 gc, windows-amd64)
# No core dump will be written. Minidumps are not enabled by default on client versions of Windows
#

---------------  S U M M A R Y ------------

Command Line: -Djavax.net.ssl.trustStoreType=WINDOWS-ROOT -Dsun.java2d.d3d=false --add-exports=java.desktop/sun.awt=ALL-UNNAMED --add-opens=java.desktop/java.awt=ALL-UNNAMED -Dfile.encoding=UTF8 com.st.microxplorer.maingui.STM32CubeMX C:\Users\gilbe\OneDrive - The University of Manchester\40330. Team Project\Repository\Motor_Drive\Motor_Drive.ioc

Host: 11th Gen Intel(R) Core(TM) i7-1165G7 @ 2.80GHz, 8 cores, 15G,  Windows 11 , 64 bit Build 26100 (10.0.26100.8328)
Time: Wed May 13 17:56:02 2026 elapsed time: 51.232721 seconds (0d 0h 0m 51s)

---------------  T H R E A D  ---------------

Current thread (0x00000201581078b0):  VMThread "VM Thread"          [id=15248, stack(0x000000b87bb00000,0x000000b87bc00000) (1024K)]

Stack: [0x000000b87bb00000,0x000000b87bc00000]
Native frames: (J=compiled Java code, j=interpreted, Vv=VM code, C=native code)
V  [jvm.dll+0x6d2449]
V  [jvm.dll+0x8ae341]
V  [jvm.dll+0x8b08be]
V  [jvm.dll+0x8b0fa3]
V  [jvm.dll+0x280c96]
V  [jvm.dll+0x6cec15]
V  [jvm.dll+0x6c2c3a]
V  [jvm.dll+0x35867a]
V  [jvm.dll+0x360246]
V  [jvm.dll+0x3b1f9e]
V  [jvm.dll+0x3b2248]
V  [jvm.dll+0x32c8fc]
V  [jvm.dll+0x32c987]
V  [jvm.dll+0x3706fc]
V  [jvm.dll+0x36ef48]
V  [jvm.dll+0x32c0c1]
V  [jvm.dll+0x36e5ba]
V  [jvm.dll+0x8b6cbf]
V  [jvm.dll+0x8b8044]
V  [jvm.dll+0x8b8580]
V  [jvm.dll+0x8b8823]
V  [jvm.dll+0x857e6b]
V  [jvm.dll+0x6d0b0d]
C  [ucrtbase.dll+0x37b0]
C  [KERNEL32.DLL+0x2e957]
C  [ntdll.dll+0x427c]

VM_Operation (0x000000b87d4fe750): G1CollectForAllocation, mode: safepoint, requested by thread 0x000002015dbec690


---------------  P R O C E S S  ---------------

Threads class SMR info:
_java_thread_list=0x00000201585c56a0, length=88, elements={
0x0000020158148d20, 0x0000020158165840, 0x00000201581b60d0, 0x00000201581b6b20,
0x00000201581b7570, 0x00000201581b7fc0, 0x00000201581b8d40, 0x00000201581ebc00,
0x00000201583c8b10, 0x00000201583cb7a0, 0x0000020158947a30, 0x000002015d0265c0,
0x000002015d6eabe0, 0x000002015d6d2180, 0x0000020135f61790, 0x000002015dbeac50,
0x000002015dbec690, 0x000002015dbeb2e0, 0x000002015dbec000, 0x000002015ff97310,
0x000002015ff993e0, 0x000002015ff979a0, 0x000002015ff99a70, 0x000002015ff98030,
0x000002015ff986c0, 0x000002015ff98d50, 0x000002015ff9a100, 0x000002015ff96c80,
0x000002015ff965f0, 0x000002015ff9d580, 0x000002015ff9ae20, 0x000002015ff9b4b0,
0x000002015ff9bb40, 0x000002015ff9c1d0, 0x000002015ff9cef0, 0x000002015ff9c860,
0x000002015dbed3b0, 0x000002015ff9a790, 0x000002015dbeda40, 0x000002015da13e80,
0x000002015da15f50, 0x000002015da14510, 0x000002015da14ba0, 0x000002015da137f0,
0x000002015da12ad0, 0x000002015da13160, 0x000002015da165e0, 0x000002015da16c70,
0x000002015da15230, 0x000002015da17300, 0x000002015da193d0, 0x000002015da18d40,
0x000002015da19a60, 0x000002015da1a0f0, 0x000002015dbee0d0, 0x000002015fe51740,
0x000002015fe51dd0, 0x000002015fe52460, 0x000002015fe52af0, 0x000002015fe53180,
0x000002015fe53ea0, 0x000002015fe53810, 0x000002015fe50a20, 0x000002015fe54530,
0x000002015fe510b0, 0x000002015fe57320, 0x000002015fe56c90, 0x000002015fe58040,
0x000002015fe55250, 0x000002015fe579b0, 0x000002015fe54bc0, 0x000002015fe558e0,
0x000002015fe55f70, 0x000002015da186b0, 0x000002015fe56600, 0x00000201621717d0,
0x000002016216fd90, 0x0000020162170420, 0x0000020162171e60, 0x000002016216f070,
0x0000020162171140, 0x0000020162172b80, 0x000002016216f700, 0x0000020162173f30,
0x00000201621724f0, 0x0000020162170ab0, 0x00000201611eb4f0, 0x000002016332f1f0
}

Java Threads: ( => current thread )
  0x0000020158148d20 JavaThread "Reference Handler"          daemon [_thread_blocked, id=27140, stack(0x000000b87bc00000,0x000000b87bd00000) (1024K)]
  0x0000020158165840 JavaThread "Finalizer"                  daemon [_thread_blocked, id=20904, stack(0x000000b87bd00000,0x000000b87be00000) (1024K)]
  0x00000201581b60d0 JavaThread "Signal Dispatcher"          daemon [_thread_blocked, id=13524, stack(0x000000b87be00000,0x000000b87bf00000) (1024K)]
  0x00000201581b6b20 JavaThread "Attach Listener"            daemon [_thread_blocked, id=30448, stack(0x000000b87bf00000,0x000000b87c000000) (1024K)]
  0x00000201581b7570 JavaThread "Service Thread"             daemon [_thread_blocked, id=28276, stack(0x000000b87c000000,0x000000b87c100000) (1024K)]
  0x00000201581b7fc0 JavaThread "Monitor Deflation Thread"   daemon [_thread_blocked, id=3920, stack(0x000000b87c100000,0x000000b87c200000) (1024K)]
  0x00000201581b8d40 JavaThread "C2 CompilerThread0"         daemon [_thread_blocked, id=28960, stack(0x000000b87c200000,0x000000b87c300000) (1024K)]
  0x00000201581ebc00 JavaThread "C1 CompilerThread0"         daemon [_thread_blocked, id=22040, stack(0x000000b87c300000,0x000000b87c400000) (1024K)]
  0x00000201583c8b10 JavaThread "Common-Cleaner"             daemon [_thread_blocked, id=29992, stack(0x000000b87c400000,0x000000b87c500000) (1024K)]
  0x00000201583cb7a0 JavaThread "Notification Thread"        daemon [_thread_blocked, id=24912, stack(0x000000b87c500000,0x000000b87c600000) (1024K)]
  0x0000020158947a30 JavaThread "Java2D Disposer"            daemon [_thread_blocked, id=26760, stack(0x000000b87c600000,0x000000b87c700000) (1024K)]
  0x000002015d0265c0 JavaThread "AWT-Shutdown"                      [_thread_blocked, id=364, stack(0x000000b87d000000,0x000000b87d100000) (1024K)]
  0x000002015d6eabe0 JavaThread "AWT-Windows"                daemon [_thread_in_native, id=19676, stack(0x000000b87d100000,0x000000b87d200000) (1024K)]
  0x000002015d6d2180 JavaThread "AWT-EventQueue-0"                  [_thread_blocked, id=22148, stack(0x000000b87cf00000,0x000000b87d000000) (1024K)]
  0x0000020135f61790 JavaThread "DestroyJavaVM"                     [_thread_blocked, id=7496, stack(0x000000b87b500000,0x000000b87b600000) (1024K)]
  0x000002015dbeac50 JavaThread "TimerQueue"                 daemon [_thread_blocked, id=27452, stack(0x000000b87d300000,0x000000b87d400000) (1024K)]
  0x000002015dbec690 JavaThread "SwingWorker-pool-2-thread-1" daemon [_thread_blocked, id=25200, stack(0x000000b87d400000,0x000000b87d500000) (1024K)]
  0x000002015dbeb2e0 JavaThread "IPC Server Thread"          daemon [_thread_in_native, id=29708, stack(0x000000b87d200000,0x000000b87d300000) (1024K)]
  0x000002015dbec000 JavaThread "Chromium Process Thread"           [_thread_in_native, id=29356, stack(0x000000b87db00000,0x000000b87dc00000) (1024K)]
  0x000002015ff97310 JavaThread "Chromium Process Logger"    daemon [_thread_in_native, id=28988, stack(0x000000b87e100000,0x000000b87e200000) (1024K)]
  0x000002015ff993e0 JavaThread "Thread-23"                  daemon [_thread_blocked, id=24360, stack(0x000000b87dc00000,0x000000b87dd00000) (1024K)]
  0x000002015ff979a0 JavaThread "Thread-66"                  daemon [_thread_blocked, id=22836, stack(0x000000b87d600000,0x000000b87d700000) (1024K)]
  0x000002015ff99a70 JavaThread "Thread-69"                  daemon [_thread_blocked, id=20580, stack(0x000000b87e200000,0x000000b87e300000) (1024K)]
  0x000002015ff98030 JavaThread "Thread-78"                  daemon [_thread_blocked, id=16048, stack(0x000000b87e400000,0x000000b87e500000) (1024K)]
  0x000002015ff986c0 JavaThread "IPC Memory Reader Thread"          [_thread_in_native, id=13756, stack(0x000000b87e700000,0x000000b87e800000) (1024K)]
  0x000002015ff98d50 JavaThread "Browser Thread: 3aee692c-80e1-4547-810f-b505f2e88ee9" daemon [_thread_blocked, id=20728, stack(0x000000b87e600000,0x000000b87e700000) (1024K)]
  0x000002015ff9a100 JavaThread "Socket Connection Checker: 3aee692c-80e1-4547-810f-b505f2e88ee9"        [_thread_in_native, id=17084, stack(0x000000b87e900000,0x000000b87ea00000) (1024K)]
  0x000002015ff96c80 JavaThread "Thread-113"                 daemon [_thread_blocked, id=23736, stack(0x000000b87ea00000,0x000000b87eb00000) (1024K)]
  0x000002015ff965f0 JavaThread "Thread-115"                 daemon [_thread_blocked, id=29412, stack(0x000000b87e300000,0x000000b87e400000) (1024K)]
  0x000002015ff9d580 JavaThread "Network Thread: 0464e98b-db2f-4b65-9fb3-0fd470b01484" daemon [_thread_blocked, id=28520, stack(0x000000b87ec00000,0x000000b87ed00000) (1024K)]
  0x000002015ff9ae20 JavaThread "Socket Connection Checker: 0464e98b-db2f-4b65-9fb3-0fd470b01484"        [_thread_in_native, id=768, stack(0x000000b87ed00000,0x000000b87ee00000) (1024K)]
  0x000002015ff9b4b0 JavaThread "IPC Memory Reader Thread"          [_thread_in_native, id=16968, stack(0x000000b87eb00000,0x000000b87ec00000) (1024K)]
  0x000002015ff9bb40 JavaThread "Thread-145"                 daemon [_thread_blocked, id=9264, stack(0x000000b87ee00000,0x000000b87ef00000) (1024K)]
  0x000002015ff9c1d0 JavaThread "Thread-149"                 daemon [_thread_blocked, id=23944, stack(0x000000b87ef00000,0x000000b87f000000) (1024K)]
  0x000002015ff9cef0 JavaThread "Thread-153"                 daemon [_thread_blocked, id=30480, stack(0x000000b87f000000,0x000000b87f100000) (1024K)]
  0x000002015ff9c860 JavaThread "Thread-177"                 daemon [_thread_blocked, id=28996, stack(0x000000b87d900000,0x000000b87da00000) (1024K)]
  0x000002015dbed3b0 JavaThread "Thread-179"                 daemon [_thread_blocked, id=30328, stack(0x000000b87f300000,0x000000b87f400000) (1024K)]
  0x000002015ff9a790 JavaThread "Thread-181"                 daemon [_thread_blocked, id=19484, stack(0x000000b87f400000,0x000000b87f500000) (1024K)]
  0x000002015dbeda40 JavaThread "Thread-187"                 daemon [_thread_blocked, id=656, stack(0x000000b87d500000,0x000000b87d600000) (1024K)]
  0x000002015da13e80 JavaThread "Thread-190"                 daemon [_thread_blocked, id=10520, stack(0x000000b87f100000,0x000000b87f200000) (1024K)]
  0x000002015da15f50 JavaThread "GPU Thread: f53eb642-ad12-462e-9624-17cfab19945b" daemon [_thread_blocked, id=26868, stack(0x000000b87f700000,0x000000b87f800000) (1024K)]
  0x000002015da14510 JavaThread "IPC Memory Reader Thread"          [_thread_in_native, id=28636, stack(0x000000b87f600000,0x000000b87f700000) (1024K)]
  0x000002015da14ba0 JavaThread "Socket Connection Checker: f53eb642-ad12-462e-9624-17cfab19945b"        [_thread_in_native, id=30332, stack(0x000000b87f900000,0x000000b87fa00000) (1024K)]
  0x000002015da137f0 JavaThread "Thread-204"                 daemon [_thread_blocked, id=6384, stack(0x000000b87f800000,0x000000b87f900000) (1024K)]
  0x000002015da12ad0 JavaThread "Thread-239"                 daemon [_thread_blocked, id=28456, stack(0x000000b87fb00000,0x000000b87fc00000) (1024K)]
  0x000002015da13160 JavaThread "Thread-257"                 daemon [_thread_blocked, id=29868, stack(0x000000b87fc00000,0x000000b87fd00000) (1024K)]
  0x000002015da165e0 JavaThread "Thread-259"                 daemon [_thread_blocked, id=3936, stack(0x000000b87fd00000,0x000000b87fe00000) (1024K)]
  0x000002015da16c70 JavaThread "Thread-276"                 daemon [_thread_blocked, id=26572, stack(0x000000b87fe00000,0x000000b87ff00000) (1024K)]
  0x000002015da15230 JavaThread "Thread-279"                 daemon [_thread_blocked, id=4484, stack(0x000000b87fa00000,0x000000b87fb00000) (1024K)]
  0x000002015da17300 JavaThread "Thread-289"                 daemon [_thread_blocked, id=28272, stack(0x000000b800400000,0x000000b800500000) (1024K)]
  0x000002015da193d0 JavaThread "Thread-305"                 daemon [_thread_blocked, id=3260, stack(0x000000b800700000,0x000000b800800000) (1024K)]
  0x000002015da18d40 JavaThread "Thread-372"                 daemon [_thread_blocked, id=27000, stack(0x000000b800500000,0x000000b800600000) (1024K)]
  0x000002015da19a60 JavaThread "Thread-376"                 daemon [_thread_blocked, id=23616, stack(0x000000b800600000,0x000000b800700000) (1024K)]
  0x000002015da1a0f0 JavaThread "Thread-381"                 daemon [_thread_blocked, id=21192, stack(0x000000b800900000,0x000000b800a00000) (1024K)]
  0x000002015dbee0d0 JavaThread "Render Thread: 8c8b47be-2620-4bbf-907d-7ab535b0cab9" daemon [_thread_blocked, id=27260, stack(0x000000b800c00000,0x000000b800d00000) (1024K)]
  0x000002015fe51740 JavaThread "Socket Connection Checker: 8c8b47be-2620-4bbf-907d-7ab535b0cab9"        [_thread_in_native, id=16184, stack(0x000000b800d00000,0x000000b800e00000) (1024K)]
  0x000002015fe51dd0 JavaThread "IPC Memory Reader Thread"          [_thread_in_native, id=23908, stack(0x000000b800b00000,0x000000b800c00000) (1024K)]
  0x000002015fe52460 JavaThread "Thread-461"                 daemon [_thread_blocked, id=20544, stack(0x000000b800e00000,0x000000b800f00000) (1024K)]
  0x000002015fe52af0 JavaThread "Thread-466"                 daemon [_thread_blocked, id=29124, stack(0x000000b800f00000,0x000000b801000000) (1024K)]
  0x000002015fe53180 JavaThread "Thread-474"                 daemon [_thread_blocked, id=660, stack(0x000000b800a00000,0x000000b800b00000) (1024K)]
  0x000002015fe53ea0 JavaThread "Thread-480"                 daemon [_thread_blocked, id=664, stack(0x000000b801000000,0x000000b801100000) (1024K)]
  0x000002015fe53810 JavaThread "Thread-484"                 daemon [_thread_blocked, id=26492, stack(0x000000b801200000,0x000000b801300000) (1024K)]
  0x000002015fe50a20 JavaThread "Thread-486"                 daemon [_thread_blocked, id=22708, stack(0x000000b801300000,0x000000b801400000) (1024K)]
  0x000002015fe54530 JavaThread "Thread-488"                 daemon [_thread_blocked, id=24184, stack(0x000000b801400000,0x000000b801500000) (1024K)]
  0x000002015fe510b0 JavaThread "Thread-496"                 daemon [_thread_blocked, id=29928, stack(0x000000b801500000,0x000000b801600000) (1024K)]
  0x000002015fe57320 JavaThread "Thread-504"                 daemon [_thread_blocked, id=7216, stack(0x000000b801100000,0x000000b801200000) (1024K)]
  0x000002015fe56c90 JavaThread "Thread-524"                 daemon [_thread_blocked, id=23844, stack(0x000000b801600000,0x000000b801700000) (1024K)]
  0x000002015fe58040 JavaThread "Thread-530"                 daemon [_thread_blocked, id=28404, stack(0x000000b801800000,0x000000b801900000) (1024K)]
  0x000002015fe55250 JavaThread "Thread-538"                 daemon [_thread_blocked, id=16336, stack(0x000000b801700000,0x000000b801800000) (1024K)]
  0x000002015fe579b0 JavaThread "Thread-542"                 daemon [_thread_blocked, id=20992, stack(0x000000b801a00000,0x000000b801b00000) (1024K)]
  0x000002015fe54bc0 JavaThread "Thread-553"                 daemon [_thread_blocked, id=26896, stack(0x000000b801b00000,0x000000b801c00000) (1024K)]
  0x000002015fe558e0 JavaThread "Thread-555"                 daemon [_thread_blocked, id=15112, stack(0x000000b801900000,0x000000b801a00000) (1024K)]
  0x000002015fe55f70 JavaThread "Thread-562"                 daemon [_thread_blocked, id=24020, stack(0x000000b801c00000,0x000000b801d00000) (1024K)]
  0x000002015da186b0 JavaThread "Thread-566"                 daemon [_thread_blocked, id=16000, stack(0x000000b801e00000,0x000000b801f00000) (1024K)]
  0x000002015fe56600 JavaThread "Thread-572"                 daemon [_thread_blocked, id=26392, stack(0x000000b801d00000,0x000000b801e00000) (1024K)]
  0x00000201621717d0 JavaThread "Thread-586"                 daemon [_thread_blocked, id=3952, stack(0x000000b801f00000,0x000000b802000000) (1024K)]
  0x000002016216fd90 JavaThread "Thread-899"                 daemon [_thread_blocked, id=21720, stack(0x000000b802000000,0x000000b802100000) (1024K)]
  0x0000020162170420 JavaThread "Thread-931"                 daemon [_thread_blocked, id=24488, stack(0x000000b802100000,0x000000b802200000) (1024K)]
  0x0000020162171e60 JavaThread "Thread-934"                 daemon [_thread_blocked, id=26324, stack(0x000000b802200000,0x000000b802300000) (1024K)]
  0x000002016216f070 JavaThread "Thread-943"                 daemon [_thread_blocked, id=24420, stack(0x000000b802400000,0x000000b802500000) (1024K)]
  0x0000020162171140 JavaThread "Thread-1221"                daemon [_thread_blocked, id=2364, stack(0x000000b802500000,0x000000b802600000) (1024K)]
  0x0000020162172b80 JavaThread "Thread-1500"                daemon [_thread_blocked, id=18932, stack(0x000000b802700000,0x000000b802800000) (1024K)]
  0x000002016216f700 JavaThread "Thread-1851"                daemon [_thread_blocked, id=24004, stack(0x000000b802800000,0x000000b802900000) (1024K)]
  0x0000020162173f30 JavaThread "Thread-1854"                daemon [_thread_blocked, id=10576, stack(0x000000b802600000,0x000000b802700000) (1024K)]
  0x00000201621724f0 JavaThread "Thread-2142"                daemon [_thread_blocked, id=30456, stack(0x000000b800100000,0x000000b800200000) (1024K)]
  0x0000020162170ab0 JavaThread "Thread-2220"                daemon [_thread_blocked, id=18176, stack(0x000000b800000000,0x000000b800100000) (1024K)]
  0x00000201611eb4f0 JavaThread "Thread-2659"                daemon [_thread_blocked, id=26080, stack(0x000000b800200000,0x000000b800300000) (1024K)]
  0x000002016332f1f0 JavaThread "C2 CompilerThread1"         daemon [_thread_blocked, id=30128, stack(0x000000b800300000,0x000000b800400000) (1024K)]
Total: 88

Other Threads:
=>0x00000201581078b0 VMThread "VM Thread"                           [id=15248, stack(0x000000b87bb00000,0x000000b87bc00000) (1024K)]
  0x0000020157a1ff60 WatcherThread "VM Periodic Task Thread"        [id=26968, stack(0x000000b87ba00000,0x000000b87bb00000) (1024K)]
  0x0000020138204e10 WorkerThread "GC Thread#0"                     [id=20712, stack(0x000000b87b300000,0x000000b87b400000) (1024K)]
  0x000002015d30e630 WorkerThread "GC Thread#1"                     [id=28512, stack(0x000000b87c800000,0x000000b87c900000) (1024K)]
  0x000002015d30ede0 WorkerThread "GC Thread#2"                     [id=18136, stack(0x000000b87c900000,0x000000b87ca00000) (1024K)]
  0x0000020158a5a850 WorkerThread "GC Thread#3"                     [id=18984, stack(0x000000b87ca00000,0x000000b87cb00000) (1024K)]
  0x0000020158a5abf0 WorkerThread "GC Thread#4"                     [id=29704, stack(0x000000b87cb00000,0x000000b87cc00000) (1024K)]
  0x0000020158a5af90 WorkerThread "GC Thread#5"                     [id=28656, stack(0x000000b87cc00000,0x000000b87cd00000) (1024K)]
  0x000002015d186970 WorkerThread "GC Thread#6"                     [id=14880, stack(0x000000b87cd00000,0x000000b87ce00000) (1024K)]
  0x000002015d187120 WorkerThread "GC Thread#7"                     [id=712, stack(0x000000b87ce00000,0x000000b87cf00000) (1024K)]
  0x0000020138215a00 ConcurrentGCThread "G1 Main Marker"            [id=29780, stack(0x000000b87b600000,0x000000b87b700000) (1024K)]
  0x0000020138216500 WorkerThread "G1 Conc#0"                       [id=30584, stack(0x000000b87b700000,0x000000b87b800000) (1024K)]
  0x000002015895fe40 WorkerThread "G1 Conc#1"                       [id=30252, stack(0x000000b87c700000,0x000000b87c800000) (1024K)]
  0x00000201381b2870 ConcurrentGCThread "G1 Refine#0"               [id=26940, stack(0x000000b87b800000,0x000000b87b900000) (1024K)]
  0x00000201578f47e0 ConcurrentGCThread "G1 Service"                [id=29196, stack(0x000000b87b900000,0x000000b87ba00000) (1024K)]
Total: 15

Threads with active compile tasks:
C2 CompilerThread0  51312 9548   !   4       org.apache.xerces.impl.XMLScanner::scanCharReferenceValue (716 bytes)
C2 CompilerThread1  51312 9559       4       sun.nio.fs.WindowsPathParser::normalize (233 bytes)
Total: 2

VM state: at safepoint (normal execution)

VM Mutex/Monitor currently owned by a thread:  ([mutex/lock_event])
[0x00007ffeefa95458] Threads_lock - owner thread: 0x00000201581078b0
[0x00007ffeefa95558] Heap_lock - owner thread: 0x000002015dbec690

Heap address: 0x0000000703e00000, size: 4034 MB, Compressed Oops mode: Zero based, Oop shift amount: 3

CDS archive(s) not mapped
Compressed class space mapped at: 0x0000000800000000-0x0000000840000000, reserved size: 1073741824
Narrow klass base: 0x0000000800000000, Narrow klass shift: 0, Narrow klass range: 0x40000000

GC Precious Log:
 CardTable entry size: 512
 Card Set container configuration: InlinePtr #cards 4 size 8 Array Of Cards #cards 16 size 48 Howl #buckets 8 coarsen threshold 3686 Howl Bitmap #cards 512 size 80 coarsen threshold 460 Card regions per heap region 1 cards per card region 4096
 CPUs: 8 total, 8 available
 Memory: 16129M
 Large Page Support: Disabled
 NUMA Support: Disabled
 Compressed Oops: Enabled (Zero based)
 Heap Region Size: 2M
 Heap Min Capacity: 8M
 Heap Initial Capacity: 254M
 Heap Max Capacity: 4034M
 Pre-touch: Disabled
 Parallel Workers: 8
 Concurrent Workers: 2
 Concurrent Refinement Workers: 8
 Periodic GC: Disabled

Heap:
 garbage-first heap   total 385024K, used 142656K [0x0000000703e00000, 0x0000000800000000)
  region size 2048K, 9 young (18432K), 9 survivors (18432K)
 Metaspace       used 88273K, committed 89344K, reserved 1179648K
  class space    used 9870K, committed 10368K, reserved 1048576K

Heap Regions: E=young(eden), S=young(survivor), O=old, HS=humongous(starts), HC=humongous(continues), CS=collection set, F=free, TAMS=top-at-mark-start, PB=parsable bottom
|   0|0x0000000703e00000, 0x0000000704000000, 0x0000000704000000|100%|HS|  |TAMS 0x0000000703e00000| PB 0x0000000703e00000| Complete 
|   1|0x0000000704000000, 0x0000000704200000, 0x0000000704200000|100%|HC|  |TAMS 0x0000000704000000| PB 0x0000000704000000| Complete 
|   2|0x0000000704200000, 0x0000000704400000, 0x0000000704400000|100%|HC|  |TAMS 0x0000000704200000| PB 0x0000000704200000| Complete 
|   3|0x0000000704400000, 0x0000000704600000, 0x0000000704600000|100%| O|  |TAMS 0x0000000704400000| PB 0x0000000704400000| Untracked 
|   4|0x0000000704600000, 0x0000000704800000, 0x0000000704800000|100%| O|  |TAMS 0x0000000704600000| PB 0x0000000704600000| Untracked 
|   5|0x0000000704800000, 0x0000000704a00000, 0x0000000704a00000|100%| O|  |TAMS 0x0000000704800000| PB 0x0000000704800000| Untracked 
|   6|0x0000000704a00000, 0x0000000704c00000, 0x0000000704c00000|100%| O|  |TAMS 0x0000000704a00000| PB 0x0000000704a00000| Untracked 
|   7|0x0000000704c00000, 0x0000000704e00000, 0x0000000704e00000|100%| O|  |TAMS 0x0000000704c00000| PB 0x0000000704c00000| Untracked 
|   8|0x0000000704e00000, 0x0000000705000000, 0x0000000705000000|100%| O|  |TAMS 0x0000000704e00000| PB 0x0000000704e00000| Untracked 
|   9|0x0000000705000000, 0x0000000705200000, 0x0000000705200000|100%| O|  |TAMS 0x0000000705000000| PB 0x0000000705000000| Untracked 
|  10|0x0000000705200000, 0x0000000705400000, 0x0000000705400000|100%| O|  |TAMS 0x0000000705200000| PB 0x0000000705200000| Untracked 
|  11|0x0000000705400000, 0x0000000705600000, 0x0000000705600000|100%| O|  |TAMS 0x0000000705400000| PB 0x0000000705400000| Untracked 
|  12|0x0000000705600000, 0x0000000705800000, 0x0000000705800000|100%| O|  |TAMS 0x0000000705600000| PB 0x0000000705600000| Untracked 
|  13|0x0000000705800000, 0x0000000705a00000, 0x0000000705a00000|100%| O|  |TAMS 0x0000000705800000| PB 0x0000000705800000| Untracked 
|  14|0x0000000705a00000, 0x0000000705c00000, 0x0000000705c00000|100%| O|  |TAMS 0x0000000705a00000| PB 0x0000000705a00000| Untracked 
|  15|0x0000000705c00000, 0x0000000705e00000, 0x0000000705e00000|100%| O|  |TAMS 0x0000000705c00000| PB 0x0000000705c00000| Untracked 
|  16|0x0000000705e00000, 0x0000000706000000, 0x0000000706000000|100%| O|  |TAMS 0x0000000705e00000| PB 0x0000000705e00000| Untracked 
|  17|0x0000000706000000, 0x0000000706200000, 0x0000000706200000|100%|HS|  |TAMS 0x0000000706000000| PB 0x0000000706000000| Complete 
|  18|0x0000000706200000, 0x0000000706400000, 0x0000000706400000|100%| O|  |TAMS 0x0000000706200000| PB 0x0000000706200000| Untracked 
|  19|0x0000000706400000, 0x0000000706600000, 0x0000000706600000|100%|HS|  |TAMS 0x0000000706400000| PB 0x0000000706400000| Complete 
|  20|0x0000000706600000, 0x0000000706800000, 0x0000000706800000|100%|HS|  |TAMS 0x0000000706600000| PB 0x0000000706600000| Complete 
|  21|0x0000000706800000, 0x0000000706a00000, 0x0000000706a00000|100%|HC|  |TAMS 0x0000000706800000| PB 0x0000000706800000| Complete 
|  22|0x0000000706a00000, 0x0000000706c00000, 0x0000000706c00000|100%| O|  |TAMS 0x0000000706a00000| PB 0x0000000706a00000| Untracked 
|  23|0x0000000706c00000, 0x0000000706e00000, 0x0000000706e00000|100%| O|  |TAMS 0x0000000706c00000| PB 0x0000000706c00000| Untracked 
|  24|0x0000000706e00000, 0x0000000707000000, 0x0000000707000000|100%|HS|  |TAMS 0x0000000706e00000| PB 0x0000000706e00000| Complete 
|  25|0x0000000707000000, 0x0000000707200000, 0x0000000707200000|100%|HC|  |TAMS 0x0000000707000000| PB 0x0000000707000000| Complete 
|  26|0x0000000707200000, 0x0000000707400000, 0x0000000707400000|100%|HS|  |TAMS 0x0000000707200000| PB 0x0000000707200000| Complete 
|  27|0x0000000707400000, 0x0000000707600000, 0x0000000707600000|100%|HC|  |TAMS 0x0000000707400000| PB 0x0000000707400000| Complete 
|  28|0x0000000707600000, 0x0000000707800000, 0x0000000707800000|100%|HS|  |TAMS 0x0000000707600000| PB 0x0000000707600000| Complete 
|  29|0x0000000707800000, 0x0000000707a00000, 0x0000000707a00000|100%|HC|  |TAMS 0x0000000707800000| PB 0x0000000707800000| Complete 
|  30|0x0000000707a00000, 0x0000000707c00000, 0x0000000707c00000|100%|HS|  |TAMS 0x0000000707a00000| PB 0x0000000707a00000| Complete 
|  31|0x0000000707c00000, 0x0000000707e00000, 0x0000000707e00000|100%|HC|  |TAMS 0x0000000707c00000| PB 0x0000000707c00000| Complete 
|  32|0x0000000707e00000, 0x0000000708000000, 0x0000000708000000|100%|HS|  |TAMS 0x0000000707e00000| PB 0x0000000707e00000| Complete 
|  33|0x0000000708000000, 0x0000000708200000, 0x0000000708200000|100%|HC|  |TAMS 0x0000000708000000| PB 0x0000000708000000| Complete 
|  34|0x0000000708200000, 0x0000000708400000, 0x0000000708400000|100%|HS|  |TAMS 0x0000000708200000| PB 0x0000000708200000| Complete 
|  35|0x0000000708400000, 0x0000000708600000, 0x0000000708600000|100%|HC|  |TAMS 0x0000000708400000| PB 0x0000000708400000| Complete 
|  36|0x0000000708600000, 0x0000000708800000, 0x0000000708800000|100%|HS|  |TAMS 0x0000000708600000| PB 0x0000000708600000| Complete 
|  37|0x0000000708800000, 0x0000000708a00000, 0x0000000708a00000|100%|HC|  |TAMS 0x0000000708800000| PB 0x0000000708800000| Complete 
|  38|0x0000000708a00000, 0x0000000708c00000, 0x0000000708c00000|100%|HS|  |TAMS 0x0000000708a00000| PB 0x0000000708a00000| Complete 
|  39|0x0000000708c00000, 0x0000000708e00000, 0x0000000708e00000|100%|HC|  |TAMS 0x0000000708c00000| PB 0x0000000708c00000| Complete 
|  40|0x0000000708e00000, 0x0000000709000000, 0x0000000709000000|100%| O|  |TAMS 0x0000000708e00000| PB 0x0000000708e00000| Untracked 
|  41|0x0000000709000000, 0x0000000709200000, 0x0000000709200000|100%|HS|  |TAMS 0x0000000709000000| PB 0x0000000709000000| Complete 
|  42|0x0000000709200000, 0x0000000709400000, 0x0000000709400000|100%|HC|  |TAMS 0x0000000709200000| PB 0x0000000709200000| Complete 
|  43|0x0000000709400000, 0x0000000709600000, 0x0000000709600000|100%| O|  |TAMS 0x0000000709400000| PB 0x0000000709400000| Untracked 
|  44|0x0000000709600000, 0x0000000709800000, 0x0000000709800000|100%| O|  |TAMS 0x0000000709600000| PB 0x0000000709600000| Untracked 
|  45|0x0000000709800000, 0x0000000709a00000, 0x0000000709a00000|100%| O|  |TAMS 0x0000000709800000| PB 0x0000000709800000| Untracked 
|  46|0x0000000709a00000, 0x0000000709c00000, 0x0000000709c00000|100%| O|  |TAMS 0x0000000709a00000| PB 0x0000000709a00000| Untracked 
|  47|0x0000000709c00000, 0x0000000709e00000, 0x0000000709e00000|100%|HS|  |TAMS 0x0000000709c00000| PB 0x0000000709c00000| Complete 
|  48|0x0000000709e00000, 0x000000070a000000, 0x000000070a000000|100%|HC|  |TAMS 0x0000000709e00000| PB 0x0000000709e00000| Complete 
|  49|0x000000070a000000, 0x000000070a200000, 0x000000070a200000|100%| O|  |TAMS 0x000000070a000000| PB 0x000000070a000000| Untracked 
|  50|0x000000070a200000, 0x000000070a400000, 0x000000070a400000|100%| O|  |TAMS 0x000000070a200000| PB 0x000000070a200000| Untracked 
|  51|0x000000070a400000, 0x000000070a600000, 0x000000070a600000|100%| O|  |TAMS 0x000000070a400000| PB 0x000000070a400000| Untracked 
|  52|0x000000070a600000, 0x000000070a800000, 0x000000070a800000|100%| O|  |TAMS 0x000000070a600000| PB 0x000000070a600000| Untracked 
|  53|0x000000070a800000, 0x000000070aa00000, 0x000000070aa00000|100%| O|  |TAMS 0x000000070a800000| PB 0x000000070a800000| Untracked 
|  54|0x000000070aa00000, 0x000000070ac00000, 0x000000070ac00000|100%| O|  |TAMS 0x000000070aa00000| PB 0x000000070aa00000| Untracked 
|  55|0x000000070ac00000, 0x000000070ac00000, 0x000000070ae00000|  0%| F|  |TAMS 0x000000070ac00000| PB 0x000000070ac00000| Untracked 
|  56|0x000000070ae00000, 0x000000070b000000, 0x000000070b000000|100%| O|  |TAMS 0x000000070ae00000| PB 0x000000070ae00000| Untracked 
|  57|0x000000070b000000, 0x000000070b200000, 0x000000070b200000|100%| O|  |TAMS 0x000000070b000000| PB 0x000000070b000000| Untracked 
|  58|0x000000070b200000, 0x000000070b400000, 0x000000070b400000|100%| O|  |TAMS 0x000000070b200000| PB 0x000000070b200000| Untracked 
|  59|0x000000070b400000, 0x000000070b600000, 0x000000070b600000|100%| O|  |TAMS 0x000000070b400000| PB 0x000000070b400000| Untracked 
|  60|0x000000070b600000, 0x000000070b800000, 0x000000070b800000|100%| O|  |TAMS 0x000000070b600000| PB 0x000000070b600000| Untracked 
|  61|0x000000070b800000, 0x000000070b820400, 0x000000070ba00000|  6%| O|  |TAMS 0x000000070b800000| PB 0x000000070b800000| Untracked 
|  62|0x000000070ba00000, 0x000000070ba00000, 0x000000070bc00000|  0%| F|  |TAMS 0x000000070ba00000| PB 0x000000070ba00000| Untracked 
|  63|0x000000070bc00000, 0x000000070bc00000, 0x000000070be00000|  0%| F|  |TAMS 0x000000070bc00000| PB 0x000000070bc00000| Untracked 
|  64|0x000000070be00000, 0x000000070be00000, 0x000000070c000000|  0%| F|  |TAMS 0x000000070be00000| PB 0x000000070be00000| Untracked 
|  65|0x000000070c000000, 0x000000070c000000, 0x000000070c200000|  0%| F|  |TAMS 0x000000070c000000| PB 0x000000070c000000| Untracked 
|  66|0x000000070c200000, 0x000000070c200000, 0x000000070c400000|  0%| F|  |TAMS 0x000000070c200000| PB 0x000000070c200000| Untracked 
|  67|0x000000070c400000, 0x000000070c400000, 0x000000070c600000|  0%| F|  |TAMS 0x000000070c400000| PB 0x000000070c400000| Untracked 
|  68|0x000000070c600000, 0x000000070c600000, 0x000000070c800000|  0%| F|  |TAMS 0x000000070c600000| PB 0x000000070c600000| Untracked 
|  69|0x000000070c800000, 0x000000070c800000, 0x000000070ca00000|  0%| F|  |TAMS 0x000000070c800000| PB 0x000000070c800000| Untracked 
|  70|0x000000070ca00000, 0x000000070ca00000, 0x000000070cc00000|  0%| F|  |TAMS 0x000000070ca00000| PB 0x000000070ca00000| Untracked 
|  71|0x000000070cc00000, 0x000000070cd2fcf0, 0x000000070ce00000| 59%| S|CS|TAMS 0x000000070cc00000| PB 0x000000070cc00000| Complete 
|  72|0x000000070ce00000, 0x000000070d000000, 0x000000070d000000|100%| S|CS|TAMS 0x000000070ce00000| PB 0x000000070ce00000| Complete 
|  73|0x000000070d000000, 0x000000070d200000, 0x000000070d200000|100%| S|CS|TAMS 0x000000070d000000| PB 0x000000070d000000| Complete 
|  74|0x000000070d200000, 0x000000070d400000, 0x000000070d400000|100%| S|CS|TAMS 0x000000070d200000| PB 0x000000070d200000| Complete 
|  75|0x000000070d400000, 0x000000070d600000, 0x000000070d600000|100%| S|CS|TAMS 0x000000070d400000| PB 0x000000070d400000| Complete 
|  76|0x000000070d600000, 0x000000070d600000, 0x000000070d800000|  0%| F|  |TAMS 0x000000070d600000| PB 0x000000070d600000| Untracked 
|  77|0x000000070d800000, 0x000000070d800000, 0x000000070da00000|  0%| F|  |TAMS 0x000000070d800000| PB 0x000000070d800000| Untracked 
|  78|0x000000070da00000, 0x000000070da00000, 0x000000070dc00000|  0%| F|  |TAMS 0x000000070da00000| PB 0x000000070da00000| Untracked 
|  79|0x000000070dc00000, 0x000000070dc00000, 0x000000070de00000|  0%| F|  |TAMS 0x000000070dc00000| PB 0x000000070dc00000| Untracked 
|  80|0x000000070de00000, 0x000000070de00000, 0x000000070e000000|  0%| F|  |TAMS 0x000000070de00000| PB 0x000000070de00000| Untracked 
|  81|0x000000070e000000, 0x000000070e000000, 0x000000070e200000|  0%| F|  |TAMS 0x000000070e000000| PB 0x000000070e000000| Untracked 
|  82|0x000000070e200000, 0x000000070e200000, 0x000000070e400000|  0%| F|  |TAMS 0x000000070e200000| PB 0x000000070e200000| Untracked 
|  83|0x000000070e400000, 0x000000070e400000, 0x000000070e600000|  0%| F|  |TAMS 0x000000070e400000| PB 0x000000070e400000| Untracked 
|  84|0x000000070e600000, 0x000000070e600000, 0x000000070e800000|  0%| F|  |TAMS 0x000000070e600000| PB 0x000000070e600000| Untracked 
|  85|0x000000070e800000, 0x000000070ea00000, 0x000000070ea00000|100%| S|CS|TAMS 0x000000070e800000| PB 0x000000070e800000| Complete 
|  86|0x000000070ea00000, 0x000000070ec00000, 0x000000070ec00000|100%| S|CS|TAMS 0x000000070ea00000| PB 0x000000070ea00000| Complete 
|  87|0x000000070ec00000, 0x000000070ee00000, 0x000000070ee00000|100%| S|CS|TAMS 0x000000070ec00000| PB 0x000000070ec00000| Complete 
|  88|0x000000070ee00000, 0x000000070f000000, 0x000000070f000000|100%| S|CS|TAMS 0x000000070ee00000| PB 0x000000070ee00000| Complete 
|  89|0x000000070f000000, 0x000000070f000000, 0x000000070f200000|  0%| F|  |TAMS 0x000000070f000000| PB 0x000000070f000000| Untracked 
|  90|0x000000070f200000, 0x000000070f200000, 0x000000070f400000|  0%| F|  |TAMS 0x000000070f200000| PB 0x000000070f200000| Untracked 
|  91|0x000000070f400000, 0x000000070f400000, 0x000000070f600000|  0%| F|  |TAMS 0x000000070f400000| PB 0x000000070f400000| Untracked 
|  92|0x000000070f600000, 0x000000070f600000, 0x000000070f800000|  0%| F|  |TAMS 0x000000070f600000| PB 0x000000070f600000| Untracked 
|  93|0x000000070f800000, 0x000000070f800000, 0x000000070fa00000|  0%| F|  |TAMS 0x000000070f800000| PB 0x000000070f800000| Untracked 
|  94|0x000000070fa00000, 0x000000070fa00000, 0x000000070fc00000|  0%| F|  |TAMS 0x000000070fa00000| PB 0x000000070fa00000| Untracked 
|  95|0x000000070fc00000, 0x000000070fc00000, 0x000000070fe00000|  0%| F|  |TAMS 0x000000070fc00000| PB 0x000000070fc00000| Untracked 
|  96|0x000000070fe00000, 0x000000070fe00000, 0x0000000710000000|  0%| F|  |TAMS 0x000000070fe00000| PB 0x000000070fe00000| Untracked 
|  97|0x0000000710000000, 0x0000000710000000, 0x0000000710200000|  0%| F|  |TAMS 0x0000000710000000| PB 0x0000000710000000| Untracked 
|  98|0x0000000710200000, 0x0000000710200000, 0x0000000710400000|  0%| F|  |TAMS 0x0000000710200000| PB 0x0000000710200000| Untracked 
|  99|0x0000000710400000, 0x0000000710400000, 0x0000000710600000|  0%| F|  |TAMS 0x0000000710400000| PB 0x0000000710400000| Untracked 
| 100|0x0000000710600000, 0x0000000710600000, 0x0000000710800000|  0%| F|  |TAMS 0x0000000710600000| PB 0x0000000710600000| Untracked 
| 101|0x0000000710800000, 0x0000000710800000, 0x0000000710a00000|  0%| F|  |TAMS 0x0000000710800000| PB 0x0000000710800000| Untracked 
| 102|0x0000000710a00000, 0x0000000710a00000, 0x0000000710c00000|  0%| F|  |TAMS 0x0000000710a00000| PB 0x0000000710a00000| Untracked 
| 103|0x0000000710c00000, 0x0000000710c00000, 0x0000000710e00000|  0%| F|  |TAMS 0x0000000710c00000| PB 0x0000000710c00000| Untracked 
| 104|0x0000000710e00000, 0x0000000710e00000, 0x0000000711000000|  0%| F|  |TAMS 0x0000000710e00000| PB 0x0000000710e00000| Untracked 
| 105|0x0000000711000000, 0x0000000711000000, 0x0000000711200000|  0%| F|  |TAMS 0x0000000711000000| PB 0x0000000711000000| Untracked 
| 106|0x0000000711200000, 0x0000000711200000, 0x0000000711400000|  0%| F|  |TAMS 0x0000000711200000| PB 0x0000000711200000| Untracked 
| 107|0x0000000711400000, 0x0000000711400000, 0x0000000711600000|  0%| F|  |TAMS 0x0000000711400000| PB 0x0000000711400000| Untracked 
| 108|0x0000000711600000, 0x0000000711600000, 0x0000000711800000|  0%| F|  |TAMS 0x0000000711600000| PB 0x0000000711600000| Untracked 
| 109|0x0000000711800000, 0x0000000711800000, 0x0000000711a00000|  0%| F|  |TAMS 0x0000000711800000| PB 0x0000000711800000| Untracked 
| 110|0x0000000711a00000, 0x0000000711a00000, 0x0000000711c00000|  0%| F|  |TAMS 0x0000000711a00000| PB 0x0000000711a00000| Untracked 
| 111|0x0000000711c00000, 0x0000000711c00000, 0x0000000711e00000|  0%| F|  |TAMS 0x0000000711c00000| PB 0x0000000711c00000| Untracked 
| 112|0x0000000711e00000, 0x0000000711e00000, 0x0000000712000000|  0%| F|  |TAMS 0x0000000711e00000| PB 0x0000000711e00000| Untracked 
| 113|0x0000000712000000, 0x0000000712000000, 0x0000000712200000|  0%| F|  |TAMS 0x0000000712000000| PB 0x0000000712000000| Untracked 
| 114|0x0000000712200000, 0x0000000712200000, 0x0000000712400000|  0%| F|  |TAMS 0x0000000712200000| PB 0x0000000712200000| Untracked 
| 115|0x0000000712400000, 0x0000000712400000, 0x0000000712600000|  0%| F|  |TAMS 0x0000000712400000| PB 0x0000000712400000| Untracked 
| 116|0x0000000712600000, 0x0000000712600000, 0x0000000712800000|  0%| F|  |TAMS 0x0000000712600000| PB 0x0000000712600000| Untracked 
| 117|0x0000000712800000, 0x0000000712800000, 0x0000000712a00000|  0%| F|  |TAMS 0x0000000712800000| PB 0x0000000712800000| Untracked 
| 118|0x0000000712a00000, 0x0000000712a00000, 0x0000000712c00000|  0%| F|  |TAMS 0x0000000712a00000| PB 0x0000000712a00000| Untracked 
| 119|0x0000000712c00000, 0x0000000712c00000, 0x0000000712e00000|  0%| F|  |TAMS 0x0000000712c00000| PB 0x0000000712c00000| Untracked 
| 120|0x0000000712e00000, 0x0000000712e00000, 0x0000000713000000|  0%| F|  |TAMS 0x0000000712e00000| PB 0x0000000712e00000| Untracked 
| 121|0x0000000713000000, 0x0000000713000000, 0x0000000713200000|  0%| F|  |TAMS 0x0000000713000000| PB 0x0000000713000000| Untracked 
| 122|0x0000000713200000, 0x0000000713200000, 0x0000000713400000|  0%| F|  |TAMS 0x0000000713200000| PB 0x0000000713200000| Untracked 
| 123|0x0000000713400000, 0x0000000713400000, 0x0000000713600000|  0%| F|  |TAMS 0x0000000713400000| PB 0x0000000713400000| Untracked 
| 124|0x0000000713600000, 0x0000000713600000, 0x0000000713800000|  0%| F|  |TAMS 0x0000000713600000| PB 0x0000000713600000| Untracked 
| 125|0x0000000713800000, 0x0000000713800000, 0x0000000713a00000|  0%| F|  |TAMS 0x0000000713800000| PB 0x0000000713800000| Untracked 
| 126|0x0000000713a00000, 0x0000000713a00000, 0x0000000713c00000|  0%| F|  |TAMS 0x0000000713a00000| PB 0x0000000713a00000| Untracked 
| 127|0x0000000713c00000, 0x0000000713c00000, 0x0000000713e00000|  0%| F|  |TAMS 0x0000000713c00000| PB 0x0000000713c00000| Untracked 
| 128|0x0000000713e00000, 0x0000000713e00000, 0x0000000714000000|  0%| F|  |TAMS 0x0000000713e00000| PB 0x0000000713e00000| Untracked 
| 129|0x0000000714000000, 0x0000000714000000, 0x0000000714200000|  0%| F|  |TAMS 0x0000000714000000| PB 0x0000000714000000| Untracked 
| 130|0x0000000714200000, 0x0000000714200000, 0x0000000714400000|  0%| F|  |TAMS 0x0000000714200000| PB 0x0000000714200000| Untracked 
| 131|0x0000000714400000, 0x0000000714400000, 0x0000000714600000|  0%| F|  |TAMS 0x0000000714400000| PB 0x0000000714400000| Untracked 
| 132|0x0000000714600000, 0x0000000714600000, 0x0000000714800000|  0%| F|  |TAMS 0x0000000714600000| PB 0x0000000714600000| Untracked 
| 133|0x0000000714800000, 0x0000000714800000, 0x0000000714a00000|  0%| F|  |TAMS 0x0000000714800000| PB 0x0000000714800000| Untracked 
| 134|0x0000000714a00000, 0x0000000714a00000, 0x0000000714c00000|  0%| F|  |TAMS 0x0000000714a00000| PB 0x0000000714a00000| Untracked 
| 135|0x0000000714c00000, 0x0000000714c00000, 0x0000000714e00000|  0%| F|  |TAMS 0x0000000714c00000| PB 0x0000000714c00000| Untracked 
| 136|0x0000000714e00000, 0x0000000714e00000, 0x0000000715000000|  0%| F|  |TAMS 0x0000000714e00000| PB 0x0000000714e00000| Untracked 
| 137|0x0000000715000000, 0x0000000715000000, 0x0000000715200000|  0%| F|  |TAMS 0x0000000715000000| PB 0x0000000715000000| Untracked 
| 138|0x0000000715200000, 0x0000000715200000, 0x0000000715400000|  0%| F|  |TAMS 0x0000000715200000| PB 0x0000000715200000| Untracked 
| 139|0x0000000715400000, 0x0000000715400000, 0x0000000715600000|  0%| F|  |TAMS 0x0000000715400000| PB 0x0000000715400000| Untracked 
| 140|0x0000000715600000, 0x0000000715600000, 0x0000000715800000|  0%| F|  |TAMS 0x0000000715600000| PB 0x0000000715600000| Untracked 
| 141|0x0000000715800000, 0x0000000715800000, 0x0000000715a00000|  0%| F|  |TAMS 0x0000000715800000| PB 0x0000000715800000| Untracked 
| 142|0x0000000715a00000, 0x0000000715a00000, 0x0000000715c00000|  0%| F|  |TAMS 0x0000000715a00000| PB 0x0000000715a00000| Untracked 
| 143|0x0000000715c00000, 0x0000000715c00000, 0x0000000715e00000|  0%| F|  |TAMS 0x0000000715c00000| PB 0x0000000715c00000| Untracked 
| 144|0x0000000715e00000, 0x0000000715e00000, 0x0000000716000000|  0%| F|  |TAMS 0x0000000715e00000| PB 0x0000000715e00000| Untracked 
| 145|0x0000000716000000, 0x0000000716000000, 0x0000000716200000|  0%| F|  |TAMS 0x0000000716000000| PB 0x0000000716000000| Untracked 
| 146|0x0000000716200000, 0x0000000716200000, 0x0000000716400000|  0%| F|  |TAMS 0x0000000716200000| PB 0x0000000716200000| Untracked 
| 147|0x0000000716400000, 0x0000000716400000, 0x0000000716600000|  0%| F|  |TAMS 0x0000000716400000| PB 0x0000000716400000| Untracked 
| 148|0x0000000716600000, 0x0000000716600000, 0x0000000716800000|  0%| F|  |TAMS 0x0000000716600000| PB 0x0000000716600000| Untracked 
| 149|0x0000000716800000, 0x0000000716800000, 0x0000000716a00000|  0%| F|  |TAMS 0x0000000716800000| PB 0x0000000716800000| Untracked 
| 150|0x0000000716a00000, 0x0000000716a00000, 0x0000000716c00000|  0%| F|  |TAMS 0x0000000716a00000| PB 0x0000000716a00000| Untracked 
| 151|0x0000000716c00000, 0x0000000716c00000, 0x0000000716e00000|  0%| F|  |TAMS 0x0000000716c00000| PB 0x0000000716c00000| Untracked 
| 152|0x0000000716e00000, 0x0000000716e00000, 0x0000000717000000|  0%| F|  |TAMS 0x0000000716e00000| PB 0x0000000716e00000| Untracked 
| 153|0x0000000717000000, 0x0000000717000000, 0x0000000717200000|  0%| F|  |TAMS 0x0000000717000000| PB 0x0000000717000000| Untracked 
| 154|0x0000000717200000, 0x0000000717200000, 0x0000000717400000|  0%| F|  |TAMS 0x0000000717200000| PB 0x0000000717200000| Untracked 
| 155|0x0000000717400000, 0x0000000717400000, 0x0000000717600000|  0%| F|  |TAMS 0x0000000717400000| PB 0x0000000717400000| Untracked 
| 156|0x0000000717600000, 0x0000000717600000, 0x0000000717800000|  0%| F|  |TAMS 0x0000000717600000| PB 0x0000000717600000| Untracked 
| 157|0x0000000717800000, 0x0000000717800000, 0x0000000717a00000|  0%| F|  |TAMS 0x0000000717800000| PB 0x0000000717800000| Untracked 
| 158|0x0000000717a00000, 0x0000000717a00000, 0x0000000717c00000|  0%| F|  |TAMS 0x0000000717a00000| PB 0x0000000717a00000| Untracked 
| 159|0x0000000717c00000, 0x0000000717c00000, 0x0000000717e00000|  0%| F|  |TAMS 0x0000000717c00000| PB 0x0000000717c00000| Untracked 
| 160|0x0000000717e00000, 0x0000000717e00000, 0x0000000718000000|  0%| F|  |TAMS 0x0000000717e00000| PB 0x0000000717e00000| Untracked 
| 161|0x0000000718000000, 0x0000000718000000, 0x0000000718200000|  0%| F|  |TAMS 0x0000000718000000| PB 0x0000000718000000| Untracked 
| 162|0x0000000718200000, 0x0000000718200000, 0x0000000718400000|  0%| F|  |TAMS 0x0000000718200000| PB 0x0000000718200000| Untracked 
| 163|0x0000000718400000, 0x0000000718400000, 0x0000000718600000|  0%| F|  |TAMS 0x0000000718400000| PB 0x0000000718400000| Untracked 
| 164|0x0000000718600000, 0x0000000718600000, 0x0000000718800000|  0%| F|  |TAMS 0x0000000718600000| PB 0x0000000718600000| Untracked 
| 165|0x0000000718800000, 0x0000000718800000, 0x0000000718a00000|  0%| F|  |TAMS 0x0000000718800000| PB 0x0000000718800000| Untracked 
| 166|0x0000000718a00000, 0x0000000718a00000, 0x0000000718c00000|  0%| F|  |TAMS 0x0000000718a00000| PB 0x0000000718a00000| Untracked 
| 167|0x0000000718c00000, 0x0000000718c00000, 0x0000000718e00000|  0%| F|  |TAMS 0x0000000718c00000| PB 0x0000000718c00000| Untracked 
| 168|0x0000000718e00000, 0x0000000718e00000, 0x0000000719000000|  0%| F|  |TAMS 0x0000000718e00000| PB 0x0000000718e00000| Untracked 
| 169|0x0000000719000000, 0x0000000719000000, 0x0000000719200000|  0%| F|  |TAMS 0x0000000719000000| PB 0x0000000719000000| Untracked 
| 170|0x0000000719200000, 0x0000000719200000, 0x0000000719400000|  0%| F|  |TAMS 0x0000000719200000| PB 0x0000000719200000| Untracked 
| 171|0x0000000719400000, 0x0000000719400000, 0x0000000719600000|  0%| F|  |TAMS 0x0000000719400000| PB 0x0000000719400000| Untracked 
| 172|0x0000000719600000, 0x0000000719600000, 0x0000000719800000|  0%| F|  |TAMS 0x0000000719600000| PB 0x0000000719600000| Untracked 
| 173|0x0000000719800000, 0x0000000719800000, 0x0000000719a00000|  0%| F|  |TAMS 0x0000000719800000| PB 0x0000000719800000| Untracked 
| 174|0x0000000719a00000, 0x0000000719a00000, 0x0000000719c00000|  0%| F|  |TAMS 0x0000000719a00000| PB 0x0000000719a00000| Untracked 
| 175|0x0000000719c00000, 0x0000000719c00000, 0x0000000719e00000|  0%| F|  |TAMS 0x0000000719c00000| PB 0x0000000719c00000| Untracked 
| 176|0x0000000719e00000, 0x0000000719e00000, 0x000000071a000000|  0%| F|  |TAMS 0x0000000719e00000| PB 0x0000000719e00000| Untracked 
| 177|0x000000071a000000, 0x000000071a000000, 0x000000071a200000|  0%| F|  |TAMS 0x000000071a000000| PB 0x000000071a000000| Untracked 
| 178|0x000000071a200000, 0x000000071a200000, 0x000000071a400000|  0%| F|  |TAMS 0x000000071a200000| PB 0x000000071a200000| Untracked 
| 179|0x000000071a400000, 0x000000071a400000, 0x000000071a600000|  0%| F|  |TAMS 0x000000071a400000| PB 0x000000071a400000| Untracked 
| 180|0x000000071a600000, 0x000000071a600000, 0x000000071a800000|  0%| F|  |TAMS 0x000000071a600000| PB 0x000000071a600000| Untracked 
| 181|0x000000071a800000, 0x000000071a800000, 0x000000071aa00000|  0%| F|  |TAMS 0x000000071a800000| PB 0x000000071a800000| Untracked 
| 182|0x000000071aa00000, 0x000000071aa00000, 0x000000071ac00000|  0%| F|  |TAMS 0x000000071aa00000| PB 0x000000071aa00000| Untracked 
| 183|0x000000071ac00000, 0x000000071ac00000, 0x000000071ae00000|  0%| F|  |TAMS 0x000000071ac00000| PB 0x000000071ac00000| Untracked 
| 184|0x000000071ae00000, 0x000000071ae00000, 0x000000071b000000|  0%| F|  |TAMS 0x000000071ae00000| PB 0x000000071ae00000| Untracked 
| 185|0x000000071b000000, 0x000000071b000000, 0x000000071b200000|  0%| F|  |TAMS 0x000000071b000000| PB 0x000000071b000000| Untracked 
| 186|0x000000071b200000, 0x000000071b200000, 0x000000071b400000|  0%| F|  |TAMS 0x000000071b200000| PB 0x000000071b200000| Untracked 
|2016|0x00000007ffe00000, 0x0000000800000000, 0x0000000800000000|100%| O|  |TAMS 0x00000007ffe00000| PB 0x00000007ffe00000| Untracked 

Card table byte_map: [0x0000020150f40000,0x0000020151730000] _byte_map_base: 0x000002014d721000

Marking Bits: (CMBitMap*) 0x0000020138205510
 Bits: [0x0000020151730000, 0x0000020155638000)

Polling page: 0x0000020136130000

Metaspace:

Usage:
  Non-class:     76.56 MB used.
      Class:      9.64 MB used.
       Both:     86.20 MB used.

Virtual space:
  Non-class space:      128.00 MB reserved,      77.12 MB ( 60%) committed,  2 nodes.
      Class space:        1.00 GB reserved,      10.12 MB ( <1%) committed,  1 nodes.
             Both:        1.12 GB reserved,      87.25 MB (  8%) committed. 

Chunk freelists:
   Non-Class:  1.98 MB
       Class:  5.69 MB
        Both:  7.67 MB

MaxMetaspaceSize: unlimited
CompressedClassSpaceSize: 1.00 GB
Initial GC threshold: 21.00 MB
Current GC threshold: 145.31 MB
CDS: off
 - commit_granule_bytes: 65536.
 - commit_granule_words: 8192.
 - virtual_space_node_default_size: 8388608.
 - enlarge_chunks_in_place: 1.
 - use_allocation_guard: 0.


Internal statistics:

num_allocs_failed_limit: 9.
num_arena_births: 936.
num_arena_deaths: 0.
num_vsnodes_births: 3.
num_vsnodes_deaths: 0.
num_space_committed: 1396.
num_space_uncommitted: 0.
num_chunks_returned_to_freelist: 9.
num_chunks_taken_from_freelist: 3220.
num_chunk_merges: 3.
num_chunk_splits: 2247.
num_chunks_enlarged: 1580.
num_inconsistent_stats: 0.

CodeHeap 'non-profiled nmethods': size=120000Kb used=6841Kb max_used=6841Kb free=113158Kb
 bounds [0x0000020148ef0000, 0x00000201495a0000, 0x0000020150420000]
CodeHeap 'profiled nmethods': size=120000Kb used=14782Kb max_used=14782Kb free=105217Kb
 bounds [0x0000020141420000, 0x00000201422b0000, 0x0000020148950000]
CodeHeap 'non-nmethods': size=5760Kb used=2248Kb max_used=2312Kb free=3512Kb
 bounds [0x0000020148950000, 0x0000020148bc0000, 0x0000020148ef0000]
CodeCache: size=245760Kb, used=23871Kb, max_used=23935Kb, free=221887Kb
 total_blobs=8640, nmethods=7692, adapters=851, full_count=0
Compilation: enabled, stopped_count=0, restarted_count=0

Compilation events (20 events):
Event: 51.102 Thread 0x00000201581ebc00 nmethod 9549 0x0000020141b7fe90 code [0x0000020141b801a0, 0x0000020141b80f90]
Event: 51.105 Thread 0x00000201581ebc00 9550   !   3       org.apache.xerces.impl.XMLDocumentFragmentScannerImpl::reset (133 bytes)
Event: 51.106 Thread 0x00000201581ebc00 nmethod 9550 0x0000020141cd3f10 code [0x0000020141cd4120, 0x0000020141cd4990]
Event: 51.116 Thread 0x00000201581ebc00 9551   !   3       org.apache.xerces.impl.dtd.XMLDTDValidator::init (138 bytes)
Event: 51.118 Thread 0x00000201581ebc00 nmethod 9551 0x00000201421d5190 code [0x00000201421d54e0, 0x00000201421d6e78]
Event: 51.138 Thread 0x00000201581ebc00 9553   !   3       javax.xml.parsers.FactoryFinder::find (120 bytes)
Event: 51.141 Thread 0x00000201581ebc00 nmethod 9553 0x0000020141864d90 code [0x0000020141865260, 0x0000020141867370]
Event: 51.141 Thread 0x00000201581ebc00 9554   !   3       javax.xml.parsers.FactoryFinder::findServiceProvider (46 bytes)
Event: 51.142 Thread 0x00000201581ebc00 nmethod 9554 0x0000020141cd3010 code [0x0000020141cd3280, 0x0000020141cd3b20]
Event: 51.142 Thread 0x00000201581ebc00 9555       3       javax.xml.parsers.FactoryFinder$1::<init> (10 bytes)
Event: 51.142 Thread 0x00000201581ebc00 nmethod 9555 0x0000020141b7fa10 code [0x0000020141b7fbc0, 0x0000020141b7fd90]
Event: 51.164 Thread 0x00000201581ebc00 9556   !   3       java.lang.ModuleLayer::getServicesCatalog (91 bytes)
Event: 51.165 Thread 0x00000201581ebc00 nmethod 9556 0x00000201415a5490 code [0x00000201415a5720, 0x00000201415a6280]
Event: 51.165 Thread 0x00000201581ebc00 9557       3       java.util.Hashtable$Enumerator::next (27 bytes)
Event: 51.166 Thread 0x00000201581ebc00 nmethod 9557 0x00000201415a4f10 code [0x00000201415a50e0, 0x00000201415a5350]
Event: 51.192 Thread 0x00000201581ebc00 9558       1       com.st.microxplorer.db.McuAttributeClassification$McuAttributeItem::getRankingOrder (5 bytes)
Event: 51.192 Thread 0x00000201581ebc00 nmethod 9558 0x000002014959e310 code [0x000002014959e4a0, 0x000002014959e568]
Event: 51.200 Thread 0x00000201581ebc00 9560   !   3       org.apache.xerces.impl.XMLEntityManager::expandSystemId (175 bytes)
Event: 51.202 Thread 0x00000201581ebc00 nmethod 9560 0x0000020142005a90 code [0x0000020142005e60, 0x0000020142007138]
Event: 51.203 Thread 0x000002016332f1f0 9559       4       sun.nio.fs.WindowsPathParser::normalize (233 bytes)

GC Heap History (20 events):
Event: 44.254 GC heap after
{Heap after GC invocations=74 (full 0):
 garbage-first heap   total 385024K, used 127017K [0x0000000703e00000, 0x0000000800000000)
  region size 2048K, 5 young (10240K), 5 survivors (10240K)
 Metaspace       used 87360K, committed 88448K, reserved 1179648K
  class space    used 9814K, committed 10304K, reserved 1048576K
}
Event: 44.588 GC heap before
{Heap before GC invocations=75 (full 0):
 garbage-first heap   total 385024K, used 346153K [0x0000000703e00000, 0x0000000800000000)
  region size 2048K, 112 young (229376K), 5 survivors (10240K)
 Metaspace       used 87364K, committed 88448K, reserved 1179648K
  class space    used 9814K, committed 10304K, reserved 1048576K
}
Event: 44.593 GC heap after
{Heap after GC invocations=76 (full 0):
 garbage-first heap   total 385024K, used 127226K [0x0000000703e00000, 0x0000000800000000)
  region size 2048K, 5 young (10240K), 5 survivors (10240K)
 Metaspace       used 87364K, committed 88448K, reserved 1179648K
  class space    used 9814K, committed 10304K, reserved 1048576K
}
Event: 45.011 GC heap before
{Heap before GC invocations=76 (full 0):
 garbage-first heap   total 385024K, used 346362K [0x0000000703e00000, 0x0000000800000000)
  region size 2048K, 112 young (229376K), 5 survivors (10240K)
 Metaspace       used 87364K, committed 88448K, reserved 1179648K
  class space    used 9814K, committed 10304K, reserved 1048576K
}
Event: 45.017 GC heap after
{Heap after GC invocations=77 (full 0):
 garbage-first heap   total 385024K, used 129680K [0x0000000703e00000, 0x0000000800000000)
  region size 2048K, 6 young (12288K), 6 survivors (12288K)
 Metaspace       used 87364K, committed 88448K, reserved 1179648K
  class space    used 9814K, committed 10304K, reserved 1048576K
}
Event: 45.414 GC heap before
{Heap before GC invocations=78 (full 0):
 garbage-first heap   total 385024K, used 346768K [0x0000000703e00000, 0x0000000800000000)
  region size 2048K, 112 young (229376K), 6 survivors (12288K)
 Metaspace       used 87368K, committed 88448K, reserved 1179648K
  class space    used 9814K, committed 10304K, reserved 1048576K
}
Event: 45.419 GC heap after
{Heap after GC invocations=79 (full 0):
 garbage-first heap   total 385024K, used 130294K [0x0000000703e00000, 0x0000000800000000)
  region size 2048K, 6 young (12288K), 6 survivors (12288K)
 Metaspace       used 87368K, committed 88448K, reserved 1179648K
  class space    used 9814K, committed 10304K, reserved 1048576K
}
Event: 45.811 GC heap before
{Heap before GC invocations=79 (full 0):
 garbage-first heap   total 385024K, used 347382K [0x0000000703e00000, 0x0000000800000000)
  region size 2048K, 112 young (229376K), 6 survivors (12288K)
 Metaspace       used 87369K, committed 88448K, reserved 1179648K
  class space    used 9814K, committed 10304K, reserved 1048576K
}
Event: 45.818 GC heap after
{Heap after GC invocations=80 (full 0):
 garbage-first heap   total 385024K, used 131475K [0x0000000703e00000, 0x0000000800000000)
  region size 2048K, 6 young (12288K), 6 survivors (12288K)
 Metaspace       used 87369K, committed 88448K, reserved 1179648K
  class space    used 9814K, committed 10304K, reserved 1048576K
}
Event: 46.256 GC heap before
{Heap before GC invocations=81 (full 0):
 garbage-first heap   total 385024K, used 348563K [0x0000000703e00000, 0x0000000800000000)
  region size 2048K, 112 young (229376K), 6 survivors (12288K)
 Metaspace       used 87392K, committed 88448K, reserved 1179648K
  class space    used 9814K, committed 10304K, reserved 1048576K
}
Event: 46.263 GC heap after
{Heap after GC invocations=82 (full 0):
 garbage-first heap   total 385024K, used 131092K [0x0000000703e00000, 0x0000000800000000)
  region size 2048K, 5 young (10240K), 5 survivors (10240K)
 Metaspace       used 87392K, committed 88448K, reserved 1179648K
  class space    used 9814K, committed 10304K, reserved 1048576K
}
Event: 46.596 GC heap before
{Heap before GC invocations=82 (full 0):
 garbage-first heap   total 385024K, used 350228K [0x0000000703e00000, 0x0000000800000000)
  region size 2048K, 112 young (229376K), 5 survivors (10240K)
 Metaspace       used 87415K, committed 88448K, reserved 1179648K
  class space    used 9814K, committed 10304K, reserved 1048576K
}
Event: 46.603 GC heap after
{Heap after GC invocations=83 (full 0):
 garbage-first heap   total 385024K, used 133998K [0x0000000703e00000, 0x0000000800000000)
  region size 2048K, 7 young (14336K), 7 survivors (14336K)
 Metaspace       used 87415K, committed 88448K, reserved 1179648K
  class space    used 9814K, committed 10304K, reserved 1048576K
}
Event: 47.955 GC heap before
{Heap before GC invocations=84 (full 0):
 garbage-first heap   total 385024K, used 346990K [0x0000000703e00000, 0x0000000800000000)
  region size 2048K, 111 young (227328K), 7 survivors (14336K)
 Metaspace       used 88028K, committed 89152K, reserved 1179648K
  class space    used 9859K, committed 10368K, reserved 1048576K
}
Event: 47.963 GC heap after
{Heap after GC invocations=85 (full 0):
 garbage-first heap   total 385024K, used 136476K [0x0000000703e00000, 0x0000000800000000)
  region size 2048K, 7 young (14336K), 7 survivors (14336K)
 Metaspace       used 88028K, committed 89152K, reserved 1179648K
  class space    used 9859K, committed 10368K, reserved 1048576K
}
Event: 49.184 GC heap before
{Heap before GC invocations=85 (full 0):
 garbage-first heap   total 385024K, used 349468K [0x0000000703e00000, 0x0000000800000000)
  region size 2048K, 111 young (227328K), 7 survivors (14336K)
 Metaspace       used 88176K, committed 89280K, reserved 1179648K
  class space    used 9861K, committed 10368K, reserved 1048576K
}
Event: 49.194 GC heap after
{Heap after GC invocations=86 (full 0):
 garbage-first heap   total 385024K, used 137524K [0x0000000703e00000, 0x0000000800000000)
  region size 2048K, 8 young (16384K), 8 survivors (16384K)
 Metaspace       used 88176K, committed 89280K, reserved 1179648K
  class space    used 9861K, committed 10368K, reserved 1048576K
}
Event: 49.806 GC heap before
{Heap before GC invocations=87 (full 0):
 garbage-first heap   total 385024K, used 346420K [0x0000000703e00000, 0x0000000800000000)
  region size 2048K, 110 young (225280K), 8 survivors (16384K)
 Metaspace       used 88181K, committed 89280K, reserved 1179648K
  class space    used 9861K, committed 10368K, reserved 1048576K
}
Event: 49.846 GC heap after
{Heap after GC invocations=88 (full 0):
 garbage-first heap   total 385024K, used 141408K [0x0000000703e00000, 0x0000000800000000)
  region size 2048K, 10 young (20480K), 10 survivors (20480K)
 Metaspace       used 88181K, committed 89280K, reserved 1179648K
  class space    used 9861K, committed 10368K, reserved 1048576K
}
Event: 51.214 GC heap before
{Heap before GC invocations=88 (full 0):
 garbage-first heap   total 385024K, used 342112K [0x0000000703e00000, 0x0000000800000000)
  region size 2048K, 108 young (221184K), 10 survivors (20480K)
 Metaspace       used 88273K, committed 89344K, reserved 1179648K
  class space    used 9870K, committed 10368K, reserved 1048576K
}

Dll operation events (19 events):
Event: 0.025 Loaded shared library C:\Program Files\STMicroelectronics\STM32Cube\STM32CubeMX\jre\bin\java.dll
Event: 0.223 Loaded shared library C:\Program Files\STMicroelectronics\STM32Cube\STM32CubeMX\jre\bin\jsvml.dll
Event: 0.462 Loaded shared library C:\Program Files\STMicroelectronics\STM32Cube\STM32CubeMX\jre\bin\net.dll
Event: 0.471 Loaded shared library C:\Program Files\STMicroelectronics\STM32Cube\STM32CubeMX\jre\bin\nio.dll
Event: 0.575 Loaded shared library C:\Program Files\STMicroelectronics\STM32Cube\STM32CubeMX\jre\bin\zip.dll
Event: 0.703 Loaded shared library C:\Program Files\STMicroelectronics\STM32Cube\STM32CubeMX\jre\bin\jimage.dll
Event: 1.183 Loaded shared library C:\Program Files\STMicroelectronics\STM32Cube\STM32CubeMX\jre\bin\management.dll
Event: 1.201 Loaded shared library C:\Program Files\STMicroelectronics\STM32Cube\STM32CubeMX\jre\bin\management_ext.dll
Event: 2.518 Loaded shared library C:\Program Files\STMicroelectronics\STM32Cube\STM32CubeMX\jre\bin\awt.dll
Event: 3.866 Loaded shared library C:\Program Files\STMicroelectronics\STM32Cube\STM32CubeMX\jre\bin\freetype.dll
Event: 3.876 Loaded shared library C:\Program Files\STMicroelectronics\STM32Cube\STM32CubeMX\jre\bin\fontmanager.dll
Event: 4.198 Loaded shared library C:\Program Files\STMicroelectronics\STM32Cube\STM32CubeMX\jre\bin\verify.dll
Event: 4.409 Loaded shared library C:\Program Files\STMicroelectronics\STM32Cube\STM32CubeMX\jre\bin\prefs.dll
Event: 4.606 Loaded shared library C:\Users\gilbe\AppData\Local\Temp\jna-98357645\jna10088655885396063606.dll
Event: 13.006 Loaded shared library C:\Program Files\STMicroelectronics\STM32Cube\STM32CubeMX\jre\bin\sunmscapi.dll
Event: 13.576 Loaded shared library C:\Program Files\STMicroelectronics\STM32Cube\STM32CubeMX\jre\bin\extnet.dll
Event: 14.517 Loaded shared library C:\Program Files\STMicroelectronics\STM32Cube\STM32CubeMX\jre\bin\javajpeg.dll
Event: 23.121 Loaded shared library C:\Users\gilbe\.stm32cubemx\.jxbrowser-8.11.0\Chromium\toolkit64.dll
Event: 24.637 Loaded shared library C:\Users\gilbe\.stm32cubemx\.jxbrowser-8.11.0\Chromium\ipc64.dll

Deoptimization events (20 events):
Event: 49.150 Thread 0x000002015dbec690 Uncommon trap: trap_request=0xffffffde fr.pc=0x000002014945bc84 relative=0x00000000000004a4
Event: 49.150 Thread 0x000002015dbec690 Uncommon trap: reason=class_check action=maybe_recompile pc=0x000002014945bc84 method=java.util.regex.Pattern$BnM.match(Ljava/util/regex/Matcher;ILjava/lang/CharSequence;)Z @ 111 c2
Event: 49.150 Thread 0x000002015dbec690 DEOPT PACKING pc=0x000002014945bc84 sp=0x000000b87d4fe4c0
Event: 49.150 Thread 0x000002015dbec690 DEOPT UNPACKING pc=0x00000201489a7da2 sp=0x000000b87d4fe430 mode 2
Event: 49.343 Thread 0x000002015dbec690 Uncommon trap: trap_request=0xffffff45 fr.pc=0x00000201493e6ef0 relative=0x0000000000000df0
Event: 49.343 Thread 0x000002015dbec690 Uncommon trap: reason=unstable_if action=reinterpret pc=0x00000201493e6ef0 method=java.lang.StringLatin1.replace([BI[BI[BI)Ljava/lang/String; @ 82 c2
Event: 49.344 Thread 0x000002015dbec690 DEOPT PACKING pc=0x00000201493e6ef0 sp=0x000000b87d4fe930
Event: 49.344 Thread 0x000002015dbec690 DEOPT UNPACKING pc=0x00000201489a7da2 sp=0x000000b87d4fe880 mode 2
Event: 49.361 Thread 0x000002015dbec690 DEOPT PACKING pc=0x00000201416b70fe sp=0x000000b87d4fe5c0
Event: 49.361 Thread 0x000002015dbec690 DEOPT UNPACKING pc=0x00000201489a88e2 sp=0x000000b87d4fda80 mode 0
Event: 49.396 Thread 0x000002015dbec690 DEOPT PACKING pc=0x00000201416b703b sp=0x000000b87d4fe6c0
Event: 49.396 Thread 0x000002015dbec690 DEOPT UNPACKING pc=0x00000201489a88e2 sp=0x000000b87d4fdb80 mode 0
Event: 49.398 Thread 0x000002015dbec690 DEOPT PACKING pc=0x00000201416b703b sp=0x000000b87d4fe7b0
Event: 49.398 Thread 0x000002015dbec690 DEOPT UNPACKING pc=0x00000201489a88e2 sp=0x000000b87d4fdc70 mode 0
Event: 50.208 Thread 0x000002015dbec690 Uncommon trap: trap_request=0xffffff45 fr.pc=0x0000020149464f78 relative=0x00000000000057f8
Event: 50.208 Thread 0x000002015dbec690 Uncommon trap: reason=unstable_if action=reinterpret pc=0x0000020149464f78 method=com.st.microxplorer.mcu.IP.getParameter(Ljava/lang/String;Ljava/lang/String;)Lcom/st/microxplorer/mcu/RefParameter; @ 448 c2
Event: 50.208 Thread 0x000002015dbec690 DEOPT PACKING pc=0x0000020149464f78 sp=0x000000b87d4fe3d0
Event: 50.208 Thread 0x000002015dbec690 DEOPT UNPACKING pc=0x00000201489a7da2 sp=0x000000b87d4fe3d0 mode 2
Event: 51.195 Thread 0x000002015dbec690 DEOPT PACKING pc=0x0000020141a7626e sp=0x000000b87d4fd9d0
Event: 51.195 Thread 0x000002015dbec690 DEOPT UNPACKING pc=0x00000201489a88e2 sp=0x000000b87d4fcf50 mode 0

Classes loaded (20 events):
Event: 25.401 Loading class java/util/concurrent/Semaphore$Sync done
Event: 25.401 Loading class java/util/concurrent/Semaphore$NonfairSync done
Event: 25.640 Loading class java/util/AbstractList$RandomAccessSubList
Event: 25.641 Loading class java/util/AbstractList$SubList
Event: 25.641 Loading class java/util/AbstractList$SubList done
Event: 25.641 Loading class java/util/AbstractList$RandomAccessSubList done
Event: 25.960 Loading class java/util/concurrent/RejectedExecutionException
Event: 25.960 Loading class java/util/concurrent/RejectedExecutionException done
Event: 25.962 Loading class java/util/concurrent/Executors$AutoShutdownDelegatedExecutorService
Event: 25.962 Loading class java/util/concurrent/Executors$DelegatedExecutorService
Event: 25.962 Loading class java/util/concurrent/Executors$DelegatedExecutorService done
Event: 25.962 Loading class java/util/concurrent/Executors$AutoShutdownDelegatedExecutorService done
Event: 27.180 Loading class java/security/CodeSigner
Event: 27.180 Loading class java/security/CodeSigner done
Event: 46.986 Loading class java/util/regex/Pattern$Bound
Event: 46.987 Loading class java/util/regex/Pattern$Bound done
Event: 46.987 Loading class java/util/regex/Pattern$Neg
Event: 46.987 Loading class java/util/regex/Pattern$Neg done
Event: 47.389 Loading class jdk/internal/math/FloatingDecimal$HexFloatPattern
Event: 47.389 Loading class jdk/internal/math/FloatingDecimal$HexFloatPattern done

Classes unloaded (0 events):
No events

Classes redefined (0 events):
No events

Internal exceptions (20 events):
Event: 23.458 Thread 0x000002015dbec000 Exception <a 'java/lang/NoSuchMethodError'{0x000000070f9af1d0}: 'java.lang.Object java.lang.invoke.DirectMethodHandle$Holder.newInvokeSpecial(java.lang.Object, long)'> (0x000000070f9af1d0) 
thrown [s\src\hotspot\share\interpreter\linkResolver.cpp, line 773]
Event: 23.461 Thread 0x000002015dbec000 Exception <a 'java/lang/NoSuchMethodError'{0x000000070f9b4e48}: 'java.lang.Object java.lang.invoke.DirectMethodHandle$Holder.invokeStatic(java.lang.Object, long, java.lang.Object)'> (0x000000070f9b4e48) 
thrown [s\src\hotspot\share\interpreter\linkResolver.cpp, line 773]
Event: 23.461 Thread 0x000002015dbec000 Exception <a 'java/lang/NoSuchMethodError'{0x000000070f9b8200}: 'java.lang.Object java.lang.invoke.DirectMethodHandle$Holder.invokeStaticInit(java.lang.Object, long, java.lang.Object)'> (0x000000070f9b8200) 
thrown [s\src\hotspot\share\interpreter\linkResolver.cpp, line 773]
Event: 25.190 Thread 0x000002015dbee0d0 Exception <a 'java/lang/NoSuchMethodError'{0x000000070c275140}: 'int java.lang.invoke.DirectMethodHandle$Holder.invokeVirtual(java.lang.Object, java.lang.Object, java.lang.Object)'> (0x000000070c275140) 
thrown [s\src\hotspot\share\interpreter\linkResolver.cpp, line 773]
Event: 25.642 Thread 0x000002015dbee0d0 Implicit null exception at 0x00000201490e1df7 to 0x00000201490e2068
Event: 25.677 Thread 0x000002015dbee0d0 Exception <a 'java/io/IOException'{0x000000070fd6fd68}> (0x000000070fd6fd68) 
thrown [s\src\hotspot\share\prims\jni.cpp, line 520]
Event: 25.677 Thread 0x000002015dbee0d0 Exception <a 'java/io/IOException'{0x000000070fd70328}> (0x000000070fd70328) 
thrown [s\src\hotspot\share\prims\jni.cpp, line 520]
Event: 27.507 Thread 0x000002015dbee0d0 Exception <a 'java/io/IOException'{0x000000070c8f9380}> (0x000000070c8f9380) 
thrown [s\src\hotspot\share\prims\jni.cpp, line 520]
Event: 27.507 Thread 0x000002015dbee0d0 Exception <a 'java/io/IOException'{0x000000070c8f9940}> (0x000000070c8f9940) 
thrown [s\src\hotspot\share\prims\jni.cpp, line 520]
Event: 27.508 Thread 0x000002015dbee0d0 Exception <a 'java/io/IOException'{0x000000070c8fabc0}> (0x000000070c8fabc0) 
thrown [s\src\hotspot\share\prims\jni.cpp, line 520]
Event: 27.508 Thread 0x000002015dbee0d0 Exception <a 'java/io/IOException'{0x000000070c8fb180}> (0x000000070c8fb180) 
thrown [s\src\hotspot\share\prims\jni.cpp, line 520]
Event: 27.539 Thread 0x000002015dbee0d0 Exception <a 'java/io/IOException'{0x000000070c971b58}> (0x000000070c971b58) 
thrown [s\src\hotspot\share\prims\jni.cpp, line 520]
Event: 27.539 Thread 0x000002015dbee0d0 Exception <a 'java/io/IOException'{0x000000070c972118}> (0x000000070c972118) 
thrown [s\src\hotspot\share\prims\jni.cpp, line 520]
Event: 27.543 Thread 0x000002015dbee0d0 Exception <a 'java/io/IOException'{0x000000070c982ce0}> (0x000000070c982ce0) 
thrown [s\src\hotspot\share\prims\jni.cpp, line 520]
Event: 27.543 Thread 0x000002015dbee0d0 Exception <a 'java/io/IOException'{0x000000070c9832a0}> (0x000000070c9832a0) 
thrown [s\src\hotspot\share\prims\jni.cpp, line 520]
Event: 28.655 Thread 0x000002015ff98d50 Exception <a 'java/io/IOException'{0x000000070fd0c9e0}> (0x000000070fd0c9e0) 
thrown [s\src\hotspot\share\prims\jni.cpp, line 520]
Event: 28.655 Thread 0x000002015ff98d50 Exception <a 'java/io/IOException'{0x000000070fd0cfa0}> (0x000000070fd0cfa0) 
thrown [s\src\hotspot\share\prims\jni.cpp, line 520]
Event: 46.859 Thread 0x000002015dbec690 Exception <a 'java/io/IOException'{0x0000000715e09800}> (0x0000000715e09800) 
thrown [s\src\hotspot\share\prims\jni.cpp, line 520]
Event: 46.859 Thread 0x000002015dbec690 Exception <a 'java/io/IOException'{0x0000000715e09dc0}> (0x0000000715e09dc0) 
thrown [s\src\hotspot\share\prims\jni.cpp, line 520]
Event: 46.991 Thread 0x000002015dbec690 Implicit null exception at 0x00000201493ab532 to 0x00000201493afa38

ZGC Phase Switch (0 events):
No events

VM Operations (20 events):
Event: 46.892 Executing VM operation: HandshakeAllThreads (Deoptimize) done
Event: 46.905 Executing VM operation: HandshakeAllThreads (Deoptimize)
Event: 46.905 Executing VM operation: HandshakeAllThreads (Deoptimize) done
Event: 47.912 Executing VM operation: Cleanup
Event: 47.913 Executing VM operation: Cleanup done
Event: 47.955 Executing VM operation: G1CollectForAllocation (G1 Evacuation Pause)
Event: 47.963 Executing VM operation: G1CollectForAllocation (G1 Evacuation Pause) done
Event: 48.966 Executing VM operation: Cleanup
Event: 48.966 Executing VM operation: Cleanup done
Event: 49.184 Executing VM operation: G1CollectForAllocation (G1 Evacuation Pause)
Event: 49.194 Executing VM operation: G1CollectForAllocation (G1 Evacuation Pause) done
Event: 49.306 Executing VM operation: G1PauseRemark
Event: 49.312 Executing VM operation: G1PauseRemark done
Event: 49.345 Executing VM operation: G1PauseCleanup
Event: 49.356 Executing VM operation: G1PauseCleanup done
Event: 49.806 Executing VM operation: G1CollectForAllocation (G1 Evacuation Pause)
Event: 49.846 Executing VM operation: G1CollectForAllocation (G1 Evacuation Pause) done
Event: 50.851 Executing VM operation: Cleanup
Event: 50.851 Executing VM operation: Cleanup done
Event: 51.214 Executing VM operation: G1CollectForAllocation (G1 Evacuation Pause)

Memory protections (0 events):
No events

Nmethod flushes (20 events):
Event: 43.278 Thread 0x00000201581078b0 flushing  nmethod 0x0000020141c8ce90
Event: 43.278 Thread 0x00000201581078b0 flushing  nmethod 0x000002014225b690
Event: 43.278 Thread 0x00000201581078b0 flushing  nmethod 0x0000020141cceb90
Event: 43.278 Thread 0x00000201581078b0 flushing  nmethod 0x00000201420bb590
Event: 43.895 Thread 0x00000201581078b0 flushing  nmethod 0x000002014223d190
Event: 44.356 Thread 0x00000201581078b0 flushing  nmethod 0x00000201421d0890
Event: 44.356 Thread 0x00000201581078b0 flushing  nmethod 0x0000020141ae2c10
Event: 45.120 Thread 0x00000201581078b0 flushing  nmethod 0x00000201420d7d10
Event: 45.120 Thread 0x00000201581078b0 flushing  nmethod 0x0000020142206010
Event: 45.926 Thread 0x00000201581078b0 flushing  nmethod 0x0000020141fd0390
Event: 45.926 Thread 0x00000201581078b0 flushing  nmethod 0x0000020142090790
Event: 45.926 Thread 0x00000201581078b0 flushing  nmethod 0x0000020141de0210
Event: 45.926 Thread 0x00000201581078b0 flushing  nmethod 0x0000020142231310
Event: 46.716 Thread 0x00000201581078b0 flushing  nmethod 0x000002014220fb10
Event: 49.312 Thread 0x00000201581078b0 flushing  nmethod 0x00000201421a6d90
Event: 49.312 Thread 0x00000201581078b0 flushing  nmethod 0x0000020149414c90
Event: 49.312 Thread 0x00000201581078b0 flushing  nmethod 0x0000020141883710
Event: 49.312 Thread 0x00000201581078b0 flushing  nmethod 0x0000020142225090
Event: 49.312 Thread 0x00000201581078b0 flushing  nmethod 0x000002014222b790
Event: 49.312 Thread 0x00000201581078b0 flushing  nmethod 0x0000020141f96c10

Events (20 events):
Event: 46.765 Thread 0x00000201611ebb80 Thread exited: 0x00000201611ebb80
Event: 46.765 Thread 0x000002015dbec690 Thread added: 0x000002015ff859f0
Event: 46.765 Thread 0x000002015ff859f0 Thread exited: 0x000002015ff859f0
Event: 46.765 Thread 0x000002015dbec690 Thread added: 0x000002015ff84640
Event: 46.766 Thread 0x000002015dbec690 Thread added: 0x000002015ff84cd0
Event: 46.766 Thread 0x000002015ff84640 Thread exited: 0x000002015ff84640
Event: 46.767 Thread 0x000002015ff84cd0 Thread exited: 0x000002015ff84cd0
Event: 46.771 Thread 0x000002015dbec690 Thread added: 0x000002016184e440
Event: 46.773 Thread 0x000002016184e440 Thread exited: 0x000002016184e440
Event: 46.774 Thread 0x000002015dbec690 Thread added: 0x000002016184ddb0
Event: 46.774 Thread 0x000002016184ddb0 Thread exited: 0x000002016184ddb0
Event: 46.795 Thread 0x000002015dbec690 Thread added: 0x000002015ff859f0
Event: 46.796 Thread 0x000002015dbec690 Thread added: 0x000002015ff84640
Event: 46.796 Thread 0x000002015ff859f0 Thread exited: 0x000002015ff859f0
Event: 46.796 Thread 0x000002015ff84640 Thread exited: 0x000002015ff84640
Event: 47.010 Thread 0x00000201581ebc00 Thread added: 0x000002016332dd80
Event: 47.017 Thread 0x00000201581ebc00 Thread added: 0x000002016332eb20
Event: 48.081 Thread 0x000002016332eb20 Thread exited: 0x000002016332eb20
Event: 50.384 Thread 0x000002016332dd80 Thread exited: 0x000002016332dd80
Event: 51.202 Thread 0x00000201581ebc00 Thread added: 0x000002016332f1f0


Dynamic libraries:
0x00007ff7d0dd0000 - 0x00007ff7d0dde000 	C:\Program Files\STMicroelectronics\STM32Cube\STM32CubeMX\jre\bin\javaw.exe
0x00007fffda900000 - 0x00007fffdab67000 	C:\WINDOWS\SYSTEM32\ntdll.dll
0x00007fffd93c0000 - 0x00007fffd9489000 	C:\WINDOWS\System32\KERNEL32.DLL
0x00007fffd7330000 - 0x00007fffd7727000 	C:\WINDOWS\System32\KERNELBASE.dll
0x00007fffd43a0000 - 0x00007fffd4440000 	C:\WINDOWS\SYSTEM32\apphelp.dll
0x00007fffd7930000 - 0x00007fffd7a7b000 	C:\WINDOWS\System32\ucrtbase.dll
0x00007fffba9c0000 - 0x00007fffba9d8000 	C:\Program Files\STMicroelectronics\STM32Cube\STM32CubeMX\jre\bin\jli.dll
0x00007fffd9d40000 - 0x00007fffd9f06000 	C:\WINDOWS\System32\USER32.dll
0x00007fffd8650000 - 0x00007fffd8677000 	C:\WINDOWS\System32\win32u.dll
0x00007fffd9490000 - 0x00007fffd94bb000 	C:\WINDOWS\System32\GDI32.dll
0x00007fffd82f0000 - 0x00007fffd841c000 	C:\WINDOWS\System32\gdi32full.dll
0x00007fffd7730000 - 0x00007fffd77d3000 	C:\WINDOWS\System32\msvcp_win.dll
0x00007fffb75c0000 - 0x00007fffb75de000 	C:\Program Files\STMicroelectronics\STM32Cube\STM32CubeMX\jre\bin\VCRUNTIME140.dll
0x00007fffb8040000 - 0x00007fffb82d2000 	C:\WINDOWS\WinSxS\amd64_microsoft.windows.common-controls_6595b64144ccf1df_6.0.26100.8328_none_3e08182ce334b678\COMCTL32.dll
0x00007fffda810000 - 0x00007fffda8b9000 	C:\WINDOWS\System32\msvcrt.dll
0x00007fffd9960000 - 0x00007fffd9992000 	C:\WINDOWS\System32\IMM32.DLL
0x00007fffb8330000 - 0x00007fffb848c000 	C:\Program Files (x86)\Citrix\ICA Client\ctxapclient64.dll
0x00007fffd99a0000 - 0x00007fffd9d23000 	C:\WINDOWS\System32\combase.dll
0x00007fffd94c0000 - 0x00007fffd95d8000 	C:\WINDOWS\System32\RPCRT4.dll
0x00007fffc4c70000 - 0x00007fffc4c7b000 	C:\WINDOWS\SYSTEM32\VERSION.dll
0x00007fffd7220000 - 0x00007fffd724a000 	C:\WINDOWS\SYSTEM32\bcrypt.dll
0x00007fffda3b0000 - 0x00007fffda457000 	C:\WINDOWS\System32\sechost.dll
0x00007fffda6b0000 - 0x00007fffda766000 	C:\WINDOWS\System32\ADVAPI32.dll
0x00007fffd61e0000 - 0x00007fffd6216000 	C:\WINDOWS\SYSTEM32\ntmarta.dll
0x00007fffd85a0000 - 0x00007fffd8648000 	C:\WINDOWS\System32\bcryptprimitives.dll
0x00007fffd26d0000 - 0x00007fffd26dc000 	C:\Program Files\STMicroelectronics\STM32Cube\STM32CubeMX\jre\bin\vcruntime140_1.dll
0x00007fff5a5f0000 - 0x00007fff5a67d000 	C:\Program Files\STMicroelectronics\STM32Cube\STM32CubeMX\jre\bin\msvcp140.dll
0x00007ffeeede0000 - 0x00007ffeefb77000 	C:\Program Files\STMicroelectronics\STM32Cube\STM32CubeMX\jre\bin\server\jvm.dll
0x00007fffd9190000 - 0x00007fffd9210000 	C:\WINDOWS\System32\WS2_32.dll
0x00007fffd7190000 - 0x00007fffd71ee000 	C:\WINDOWS\SYSTEM32\POWRPROF.dll
0x00007fffb82e0000 - 0x00007fffb8316000 	C:\WINDOWS\SYSTEM32\WINMM.dll
0x00007fffd7170000 - 0x00007fffd7184000 	C:\WINDOWS\SYSTEM32\UMPDC.dll
0x00007fffd60c0000 - 0x00007fffd60db000 	C:\WINDOWS\SYSTEM32\kernel.appcore.dll
0x00007fffbac60000 - 0x00007fffbac6a000 	C:\Program Files\STMicroelectronics\STM32Cube\STM32CubeMX\jre\bin\jimage.dll
0x00007fffd5360000 - 0x00007fffd55a2000 	C:\WINDOWS\SYSTEM32\DBGHELP.DLL
0x00007fffd8930000 - 0x00007fffd8a09000 	C:\WINDOWS\System32\OLEAUT32.dll
0x00007fffa9490000 - 0x00007fffa94cb000 	C:\WINDOWS\SYSTEM32\dbgcore.DLL
0x00007fffa6510000 - 0x00007fffa652f000 	C:\Program Files\STMicroelectronics\STM32Cube\STM32CubeMX\jre\bin\java.dll
0x00007fffd8a10000 - 0x00007fffd917e000 	C:\WINDOWS\System32\SHELL32.dll
0x00007fffd7a80000 - 0x00007fffd82ec000 	C:\WINDOWS\System32\windows.storage.dll
0x00007fffd8800000 - 0x00007fffd88f6000 	C:\WINDOWS\System32\SHCORE.dll
0x00007fffd9340000 - 0x00007fffd93a6000 	C:\WINDOWS\System32\shlwapi.dll
0x00007fffd7250000 - 0x00007fffd7279000 	C:\WINDOWS\SYSTEM32\profapi.dll
0x00007fff59f60000 - 0x00007fff5a037000 	C:\Program Files\STMicroelectronics\STM32Cube\STM32CubeMX\jre\bin\jsvml.dll
0x00007fffba9b0000 - 0x00007fffba9c0000 	C:\Program Files\STMicroelectronics\STM32Cube\STM32CubeMX\jre\bin\net.dll
0x00007fffcba00000 - 0x00007fffcbb29000 	C:\WINDOWS\SYSTEM32\WINHTTP.dll
0x00007fffd6630000 - 0x00007fffd669c000 	C:\WINDOWS\system32\mswsock.dll
0x00007fff9c190000 - 0x00007fff9c1a6000 	C:\Program Files\STMicroelectronics\STM32Cube\STM32CubeMX\jre\bin\nio.dll
0x00007fff9c140000 - 0x00007fff9c158000 	C:\Program Files\STMicroelectronics\STM32Cube\STM32CubeMX\jre\bin\zip.dll
0x00007fffb7c50000 - 0x00007fffb7c5a000 	C:\Program Files\STMicroelectronics\STM32Cube\STM32CubeMX\jre\bin\management.dll
0x00007fffb7560000 - 0x00007fffb756b000 	C:\Program Files\STMicroelectronics\STM32Cube\STM32CubeMX\jre\bin\management_ext.dll
0x00007fffd93b0000 - 0x00007fffd93b8000 	C:\WINDOWS\System32\PSAPI.DLL
0x00007fffa2c70000 - 0x00007fffa2c88000 	C:\WINDOWS\system32\napinsp.dll
0x00007fffd5c20000 - 0x00007fffd5d52000 	C:\WINDOWS\SYSTEM32\DNSAPI.dll
0x00007fffd5be0000 - 0x00007fffd5c12000 	C:\WINDOWS\SYSTEM32\IPHLPAPI.DLL
0x00007fffd9d30000 - 0x00007fffd9d3a000 	C:\WINDOWS\System32\NSI.dll
0x00007fffa2c90000 - 0x00007fffa2ca3000 	C:\WINDOWS\System32\winrnr.dll
0x00007fffa2cb0000 - 0x00007fffa2cd2000 	C:\WINDOWS\system32\nlansp_c.dll
0x00007fffc75b0000 - 0x00007fffc75c6000 	C:\WINDOWS\system32\wshbth.dll
0x00007fffcd570000 - 0x00007fffcd57b000 	C:\Windows\System32\rasadhlp.dll
0x00007fffd08a0000 - 0x00007fffd0926000 	C:\WINDOWS\System32\fwpuclnt.dll
0x00007fff33b40000 - 0x00007fff33cce000 	C:\Program Files\STMicroelectronics\STM32Cube\STM32CubeMX\jre\bin\awt.dll
0x00007fffd6910000 - 0x00007fffd692b000 	C:\WINDOWS\SYSTEM32\CRYPTSP.dll
0x00007fffd6020000 - 0x00007fffd6059000 	C:\WINDOWS\system32\rsaenh.dll
0x00007fffd66e0000 - 0x00007fffd6713000 	C:\WINDOWS\SYSTEM32\USERENV.dll
0x00007fffd6930000 - 0x00007fffd693c000 	C:\WINDOWS\SYSTEM32\CRYPTBASE.dll
0x00007fffd48a0000 - 0x00007fffd494a000 	C:\WINDOWS\system32\uxtheme.dll
0x000002015e1c0000 - 0x000002015e31c000 	C:\WINDOWS\System32\MSCTF.dll
0x00007fffd97c0000 - 0x00007fffd9957000 	C:\WINDOWS\System32\ole32.dll
0x00007fffd4b60000 - 0x00007fffd4b8f000 	C:\WINDOWS\system32\DWMAPI.DLL
0x00007fff8e120000 - 0x00007fff8e22f000 	C:\WINDOWS\system32\opengl32.dll
0x00007fff8f090000 - 0x00007fff8f0bd000 	C:\WINDOWS\SYSTEM32\GLU32.dll
0x00007fffd49a0000 - 0x00007fffd49e5000 	C:\WINDOWS\SYSTEM32\dxcore.dll
0x00007fff59970000 - 0x00007fff599f7000 	C:\Program Files\STMicroelectronics\STM32Cube\STM32CubeMX\jre\bin\freetype.dll
0x00007fff4e440000 - 0x00007fff4e52b000 	C:\Program Files\STMicroelectronics\STM32Cube\STM32CubeMX\jre\bin\fontmanager.dll
0x00007fffb74f0000 - 0x00007fffb7500000 	C:\Program Files\STMicroelectronics\STM32Cube\STM32CubeMX\jre\bin\verify.dll
0x00007fff9c100000 - 0x00007fff9c109000 	C:\Program Files\STMicroelectronics\STM32Cube\STM32CubeMX\jre\bin\prefs.dll
0x00007fff5a5a0000 - 0x00007fff5a5e1000 	C:\Users\gilbe\AppData\Local\Temp\jna-98357645\jna10088655885396063606.dll
0x00007fff9c0f0000 - 0x00007fff9c0fe000 	C:\Program Files\STMicroelectronics\STM32Cube\STM32CubeMX\jre\bin\sunmscapi.dll
0x00007fffd8420000 - 0x00007fffd8598000 	C:\WINDOWS\System32\CRYPT32.dll
0x00007fffd6b30000 - 0x00007fffd6b60000 	C:\WINDOWS\SYSTEM32\ncrypt.dll
0x00007fffd6ae0000 - 0x00007fffd6b1f000 	C:\WINDOWS\SYSTEM32\NTASN1.dll
0x00007fffd6980000 - 0x00007fffd6993000 	C:\WINDOWS\SYSTEM32\MSASN1.dll
0x00007fffd6f20000 - 0x00007fffd6f2a000 	C:\WINDOWS\SYSTEM32\DPAPI.dll
0x00007fffd66a0000 - 0x00007fffd66cf000 	C:\WINDOWS\SYSTEM32\gpapi.dll
0x00007fff9c0b0000 - 0x00007fff9c0b9000 	C:\Program Files\STMicroelectronics\STM32Cube\STM32CubeMX\jre\bin\extnet.dll
0x00007fff91700000 - 0x00007fff9172e000 	C:\Program Files\STMicroelectronics\STM32Cube\STM32CubeMX\jre\bin\javajpeg.dll
0x00007fffd9220000 - 0x00007fffd92ce000 	C:\WINDOWS\System32\clbcatq.dll
0x00007fffd2cd0000 - 0x00007fffd2efd000 	C:\WINDOWS\SYSTEM32\WindowsCodecs.dll
0x00007fff8d060000 - 0x00007fff8d0ba000 	C:\WINDOWS\system32\dataexchange.dll
0x00007fffcda60000 - 0x00007fffcdcad000 	C:\WINDOWS\system32\twinapi.appcore.dll
0x00007fffa95c0000 - 0x00007fffa9706000 	C:\WINDOWS\SYSTEM32\textinputframework.dll
0x00007fffabd10000 - 0x00007fffabd86000 	C:\WINDOWS\system32\Oleacc.dll
0x00007fffa1ef0000 - 0x00007fffa1f4e000 	C:\WINDOWS\system32\ApplicationTargetedFeatureDatabase.dll
0x00007fffd17f0000 - 0x00007fffd195a000 	C:\Windows\System32\WinTypes.dll
0x00007fff35a80000 - 0x00007fff35b79000 	C:\Users\gilbe\.stm32cubemx\.jxbrowser-8.11.0\Chromium\toolkit64.dll
0x00007fff214d0000 - 0x00007fff215c0000 	C:\Users\gilbe\.stm32cubemx\.jxbrowser-8.11.0\Chromium\ipc64.dll

JVMTI agents: none

dbghelp: loaded successfully - version: 4.0.5 - missing functions: none
symbol engine: initialized successfully - sym options: 0x614 - pdb path: .;C:\Program Files\STMicroelectronics\STM32Cube\STM32CubeMX\jre\bin;C:\WINDOWS\SYSTEM32;C:\WINDOWS\WinSxS\amd64_microsoft.windows.common-controls_6595b64144ccf1df_6.0.26100.8328_none_3e08182ce334b678;C:\Program Files (x86)\Citrix\ICA Client;C:\Program Files\STMicroelectronics\STM32Cube\STM32CubeMX\jre\bin\server;C:\Users\gilbe\AppData\Local\Temp\jna-98357645;C:\Users\gilbe\.stm32cubemx\.jxbrowser-8.11.0\Chromium

VM Arguments:
jvm_args: -Djavax.net.ssl.trustStoreType=WINDOWS-ROOT -Dsun.java2d.d3d=false --add-exports=java.desktop/sun.awt=ALL-UNNAMED --add-opens=java.desktop/java.awt=ALL-UNNAMED -Dfile.encoding=UTF8 
java_command: com.st.microxplorer.maingui.STM32CubeMX C:\Users\gilbe\OneDrive - The University of Manchester\40330. Team Project\Repository\Motor_Drive\Motor_Drive.ioc
java_class_path (initial): C:\Program Files\STMicroelectronics\STM32Cube\STM32CubeMX\STM32CubeMX.exe;anything
Launcher Type: SUN_STANDARD

[Global flags]
     intx CICompilerCount                          = 4                                         {product} {ergonomic}
     uint ConcGCThreads                            = 2                                         {product} {ergonomic}
     uint G1ConcRefinementThreads                  = 8                                         {product} {ergonomic}
   size_t G1HeapRegionSize                         = 2097152                                   {product} {ergonomic}
    uintx GCDrainStackTargetSize                   = 64                                        {product} {ergonomic}
   size_t InitialHeapSize                          = 266338304                                 {product} {ergonomic}
   size_t MarkStackSize                            = 4194304                                   {product} {ergonomic}
   size_t MaxHeapSize                              = 4229955584                                {product} {ergonomic}
   size_t MaxNewSize                               = 2537553920                                {product} {ergonomic}
   size_t MinHeapDeltaBytes                        = 2097152                                   {product} {ergonomic}
   size_t MinHeapSize                              = 8388608                                   {product} {ergonomic}
    uintx NonNMethodCodeHeapSize                   = 5839372                                {pd product} {ergonomic}
    uintx NonProfiledCodeHeapSize                  = 122909434                              {pd product} {ergonomic}
    uintx ProfiledCodeHeapSize                     = 122909434                              {pd product} {ergonomic}
    uintx ReservedCodeCacheSize                    = 251658240                              {pd product} {ergonomic}
     bool SegmentedCodeCache                       = true                                      {product} {ergonomic}
   size_t SoftMaxHeapSize                          = 4229955584                             {manageable} {ergonomic}
     bool UseCompressedOops                        = true                           {product lp64_product} {ergonomic}
     bool UseG1GC                                  = true                                      {product} {ergonomic}
     bool UseLargePagesIndividualAllocation        = false                                  {pd product} {ergonomic}

Logging:
Log output configuration:
 #0: stdout all=warning uptime,level,tags foldmultilines=false
 #1: stderr all=off uptime,level,tags foldmultilines=false

Environment Variables:
JAVA_HOME=C:\Program Files\Eclipse Adoptium\jdk-21.0.6.7-hotspot
PATH=C:\Program Files\STMicroelectronics\STM32Cube\STM32CubeMX\;C:\Python314\Scripts\;C:\Python314\;C:\Program Files\Eclipse Adoptium\jdk-21.0.6.7-hotspot\bin;C:\Program Files (x86)\NVIDIA Corporation\PhysX\Common;C:\Program Files\Common Files\Oracle\Java\javapath;C:\WINDOWS\system32;C:\WINDOWS;C:\WINDOWS\System32\Wbem;C:\WINDOWS\System32\WindowsPowerShell\v1.0\;C:\WINDOWS\System32\OpenSSH\;C:\Program Files\dotnet\;C:\Program Files (x86)\IVI Foundation\VISA\WinNT\Bin\;C:\Program Files\IVI Foundation\VISA\Win64\Bin\;C:\Program Files (x86)\National Instruments\Shared\LabVIEW CLI;C:\Program Files (x86)\IVI Foundation\IVI\Bin\;C:\Program Files\IVI Foundation\IVI\Bin\;C:\Program Files (x86)\IVI Foundation\VISA\WinNT\Bin;C:\Program Files\Microsoft SQL Server\Client SDK\ODBC\110\Tools\Binn\;C:\Program Files (x86)\Microsoft SQL Server\120\Tools\Binn\;C:\Program Files\Microsoft SQL Server\120\Tools\Binn\;C:\Program Files\Microsoft SQL Server\120\DTS\Binn\;C:\Program Files (x86)\Windows Kits\8.1\Windows Performance Toolkit\;C:\Program Files\Microchip\xc8\v2.40\bin;C:\ProgramData\chocolatey\bin;C:\Program Files\PuTTY\;C:\Program Files (x86)\STMicroelectronics\STM32 ST-LINK Utility\ST-LINK Utility;C:\Program Files\HP\HP One Agent;C:\Program Files\Git\cmd;C:\Program Files (x86)\HP\Common\HPDestPlgIn\;C:\Program Files\MATLAB\R2024b\bin;C:\Program Files\nodejs\;C:\texlive\2025\bin\windows;C:\WINDOWS\system32;C:\WINDOWS;C:\WINDOWS\System32\Wbem;C:\WINDOWS\System32\WindowsPowerShell\v1.0\;C:\WINDOWS\System32\OpenSSH\;C:\Program Files\CMake\bin;C:\Qt\6.11.0\mingw_64\bin;C:\Qt\Tools\mingw1310_64\bin;C:\Program Files\PowerToys\DSCModules\;C:\Program Files (x86)\Arm GNU Toolchain arm-none-eabi\14.2 rel1\bin;C:\Program Files (x86)\GNU Arm Embedded Toolchain\10 2021.10\bin;C:\Users\gilbe\AppData\Local\Microsoft\WindowsApps;C:\Users\gilbe\AppData\Local\Programs\Microsoft VS Code\bin;C:\Program Files\ADB\platform-tools;C:\MinGW\bin;C:\msys64\mingw64\bin;C:\Users\gilbe\AppData\Local\Microsoft\WinGet\Links;C:\Program Files (x86)\HP\Common\HPDestPlgIn\;C:\Users\gilbe\AppData\Roaming\npm;C:\Users\gilbe\Infineon\LauncherService;C:\Program Files\STMicroelectronics\STM32Cube\STM32CubeMX\.\jre\\bin
USERNAME=gilbe
OS=Windows_NT
PROCESSOR_IDENTIFIER=Intel64 Family 6 Model 140 Stepping 1, GenuineIntel
TMP=C:\Users\gilbe\AppData\Local\Temp
TEMP=C:\Users\gilbe\AppData\Local\Temp




Periodic native trim disabled

---------------  S Y S T E M  ---------------

OS:
 Windows 11 , 64 bit Build 26100 (10.0.26100.8328)
OS uptime: 0 days 3:29 hours
Hyper-V role detected

CPU: total 8 (initial active 8) (4 cores per cpu, 2 threads per core) family 6 model 140 stepping 1 microcode 0xa6, cx8, cmov, fxsr, ht, mmx, 3dnowpref, sse, sse2, sse3, ssse3, sse4.1, sse4.2, popcnt, lzcnt, tsc, tscinvbit, avx, avx2, aes, erms, clmul, bmi1, bmi2, adx, avx512f, avx512dq, avx512cd, avx512bw, avx512vl, sha, fma, vzeroupper, avx512_vpopcntdq, avx512_vpclmulqdq, avx512_vaes, avx512_vnni, clflush, clflushopt, clwb, avx512_vbmi2, avx512_vbmi, hv, rdtscp, rdpid, fsrm, gfni, avx512_bitalg, f16c, cet_ibt, cet_ss, avx512_ifma
Processor Information for the first 8 processors :
  Max Mhz: 2803, Current Mhz: 2803, Mhz Limit: 2803

Memory: 4k page, system-wide physical 16129M (1019M free)
TotalPageFile size 31752M (AvailPageFile size 90M)
current process WorkingSet (physical memory assigned to process): 606M, peak: 634M
current process commit charge ("private bytes"): 641M, peak: 744M

vm_info: OpenJDK 64-Bit Server VM (21.0.8+9-LTS) for windows-amd64 JRE (21.0.8+9-LTS), built on 2025-07-15T00:00:00Z by "admin" with MS VC++ 17.7 (VS2022)

END.
